nohup: ignoring input
Loaded video_detector_final.pt — Val AUC 0.9979522792022792
All parameters unfrozen for Phase 3

Scanning video data...
  Class balance: kept 42,302 fakes (capped at 2.0× real=21,151)
  Total: 5,000 videos — real=1,644  fake=3,356  ratio=2.04:1
Split : Train 4,002 | Dev 499 | Eval 499

=================================================================
  Sentinel Video — Phase 3 Adversarial Training
=================================================================
Device  : cud  Ep1 step 20/667 | loss 0.3357 (clean 0.0619  adv 0.6783  temp 0.0503)
  Ep1 s  Ep1 step 20/667 | loss 1.7772 (clean 1.0734  adv 1.7516  temp 0.0634)
  Ep1 step 40/667 | loss 1.2476 (clean 0.7051  adv 1.3450  temp 0.0906)
  Ep1 step 60/667 | loss 1.5250 (clean 1.1325  adv 0.9634  temp 0.1414)
  Ep1 step 80/667 | loss 0.8396 (clean 0.3403  adv 1.2412  temp 0.0575)
  Ep1 step 100/667 | loss 1.0660 (clean 0.6314  adv 1.0772  temp 0.0751)
  Ep1 step 120/667 | loss 1.5011 (clean 1.0384  adv 1.1440  temp 0.1018)
  Ep1 step 140/667 | loss 0.8855 (clean 0.7742  adv 0.2672  temp 0.0883)
  Ep1 step 160/667 | loss 0.6397 (clean 0.4661  adv 0.4207  temp 0.1069)
  Ep1 step 180/667 | loss 0.6341 (clean 0.4158  adv 0.5363  temp 0.0740)
  Ep1 step 200/667 | loss 0.4042 (clean 0.2104  adv 0.4790  temp 0.0459)
  Ep1 step 220/667 | loss 0.7001 (clean 0.4644  adv 0.5847  temp 0.0367)
  Ep1 step 240/667 | loss 0.3184 (clean 0.1300  adv 0.4592  temp 0.0948)
  Ep1 step 260/667 | loss 0.1377 (clean 0.0430  adv 0.2287  temp 0.0646)
  Ep1 step 280/667 | loss 0.2478 (clean 0.0719  adv 0.4327  temp 0.0566)
  Ep1 step 300/667 | loss 0.2549 (clean 0.1576  adv 0.2366  temp 0.0542)
  Ep1 step 320/667 | loss 0.1738 (clean 0.0579  adv 0.2825  temp 0.0584)
  Ep1 step 340/667 | loss 0.2375 (clean 0.1172  adv 0.2895  temp 0.0886)
  Ep1 step 360/667 | loss 0.2025 (clean 0.1130  adv 0.2151  temp 0.0701)
  Ep1 step 380/667 | loss 0.4478 (clean 0.2655  adv 0.4506  temp 0.0405)
  Ep1 step 400/667 | loss 0.1500 (clean 0.0965  adv 0.1284  temp 0.0431)
  Ep1 step 420/667 | loss 0.1056 (clean 0.0690  adv 0.0864  temp 0.0419)
  Ep1 step 440/667 | loss 0.1852 (clean 0.1228  adv 0.1486  temp 0.0589)
  Ep1 step 460/667 | loss 0.1400 (clean 0.0683  adv 0.1729  temp 0.0505)
  Ep1 step 480/667 | loss 0.1604 (clean 0.0886  adv 0.1731  temp 0.0519)
  Ep1 step 500/667 | loss 0.1157 (clean 0.0811  adv 0.0848  temp 0.0138)
  Ep1 step 520/667 | loss 0.0817 (clean 0.0450  adv 0.0859  temp 0.0462)
  Ep1 step 540/667 | loss 0.1050 (clean 0.0693  adv 0.0853  temp 0.0334)
  Ep1 step 560/667 | loss 0.1155 (clean 0.0730  adv 0.0969  temp 0.0734)
  Ep1 step 580/667 | loss 0.0929 (clean 0.0625  adv 0.0698  temp 0.0496)
  Ep1 step 600/667 | loss 0.1174 (clean 0.0747  adv 0.0999  temp 0.0539)
  Ep1 step 620/667 | loss 0.1354 (clean 0.0871  adv 0.1189  temp 0.0164)
  Ep1 step 640/667 | loss 0.1347 (clean 0.0832  adv 0.1214  temp 0.0599)
  Ep1 step 660/667 | loss 0.1382 (clean 0.0804  adv 0.1379  temp   Ep2 step 20/667 | loss 0.0495 (clean 0.0342  adv 0.0341  temp 0.0333)
  Ep2 step 40/667 | loss 0.1139 (clean 0.0735  adv 0.0935  temp 0.0606)
  Ep2 step 60/667 | loss 0.0612 (clean 0.0374  adv 0.0523  temp 0.0582)
  Ep2 step 80/667 | loss 0.0761 (clean 0.0486  adv 0.0567  temp 0.0974)
  Ep2 step 100/667 | loss 0.0948 (clean 0.0576  adv 0.0844  temp 0.0697)
  Ep2 step 120/667 | loss 0.1141 (clean 0.0798  adv 0.0806  temp 0.0429)
  Ep2 step 140/667 | loss 0.0385 (clean 0.0237  adv 0.0334  temp 0.0288)
  Ep2 step 160/667 | loss 0.1161 (clean 0.0777  adv 0.0929  temp 0.0236)
  Ep2 step 180/667 | loss 0.1259 (clean 0.0693  adv 0.1332  temp 0.0665)
  Ep2 step 200/667 | loss 0.0614 (clean 0.0323  adv 0.0619  temp 0.0878)
  Ep2 step 220/667 | loss 0.0758 (clean 0.0528  adv 0.0535  temp 0.0313)
  Ep2 step 240/667 | loss 0.0591 (clean 0.0382  adv 0.0472  temp 0.0394)
  Ep2 step 260/667 | loss 0.0944 (clean 0.0625  adv 0.0735  temp 0.0504)
  Ep2 step 280/667 | loss 0.1078 (clean 0.0734  adv 0.0782  temp 0.0618)
  Ep2 step 300/667 | loss 0.0544 (clean 0.0323  adv 0.0512  temp 0.0343)
  Ep2 step 320/667 | loss 0.0598 (clean 0.0355  adv 0.0511  temp 0.0790)
  Ep2 step 340/667 | loss 0.0637 (clean 0.0409  adv 0.0504  temp 0.0527)
  Ep2 step 360/667 | loss 0.0746 (clean 0.0491  adv 0.0573  temp 0.0518)
  Ep2 step 380/667 | loss 0.0375 (clean 0.0165  adv 0.0389  temp 0.1089)
  Ep2 step 400/667 | loss 0.0552 (clean 0.0307  adv 0.0560  temp 0.0415)
  Ep2 step 420/667 | loss 0.1385 (clean 0.0928  adv 0.1024  temp 0.0956)
  Ep2 step 440/667 | loss 0.0561 (clean 0.0375  adv 0.0435  temp 0.0236)
  Ep2 step 460/667 | loss 0.0688 (clean 0.0473  adv 0.0483  temp 0.0430)
  Ep2 step 480/667 | loss 0.2192 (clean 0.1697  adv 0.1165  temp 0.0590)
  Ep2 step 500/667 | loss 0.1124 (clean 0.0851  adv 0.0631  temp 0.0405)
  Ep2 step 520/667 | loss 0.1040 (clean 0.0661  adv 0.0854  temp 0.0742)
  Ep2 step 540/667 | loss 0.0598 (clean 0.0387  adv 0.0502  temp 0.0199)
  Ep2 step 560/667 | loss 0.0918 (clean 0.0572  adv 0.0788  temp 0.0615)
  Ep2 step 580/667 | loss 0.1459 (clean 0.0919  adv 0.1305  temp 0.0371)
  Ep2 step 600/667 | loss 0.1101 (clean 0.0776  adv 0.0717  temp 0.0765)
  Ep2 step 620/667 | loss 0.0541 (clean 0.0322  adv 0.0496  temp 0.0420)
  Ep2 step 640/667 | loss 0.0575 (clean 0.0387  adv 0.0418  temp 0.0408)
  Ep2 step 660/667 | loss 0.1316 (clean 0.0925  adv 0.0922  temp 0.0432)
Ep 02/5 | Loss 0.0833 | AUC 0.8145 | Acc 0.7074 | F1 0.7788  ✓ saved
  Ep3 step 20/667 | loss 0.0836 (clean 0.0615  adv 0.0495  temp 0.0465)
  Ep3 step 40/667 | loss 0.0488 (clean 0.0347  adv 0.0317  temp 0.0287)
  Ep3 step 60/667 | loss 0.0987 (clean 0.0533  adv 0.1061  temp 0.0598)
  Ep3 step 80/667 | loss 0.0504 (clean 0.0290  adv 0.0482  temp 0.0433)
  Ep3 step 100/667 | loss 0.1273 (clean 0.0595  adv 0.1600  temp 0.0748)
  Ep3 step 120/667 | loss 0.0966 (clean 0.0533  adv 0.1027  temp 0.0445)
  Ep3 step 140/667 | loss 0.1686 (clean 0.1193  adv 0.1188  temp 0.0353)
  Ep3 step 160/667 | loss 0.0822 (clean 0.0549  adv 0.0570  temp 0.0891)
  Ep3 step 180/667 | loss 0.0984 (clean 0.0597  adv 0.0936  temp 0.0255)
  Ep3 step 200/667 | loss 0.0489 (clean 0.0280  adv 0.0467  temp 0.0438)
  Ep3 step 220/667 | loss 0.0510 (clean 0.0352  adv 0.0358  temp 0.0291)
  Ep3 step 240/667 | loss 0.0488 (clean 0.0298  adv 0.0438  temp 0.0302)
  Ep3 step 260/667 | loss 0.1610 (clean 0.1227  adv 0.0873  temp 0.0670)
  Ep3 step 280/667 | loss 0.0661 (clean 0.0453  adv 0.0447  temp 0.0578)
  Ep3 step 300/667 | loss 0.1451 (clean 0.1001  adv 0.1083  temp 0.0351)
  Ep3 step 320/667 | loss 0.0483 (clean 0.0282  adv 0.0399  temp 0.0847)
  Ep3 step 340/667 | loss 0.0490 (clean 0.0283  adv 0.0488  temp 0.0237)
  Ep3 step 360/667 | loss 0.0680 (clean 0.0374  adv 0.0717  temp 0.0383)
  Ep3 step 380/667 | loss 0.0661 (clean 0.0429  adv 0.0561  temp 0.0145)
  Ep3 step 400/667 | loss 0.3113 (clean 0.2264  adv 0.2094  temp 0.0225)
  Ep3 step 420/667 | loss 0.1356 (clean 0.0884  adv 0.1097  temp 0.0669)
  Ep3 step 440/667 | loss 0.0541 (clean 0.0332  adv 0.0477  temp 0.0357)
  Ep3 step 460/667 | loss 0.1520 (clean 0.0987  adv 0.1273  temp 0.0476)
  Ep3 step 480/667 | loss 0.0579 (clean 0.0313  adv 0.0623  temp 0.0347)
  Ep3 step 500/667 | loss 0.1489 (clean 0.0761  adv 0.1725  temp 0.0759)
  Ep3 step 520/667 | loss 0.0774 (clean 0.0518  adv 0.0604  temp 0.0294)
  Ep3 step 540/667 | loss 0.0772 (clean 0.0388  adv 0.0911  temp 0.0382)
  Ep3 step 560/667 | loss 0.0813 (clean 0.0554  adv 0.0598  temp 0.0401)
  Ep3 step 580/667 | loss 0.0452 (clean 0.0250  adv 0.0442  temp 0.0497)
  Ep3 step 600/667 | loss 0.0513 (clean 0.0303  adv 0.0446  temp 0.0627)
  Ep3 step 620/667 | loss 0.0989 (clean 0.0417  adv 0.1383  temp 0.0375)
  Ep3 step 640/667 | loss 0.0704 (clean 0.0444  adv 0.0628  temp 0.0175)
  Ep3 step 660/667 | loss 0.0500 (clean 0.0400  adv 0.0186  temp 0.0512)
Ep 03/5 | Loss 0.0759 | AUC 0.8300 | Acc 0.7275 | F1 0.7952  ✓ saved
  Ep4 step 20/667 | loss 0.0574 (clean 0.0371  adv 0.0476  temp 0.0255)
  Ep4 step 40/667 | loss 0.0543 (clean 0.0396  adv 0.0352  temp 0.0120)
  Ep4 step 60/667 | loss 0.0547 (clean 0.0325  adv 0.0478  temp 0.0605)
  Ep4 step 80/667 | loss 0.2073 (clean 0.1394  adv 0.1602  temp 0.0770)
  Ep4 step 100/667 | loss 0.0643 (clean 0.0450  adv 0.0462  temp 0.0177)
  Ep4 step 120/667 | loss 0.0517 (clean 0.0328  adv 0.0439  temp 0.0258)
  Ep4 step 140/667 | loss 0.0551 (clean 0.0338  adv 0.0444  temp 0.0707)
  Ep4 step 160/667 | loss 0.0971 (clean 0.0687  adv 0.0666  temp 0.0361)
  Ep4 step 180/667 | loss 0.0589 (clean 0.0377  adv 0.0473  temp 0.0455)
  Ep4 step 200/667 | loss 0.0524 (clean 0.0346  adv 0.0397  temp 0.0380)
  Ep4 step 220/667 | loss 0.0759 (clean 0.0551  adv 0.0499  temp 0.0161)
  Ep4 step 240/667 | loss 0.0766 (clean 0.0442  adv 0.0787  temp 0.0195)
  Ep4 step 260/667 | loss 0.0548 (clean 0.0284  adv 0.0618  temp 0.0331)
  Ep4 step 280/667 | loss 0.0896 (clean 0.0564  adv 0.0736  temp 0.0749)
  Ep4 step 300/667 | loss 0.0564 (clean 0.0363  adv 0.0463  temp 0.0319)
  Ep4 step 320/667 | loss 0.0752 (clean 0.0509  adv 0.0555  temp 0.0410)
  Ep4 step 340/667 | loss 0.0520 (clean 0.0309  adv 0.0484  temp 0.0356)
  Ep4 step 360/667 | loss 0.0531 (clean 0.0285  adv 0.0552  temp 0.0517)
  Ep4 step 380/667 | loss 0.0623 (clean 0.0397  adv 0.0513  temp 0.0409)
  Ep4 step 400/667 | loss 0.0567 (clean 0.0392  adv 0.0405  temp 0.0261)
  Ep4 step 420/667 | loss 0.0487 (clean 0.0289  adv 0.0463  temp 0.0248)
  Ep4 step 440/667 | loss 0.0953 (clean 0.0649  adv 0.0711  temp 0.0393)
  Ep4 step 460/667 | loss 0.0921 (clean 0.0632  adv 0.0635  temp 0.0707)
  Ep4 step 480/667 | loss 0.0949 (clean 0.0535  adv 0.0975  temp 0.0469)
  Ep4 step 500/667 | loss 0.0687 (clean 0.0484  adv 0.0481  temp 0.0205)
  Ep4 step 520/667 | loss 0.0670 (clean 0.0426  adv 0.0561  temp 0.0406)
  Ep4 step 540/667 | loss 0.0507 (clean 0.0313  adv 0.0458  temp 0.0210)
  Ep4 step 560/667 | loss 0.0810 (clean 0.0552  adv 0.0621  temp 0.0199)
  Ep4 step 580/667 | loss 0.1977 (clean 0.1410  adv 0.1318  temp 0.0806)
  Ep4 step 600/667 | loss 0.0563 (clean 0.0374  adv 0.0459  temp 0.0123)
  Ep4 step 620/667 | loss 0.0979 (clean 0.0719  adv 0.0613  temp 0.0287)
  Ep4 step 640/667 | loss 0.0721 (clean 0.0431  adv 0.0669  temp 0.0443)
  Ep4 step 660/667 | loss 0.2252 (clean 0.1349  adv 0.2208  temp 0.0413)
Ep 04/5 | Loss 0.0717 | AUC 0.8403 | Acc 0.7535 | F1 0.8210  ✓ saved
  Ep5 step 20/667 | loss 0.0563 (clean 0.0368  adv 0.0449  temp 0.0311)
  Ep5 step 40/667 | loss 0.0489 (clean 0.0303  adv 0.0435  temp 0.0242)
  Ep5 step 60/667 | loss 0.0482 (clean 0.0301  adv 0.0394  temp 0.0479)
  Ep5 step 80/667 | loss 0.0691 (clean 0.0490  adv 0.0472  temp 0.0225)
  Ep5 step 100/667 | loss 0.0986 (clean 0.0475  adv 0.1223  temp 0.0443)
  Ep5 step 120/667 | loss 0.0448 (clean 0.0257  adv 0.0391  temp 0.0703)
  Ep5 step 140/667 | loss 0.0460 (clean 0.0281  adv 0.0410  temp 0.0295)
  Ep5 step 160/667 | loss 0.0749 (clean 0.0493  adv 0.0618  temp 0.0175)
  Ep5 step 180/667 | loss 0.0453 (clean 0.0309  adv 0.0306  temp 0.0438)
  Ep5 step 200/667 | loss 0.0649 (clean 0.0390  adv 0.0626  temp 0.0169)
  Ep5 step 220/667 | loss 0.0521 (clean 0.0356  adv 0.0369  temp 0.0358)
  Ep5 step 240/667 | loss 0.0516 (clean 0.0309  adv 0.0477  temp 0.0319)
  Ep5 step 260/667 | loss 0.0566 (clean 0.0327  adv 0.0556  temp 0.0344)
  Ep5 step 280/667 | loss 0.0750 (clean 0.0468  adv 0.0678  temp 0.0232)
  Ep5 step 300/667 | loss 0.1382 (clean 0.0848  adv 0.1263  temp 0.0575)
  Ep5 step 320/667 | loss 0.0427 (clean 0.0275  adv 0.0299  temp 0.0659)
  Ep5 step 340/667 | loss 0.1228 (clean 0.0834  adv 0.0943  temp 0.0327)
  Ep5 step 360/667 | loss 0.0567 (clean 0.0372  adv 0.0447  temp 0.0319)
  Ep5 step 380/667 | loss 0.0527 (clean 0.0333  adv 0.0434  temp 0.0411)
  Ep5 step 400/667 | loss 0.0823 (clean 0.0365  adv 0.1104  temp 0.0321)
  Ep5 step 420/667 | loss 0.0444 (clean 0.0268  adv 0.0424  temp 0.0139)
  Ep5 step 440/667 | loss 0.0832 (clean 0.0584  adv 0.0581  temp 0.0316)
  Ep5 step 460/667 | loss 0.0809 (clean 0.0523  adv 0.0701  temp 0.0106)
  Ep5 step 480/667 | loss 0.0401 (clean 0.0253  adv 0.0300  temp 0.0561)
  Ep5 step 500/667 | loss 0.0530 (clean 0.0232  adv 0.0697  temp 0.0378)
  Ep5 step 520/667 | loss 0.0640 (clean 0.0432  adv 0.0486  temp 0.0262)
  Ep5 step 540/667 | loss 0.0637 (clean 0.0428  adv 0.0476  temp 0.0378)
  Ep5 step 560/667 | loss 0.1118 (clean 0.0616  adv 0.1216  temp 0.0314)
  Ep5 step 580/667 | loss 0.0348 (clean 0.0210  adv 0.0285  temp 0.0489)
  Ep5 step 600/667 | loss 0.0415 (clean 0.0273  adv 0.0332  temp 0.0177)
  Ep5 step 620/667 | loss 0.0721 (clean 0.0467  adv 0.0617  temp 0.0135)
  Ep5 step 640/667 | loss 0.0471 (clean 0.0303  adv 0.0362  temp 0.0460)
  Ep5 step 660/667 | loss 0.0682 (clean 0.0440  adv 0.0559  temp 0.0367)
Ep 05/5 | Loss 0.0699 | AUC 0.8467 | Acc 0.7415 | F1 0.8054  ✓ saved

Best Phase 3 Dev AUC : 0.8467

=================================================================
  PHASE 3 VIDEO ROBUSTNESS EVALUATION
=================================================================
  Clean  — AUC 0.8297  Acc 0.7114  F1 0.7798
  FGSM   — AUC 0.3793  Acc 0.4409  F1 0.5550
  PGD-5  — AUC 0.0307  Acc 0.0962  F1 0.1410

Checkpoint : /home/rit/deepfake_project/video/checkpoints/video_detector_phase3.pt
Metrics    : /home/rit/deepfake_project/video/logs/phase3_video_metrics.json
Log        : /home/rit/deepfake_project/video/logs/phase3_video_log.csv
