nohup: ignoring input
/home/rit/miniconda/envs/ritaml/lib/python3.10/site-packages/timm/models/_factory.py:117: UserWarning: Mapping deprecated model name tf_efficientnet_b3_ns to current tf_efficientnet_b3.ns_jft_in1k.
  model = create_fn(
/home/rit/deepfake_project/video/scripts/train_video_detector.py:289: FutureWarning: `torch.cuda.amp.GradScaler(args...)` is deprecated. Please use `torch.amp.GradScaler('cuda', args...)` instead.
  scaler = GradScaler( enabled=amp_enabled)
Epoch 1/10:   0%|          | 0/778 [00:00<?, ?it/s]Epoch 1/10:   0%|          | 0/778 [00:00<?, ?it/s]
Traceback (most recent call last):
  File "/home/rit/deepfake_project/video/scripts/train_video_detector.py", line 400, in <module>
    main()
  File "/home/rit/deepfake_project/video/scripts/train_video_detector.py", line 301, in main
    for step, (x, y, _) in pbar:
  File "/home/rit/miniconda/envs/ritaml/lib/python3.10/site-packages/tqdm/std.py", line 1181, in __iter__
    for obj in iterable:
  File "/home/rit/miniconda/envs/ritaml/lib/python3.10/site-packages/torch/utils/data/dataloader.py", line 630, in __next__
    data = self._next_data()
  File "/home/rit/miniconda/envs/ritaml/lib/python3.10/site-packages/torch/utils/data/dataloader.py", line 1344, in _next_data
    return self._process_data(data)
  File "/home/rit/miniconda/envs/ritaml/lib/python3.10/site-packages/torch/utils/data/dataloader.py", line 1370, in _process_data
    data.reraise()
  File "/home/rit/miniconda/envs/ritaml/lib/python3.10/site-packages/torch/_utils.py", line 706, in reraise
    raise exception
KeyError: Caught KeyError in DataLoader worker process 0.
Original Traceback (most recent call last):
  File "/home/rit/.local/lib/python3.10/site-packages/pandas/core/indexes/base.py", line 3812, in get_loc
    return self._engine.get_loc(casted_key)
  File "pandas/_libs/index.pyx", line 167, in pandas._libs.index.IndexEngine.get_loc
  File "pandas/_libs/index.pyx", line 196, in pandas._libs.index.IndexEngine.get_loc
  File "pandas/_libs/hashtable_class_helper.pxi", line 7088, in pandas._libs.hashtable.PyObjectHashTable.get_item
  File "pandas/_libs/hashtable_class_helper.pxi", line 7096, in pandas._libs.hashtable.PyObjectHashTable.get_item
KeyError: 'source_dataset'

The above exception was the direct cause of the following exception:

Traceback (most recent call last):
  File "/home/rit/miniconda/envs/ritaml/lib/python3.10/site-packages/torch/utils/data/_utils/worker.py", line 309, in _worker_loop
    data = fetcher.fetch(index)  # type: ignore[possibly-undefined]
  File "/home/rit/miniconda/envs/ritaml/lib/python3.10/site-packages/torch/utils/data/_utils/fetch.py", line 52, in fetch
    data = [self.dataset[idx] for idx in possibly_batched_index]
  File "/home/rit/miniconda/envs/ritaml/lib/python3.10/site-packages/torch/utils/data/_utils/fetch.py", line 52, in <listcomp>
    data = [self.dataset[idx] for idx in possibly_batched_index]
  File "/home/rit/deepfake_project/video/scripts/train_video_detector.py", line 109, in __getitem__
    "source_dataset": str(row["source_dataset"]),
  File "/home/rit/.local/lib/python3.10/site-packages/pandas/core/series.py", line 1133, in __getitem__
    return self._get_value(key)
  File "/home/rit/.local/lib/python3.10/site-packages/pandas/core/series.py", line 1249, in _get_value
    loc = self.index.get_loc(label)
  File "/home/rit/.local/lib/python3.10/site-packages/pandas/core/indexes/base.py", line 3819, in get_loc
    raise KeyError(key) from err
KeyError: 'source_dataset'

