nohup: ignoring input
Loaded Phase 3 checkpoint — Dev AUC 0.9867  Dev Acc 0.9269
All 59 param groups unfrozen for Phase 3b

=================================================================
  AudioGuard RawNet3-FSAT — Phase 3b Hardened Adversarial Training
=================================================================
Device      : cuda  |  AMP: True
FGSM ε=0.006  PGD ε=0.012/7-step  F-SAT ε=0.015  adv_ratio=0.3  spec_weight=0.1

Scanning data (cap 80k)...
  for_dataset                                   real= 84,756  fake= 84,980
  realvsfake_voice                              real=     20  fake=     60
  wavefake                                      real= 13,100  fake=134,266
Mixed   : 80,000 total samples
Split   : Train 64,002 | Dev 7,999 | Eval 7,999

=================================================================
  Training
=================================================================
  Ep1 step 50/2667 | loss 0.1204 (clean 0.0435  adv 0.5110  spec 0.0027)
  Ep1 step 100/2667 | loss 0.1935 (clean 0.1037  adv 0.5971  spec 0.0031)
  Ep1 step 150/2667 | loss 0.1047 (clean 0.0071  adv 0.6471  spec 0.0054)
  Ep1 step 200/2667 | loss 0.1006 (clean 0.0414  adv 0.3925  spec 0.0031)
  Ep1 step 250/2667 | loss 0.2124 (clean 0.1014  adv 0.7371  spec 0.0035)
  Ep1 step 300/2667 | loss 0.1080 (clean 0.0182  adv 0.5958  spec 0.0045)
  Ep1 step 350/2667 | loss 0.0824 (clean 0.0285  adv 0.3574  spec 0.0027)
  Ep1 step 400/2667 | loss 0.1075 (clean 0.0647  adv 0.2836  spec 0.0026)
  Ep1 step 450/2667 | loss 0.1687 (clean 0.0623  adv 0.7068  spec 0.0039)
  Ep1 step 500/2667 | loss 0.1527 (clean 0.0506  adv 0.6778  spec 0.0038)
  Ep1 step 550/2667 | loss 0.1633 (clean 0.0755  adv 0.5826  spec 0.0037)
  Ep1 step 600/2667 | loss 0.1127 (clean 0.0308  adv 0.5438  spec 0.0038)
  Ep1 step 650/2667 | loss 0.0926 (clean 0.0419  adv 0.3364  spec 0.0025)
  Ep1 step 700/2667 | loss 0.0688 (clean 0.0181  adv 0.3349  spec 0.0043)
  Ep1 step 750/2667 | loss 0.0794 (clean 0.0204  adv 0.3910  spec 0.0034)
  Ep1 step 800/2667 | loss 0.1369 (clean 0.0475  adv 0.5942  spec 0.0030)
  Ep1 step 850/2667 | loss 0.0959 (clean 0.0236  adv 0.4794  spec 0.0035)
  Ep1 step 900/2667 | loss 0.0984 (clean 0.0179  adv 0.5347  spec 0.0030)
  Ep1 step 950/2667 | loss 0.1251 (clean 0.0396  adv 0.5675  spec 0.0034)
  Ep1 step 1000/2667 | loss 0.0755 (clean 0.0326  adv 0.2835  spec 0.0036)
  Ep1 step 1050/2667 | loss 0.0901 (clean 0.0178  adv 0.4798  spec 0.0029)
  Ep1 step 1100/2667 | loss 0.0516 (clean 0.0208  adv 0.2029  spec 0.0041)
  Ep1 step 1150/2667 | loss 0.1242 (clean 0.0426  adv 0.5414  spec 0.0044)
  Ep1 step 1200/2667 | loss 0.0775 (clean 0.0239  adv 0.3551  spec 0.0037)
  Ep1 step 1250/2667 | loss 0.1524 (clean 0.0931  adv 0.3922  spec 0.0043)
  Ep1 step 1300/2667 | loss 0.0389 (clean 0.0145  adv 0.1614  spec 0.0022)
  Ep1 step 1350/2667 | loss 0.1414 (clean 0.0960  adv 0.2996  spec 0.0053)
  Ep1 step 1400/2667 | loss 0.1319 (clean 0.0499  adv 0.5441  spec 0.0034)
  Ep1 step 1450/2667 | loss 0.1208 (clean 0.0616  adv 0.3932  spec 0.0030)
  Ep1 step 1500/2667 | loss 0.0744 (clean 0.0408  adv 0.2224  spec 0.0020)
  Ep1 step 1550/2667 | loss 0.2515 (clean 0.1118  adv 0.9284  spec 0.0045)
  Ep1 step 1600/2667 | loss 0.0470 (clean 0.0184  adv 0.1880  spec 0.0045)
  Ep1 step 1650/2667 | loss 0.1481 (clean 0.0452  adv 0.6839  spec 0.0037)
  Ep1 step 1700/2667 | loss 0.2628 (clean 0.1543  adv 0.7221  spec 0.0028)
  Ep1 step 1750/2667 | loss 0.0782 (clean 0.0131  adv 0.4318  spec 0.0028)
  Ep1 step 1800/2667 | loss 0.1095 (clean 0.0540  adv 0.3677  spec 0.0033)
  Ep1 step 1850/2667 | loss 0.0649 (clean 0.0246  adv 0.2662  spec 0.0034)
  Ep1 step 1900/2667 | loss 0.0539 (clean 0.0276  adv 0.1733  spec 0.0029)
  Ep1 step 1950/2667 | loss 0.0681 (clean 0.0094  adv 0.3887  spec 0.0034)
  Ep1 step 2000/2667 | loss 0.0675 (clean 0.0202  adv 0.3135  spec 0.0029)
  Ep1 step 2050/2667 | loss 0.0769 (clean 0.0294  adv 0.3148  spec 0.0030)
  Ep1 step 2100/2667 | loss 0.0745 (clean 0.0395  adv 0.2306  spec 0.0036)
  Ep1 step 2150/2667 | loss 0.0731 (clean 0.0503  adv 0.1497  spec 0.0029)
  Ep1 step 2200/2667 | loss 0.0619 (clean 0.0259  adv 0.2378  spec 0.0032)
  Ep1 step 2250/2667 | loss 0.1152 (clean 0.0661  adv 0.3258  spec 0.0024)
  Ep1 step 2300/2667 | loss 0.0515 (clean 0.0250  adv 0.1736  spec 0.0046)
  Ep1 step 2350/2667 | loss 0.0616 (clean 0.0292  adv 0.2144  spec 0.0030)
  Ep1 step 2400/2667 | loss 0.1732 (clean 0.0961  adv 0.5114  spec 0.0037)
  Ep1 step 2450/2667 | loss 0.1104 (clean 0.0721  adv 0.2533  spec 0.0037)
  Ep1 step 2500/2667 | loss 0.3505 (clean 0.2513  adv 0.6586  spec 0.0043)
  Ep1 step 2550/2667 | loss 0.0524 (clean 0.0240  adv 0.1876  spec 0.0029)
  Ep1 step 2600/2667 | loss 0.1612 (clean 0.0842  adv 0.5112  spec 0.0034)
  Ep1 step 2650/2667 | loss 0.1521 (clean 0.0997  adv 0.3478  spec 0.0025)
Ep 01/6 | Loss 0.1120 | AUC 0.9769 | Acc 0.9011 | F1 0.9251  ✓ saved
  Ep2 step 50/2667 | loss 0.1020 (clean 0.0607  adv 0.2723  spec 0.0041)
  Ep2 step 100/2667 | loss 0.0701 (clean 0.0257  adv 0.2944  spec 0.0029)
  Ep2 step 150/2667 | loss 0.0588 (clean 0.0384  adv 0.1346  spec 0.0030)
  Ep2 step 200/2667 | loss 0.1841 (clean 0.1304  adv 0.3566  spec 0.0026)
  Ep2 step 250/2667 | loss 0.0656 (clean 0.0245  adv 0.2718  spec 0.0033)
  Ep2 step 300/2667 | loss 0.1104 (clean 0.0375  adv 0.4829  spec 0.0047)
  Ep2 step 350/2667 | loss 0.0883 (clean 0.0361  adv 0.3458  spec 0.0036)
  Ep2 step 400/2667 | loss 0.0574 (clean 0.0139  adv 0.2875  spec 0.0041)
  Ep2 step 450/2667 | loss 0.0523 (clean 0.0227  adv 0.1944  spec 0.0041)
  Ep2 step 500/2667 | loss 0.0616 (clean 0.0402  adv 0.1404  spec 0.0030)
  Ep2 step 550/2667 | loss 0.0845 (clean 0.0318  adv 0.3491  spec 0.0033)
  Ep2 step 600/2667 | loss 0.0657 (clean 0.0318  adv 0.2233  spec 0.0037)
  Ep2 step 650/2667 | loss 0.0980 (clean 0.0298  adv 0.4525  spec 0.0037)
  Ep2 step 700/2667 | loss 0.0626 (clean 0.0269  adv 0.2359  spec 0.0026)
  Ep2 step 750/2667 | loss 0.0788 (clean 0.0287  adv 0.3319  spec 0.0037)
  Ep2 step 800/2667 | loss 0.0991 (clean 0.0545  adv 0.2954  spec 0.0031)
  Ep2 step 850/2667 | loss 0.0791 (clean 0.0290  adv 0.3312  spec 0.0035)
  Ep2 step 900/2667 | loss 0.0652 (clean 0.0315  adv 0.2229  spec 0.0031)
  Ep2 step 950/2667 | loss 0.1622 (clean 0.1145  adv 0.3159  spec 0.0033)
  Ep2 step 1000/2667 | loss 0.0678 (clean 0.0252  adv 0.2822  spec 0.0033)
  Ep2 step 1050/2667 | loss 0.0505 (clean 0.0155  adv 0.2316  spec 0.0033)
  Ep2 step 1100/2667 | loss 0.0605 (clean 0.0353  adv 0.1662  spec 0.0029)
  Ep2 step 1150/2667 | loss 0.1113 (clean 0.0498  adv 0.4079  spec 0.0032)
  Ep2 step 1200/2667 | loss 0.1004 (clean 0.0426  adv 0.3830  spec 0.0031)
  Ep2 step 1250/2667 | loss 0.0653 (clean 0.0286  adv 0.2420  spec 0.0037)
  Ep2 step 1300/2667 | loss 0.0283 (clean 0.0169  adv 0.0742  spec 0.0029)
  Ep2 step 1350/2667 | loss 0.0432 (clean 0.0183  adv 0.1636  spec 0.0034)
  Ep2 step 1400/2667 | loss 0.0510 (clean 0.0320  adv 0.1247  spec 0.0031)
  Ep2 step 1450/2667 | loss 0.0965 (clean 0.0542  adv 0.2804  spec 0.0025)
  Ep2 step 1500/2667 | loss 0.0885 (clean 0.0325  adv 0.3719  spec 0.0025)
  Ep2 step 1550/2667 | loss 0.0687 (clean 0.0300  adv 0.2557  spec 0.0032)
  Ep2 step 1600/2667 | loss 0.0660 (clean 0.0370  adv 0.1915  spec 0.0032)
  Ep2 step 1650/2667 | loss 0.0714 (clean 0.0219  adv 0.3267  spec 0.0049)
  Ep2 step 1700/2667 | loss 0.1232 (clean 0.0437  adv 0.5280  spec 0.0029)
  Ep2 step 1750/2667 | loss 0.0466 (clean 0.0231  adv 0.1552  spec 0.0030)
  Ep2 step 1800/2667 | loss 0.0664 (clean 0.0289  adv 0.2477  spec 0.0033)
  Ep2 step 1850/2667 | loss 0.0677 (clean 0.0520  adv 0.1020  spec 0.0035)
  Ep2 step 1900/2667 | loss 0.0734 (clean 0.0531  adv 0.1326  spec 0.0031)
  Ep2 step 1950/2667 | loss 0.0682 (clean 0.0287  adv 0.2616  spec 0.0029)
  Ep2 step 2000/2667 | loss 0.0533 (clean 0.0225  adv 0.2041  spec 0.0020)
  Ep2 step 2050/2667 | loss 0.0833 (clean 0.0582  adv 0.1645  spec 0.0039)
  Ep2 step 2100/2667 | loss 0.0590 (clean 0.0237  adv 0.2326  spec 0.0042)
  Ep2 step 2150/2667 | loss 0.0619 (clean 0.0302  adv 0.2095  spec 0.0026)
  Ep2 step 2200/2667 | loss 0.0483 (clean 0.0251  adv 0.1528  spec 0.0027)
  Ep2 step 2250/2667 | loss 0.0566 (clean 0.0400  adv 0.1084  spec 0.0030)
  Ep2 step 2300/2667 | loss 0.0832 (clean 0.0392  adv 0.2907  spec 0.0036)
  Ep2 step 2350/2667 | loss 0.0990 (clean 0.0481  adv 0.3370  spec 0.0040)
  Ep2 step 2400/2667 | loss 0.0731 (clean 0.0499  adv 0.1523  spec 0.0035)
  Ep2 step 2450/2667 | loss 0.0547 (clean 0.0258  adv 0.1899  spec 0.0038)
  Ep2 step 2500/2667 | loss 0.0579 (clean 0.0303  adv 0.1826  spec 0.0026)
  Ep2 step 2550/2667 | loss 0.0971 (clean 0.0437  adv 0.3539  spec 0.0030)
  Ep2 step 2600/2667 | loss 0.0452 (clean 0.0193  adv 0.1703  spec 0.0031)
  Ep2 step 2650/2667 | loss 0.0820 (clean 0.0309  adv 0.3383  spec 0.0032)
Ep 02/6 | Loss 0.0850 | AUC 0.9730 | Acc 0.9009 | F1 0.9256
  Ep3 step 50/2667 | loss 0.0977 (clean 0.0583  adv 0.2611  spec 0.0026)
  Ep3 step 100/2667 | loss 0.0797 (clean 0.0391  adv 0.2687  spec 0.0035)
  Ep3 step 150/2667 | loss 0.0584 (clean 0.0327  adv 0.1696  spec 0.0026)
  Ep3 step 200/2667 | loss 0.0739 (clean 0.0450  adv 0.1912  spec 0.0024)
  Ep3 step 250/2667 | loss 0.0525 (clean 0.0291  adv 0.1544  spec 0.0028)
  Ep3 step 300/2667 | loss 0.1104 (clean 0.0690  adv 0.2740  spec 0.0032)
  Ep3 step 350/2667 | loss 0.0717 (clean 0.0460  adv 0.1693  spec 0.0027)
  Ep3 step 400/2667 | loss 0.1003 (clean 0.0484  adv 0.3433  spec 0.0042)
  Ep3 step 450/2667 | loss 0.1223 (clean 0.0905  adv 0.2106  spec 0.0029)
  Ep3 step 500/2667 | loss 0.0223 (clean 0.0105  adv 0.0764  spec 0.0033)
  Ep3 step 550/2667 | loss 0.0375 (clean 0.0200  adv 0.1149  spec 0.0032)
  Ep3 step 600/2667 | loss 0.0728 (clean 0.0521  adv 0.1344  spec 0.0051)
  Ep3 step 650/2667 | loss 0.0554 (clean 0.0284  adv 0.1779  spec 0.0032)
  Ep3 step 700/2667 | loss 0.0728 (clean 0.0395  adv 0.2197  spec 0.0037)
  Ep3 step 750/2667 | loss 0.0503 (clean 0.0323  adv 0.1176  spec 0.0033)
  Ep3 step 800/2667 | loss 0.0845 (clean 0.0419  adv 0.2815  spec 0.0036)
  Ep3 step 850/2667 | loss 0.1119 (clean 0.0586  adv 0.3531  spec 0.0033)
  Ep3 step 900/2667 | loss 0.0398 (clean 0.0199  adv 0.1312  spec 0.0031)
  Ep3 step 950/2667 | loss 0.0589 (clean 0.0395  adv 0.1278  spec 0.0029)
  Ep3 step 1000/2667 | loss 0.1324 (clean 0.1071  adv 0.1654  spec 0.0044)
  Ep3 step 1050/2667 | loss 0.0525 (clean 0.0300  adv 0.1480  spec 0.0030)
  Ep3 step 1100/2667 | loss 0.0306 (clean 0.0225  adv 0.0514  spec 0.0032)
  Ep3 step 1150/2667 | loss 0.0556 (clean 0.0356  adv 0.1310  spec 0.0035)
  Ep3 step 1200/2667 | loss 0.0735 (clean 0.0274  adv 0.3057  spec 0.0027)
  Ep3 step 1250/2667 | loss 0.1036 (clean 0.0679  adv 0.2358  spec 0.0032)
  Ep3 step 1300/2667 | loss 0.0873 (clean 0.0578  adv 0.1946  spec 0.0028)
  Ep3 step 1350/2667 | loss 0.0525 (clean 0.0268  adv 0.1695  spec 0.0030)
  Ep3 step 1400/2667 | loss 0.0559 (clean 0.0349  adv 0.1365  spec 0.0051)
  Ep3 step 1450/2667 | loss 0.0977 (clean 0.0466  adv 0.3385  spec 0.0038)
  Ep3 step 1500/2667 | loss 0.0536 (clean 0.0301  adv 0.1537  spec 0.0046)
  Ep3 step 1550/2667 | loss 0.0786 (clean 0.0432  adv 0.2326  spec 0.0050)
  Ep3 step 1600/2667 | loss 0.0701 (clean 0.0473  adv 0.1504  spec 0.0024)
  Ep3 step 1650/2667 | loss 0.0572 (clean 0.0364  adv 0.1376  spec 0.0026)
  Ep3 step 1700/2667 | loss 0.0497 (clean 0.0287  adv 0.1373  spec 0.0033)
  Ep3 step 1750/2667 | loss 0.0589 (clean 0.0358  adv 0.1518  spec 0.0035)
  Ep3 step 1800/2667 | loss 0.1222 (clean 0.0893  adv 0.2166  spec 0.0038)
  Ep3 step 1850/2667 | loss 0.0883 (clean 0.0497  adv 0.2548  spec 0.0037)
  Ep3 step 1900/2667 | loss 0.1157 (clean 0.0592  adv 0.3738  spec 0.0044)
  Ep3 step 1950/2667 | loss 0.0656 (clean 0.0442  adv 0.1410  spec 0.0026)
  Ep3 step 2000/2667 | loss 0.0626 (clean 0.0542  adv 0.0544  spec 0.0028)
  Ep3 step 2050/2667 | loss 0.0524 (clean 0.0264  adv 0.1703  spec 0.0039)
  Ep3 step 2100/2667 | loss 0.0779 (clean 0.0530  adv 0.1641  spec 0.0030)
  Ep3 step 2150/2667 | loss 0.0680 (clean 0.0241  adv 0.2894  spec 0.0045)
  Ep3 step 2200/2667 | loss 0.1068 (clean 0.0742  adv 0.2156  spec 0.0031)
  Ep3 step 2250/2667 | loss 0.0686 (clean 0.0410  adv 0.1818  spec 0.0032)
  Ep3 step 2300/2667 | loss 0.0422 (clean 0.0169  adv 0.1671  spec 0.0026)
  Ep3 step 2350/2667 | loss 0.0413 (clean 0.0210  adv 0.1323  spec 0.0044)
  Ep3 step 2400/2667 | loss 0.0644 (clean 0.0419  adv 0.1470  spec 0.0049)
  Ep3 step 2450/2667 | loss 0.1232 (clean 0.0816  adv 0.2759  spec 0.0029)
  Ep3 step 2500/2667 | loss 0.0434 (clean 0.0177  adv 0.1682  spec 0.0046)
  Ep3 step 2550/2667 | loss 0.0327 (clean 0.0239  adv 0.0572  spec 0.0023)
  Ep3 step 2600/2667 | loss 0.0945 (clean 0.0621  adv 0.2136  spec 0.0032)
  Ep3 step 2650/2667 | loss 0.0991 (clean 0.0801  adv 0.1240  spec 0.0044)
Ep 03/6 | Loss 0.0746 | AUC 0.9730 | Acc 0.8976 | F1 0.9226
  Ep4 step 50/2667 | loss 0.0403 (clean 0.0202  adv 0.1315  spec 0.0035)
  Ep4 step 100/2667 | loss 0.0298 (clean 0.0213  adv 0.0553  spec 0.0027)
  Ep4 step 150/2667 | loss 0.0593 (clean 0.0297  adv 0.1949  spec 0.0039)
  Ep4 step 200/2667 | loss 0.0683 (clean 0.0510  adv 0.1126  spec 0.0042)
  Ep4 step 250/2667 | loss 0.0464 (clean 0.0254  adv 0.1378  spec 0.0038)
  Ep4 step 300/2667 | loss 0.0506 (clean 0.0313  adv 0.1268  spec 0.0032)
  Ep4 step 350/2667 | loss 0.0603 (clean 0.0386  adv 0.1424  spec 0.0032)
  Ep4 step 400/2667 | loss 0.0448 (clean 0.0299  adv 0.0974  spec 0.0030)
  Ep4 step 450/2667 | loss 0.0792 (clean 0.0542  adv 0.1645  spec 0.0032)
  Ep4 step 500/2667 | loss 0.0582 (clean 0.0345  adv 0.1563  spec 0.0028)
  Ep4 step 550/2667 | loss 0.1078 (clean 0.0797  adv 0.1858  spec 0.0031)
  Ep4 step 600/2667 | loss 0.0605 (clean 0.0379  adv 0.1489  spec 0.0030)
  Ep4 step 650/2667 | loss 0.0459 (clean 0.0322  adv 0.0890  spec 0.0032)
  Ep4 step 700/2667 | loss 0.0709 (clean 0.0336  adv 0.2473  spec 0.0026)
  Ep4 step 750/2667 | loss 0.0704 (clean 0.0441  adv 0.1718  spec 0.0049)
  Ep4 step 800/2667 | loss 0.0321 (clean 0.0178  adv 0.0932  spec 0.0040)
  Ep4 step 850/2667 | loss 0.0346 (clean 0.0181  adv 0.1080  spec 0.0026)
  Ep4 step 900/2667 | loss 0.0454 (clean 0.0319  adv 0.0880  spec 0.0030)
  Ep4 step 950/2667 | loss 0.0945 (clean 0.0675  adv 0.1778  spec 0.0030)
  Ep4 step 1000/2667 | loss 0.0287 (clean 0.0183  adv 0.0678  spec 0.0026)
  Ep4 step 1050/2667 | loss 0.0437 (clean 0.0276  adv 0.1050  spec 0.0035)
  Ep4 step 1100/2667 | loss 0.0843 (clean 0.0559  adv 0.1859  spec 0.0049)
  Ep4 step 1150/2667 | loss 0.0776 (clean 0.0429  adv 0.2288  spec 0.0034)
  Ep4 step 1200/2667 | loss 0.0410 (clean 0.0277  adv 0.0869  spec 0.0029)
  Ep4 step 1250/2667 | loss 0.0762 (clean 0.0297  adv 0.3087  spec 0.0027)
  Ep4 step 1300/2667 | loss 0.0465 (clean 0.0321  adv 0.0934  spec 0.0041)
  Ep4 step 1350/2667 | loss 0.0450 (clean 0.0262  adv 0.1238  spec 0.0032)
  Ep4 step 1400/2667 | loss 0.0651 (clean 0.0336  adv 0.2080  spec 0.0032)
  Ep4 step 1450/2667 | loss 0.0844 (clean 0.0507  adv 0.2219  spec 0.0045)
  Ep4 step 1500/2667 | loss 0.0579 (clean 0.0297  adv 0.1858  spec 0.0028)
  Ep4 step 1550/2667 | loss 0.0485 (clean 0.0291  adv 0.1264  spec 0.0044)
  Ep4 step 1600/2667 | loss 0.0659 (clean 0.0354  adv 0.2009  spec 0.0043)
  Ep4 step 1650/2667 | loss 0.0423 (clean 0.0238  adv 0.1215  spec 0.0029)
  Ep4 step 1700/2667 | loss 0.0453 (clean 0.0264  adv 0.1231  spec 0.0042)
  Ep4 step 1750/2667 | loss 0.0651 (clean 0.0483  adv 0.1096  spec 0.0031)
  Ep4 step 1800/2667 | loss 0.0497 (clean 0.0335  adv 0.1065  spec 0.0028)
  Ep4 step 1850/2667 | loss 0.0620 (clean 0.0377  adv 0.1600  spec 0.0027)
  Ep4 step 1900/2667 | loss 0.0739 (clean 0.0514  adv 0.1483  spec 0.0029)
  Ep4 step 1950/2667 | loss 0.0696 (clean 0.0504  adv 0.1256  spec 0.0034)
  Ep4 step 2000/2667 | loss 0.0369 (clean 0.0243  adv 0.0809  spec 0.0050)
  Ep4 step 2050/2667 | loss 0.0623 (clean 0.0283  adv 0.2240  spec 0.0037)
  Ep4 step 2100/2667 | loss 0.0819 (clean 0.0541  adv 0.1832  spec 0.0034)
  Ep4 step 2150/2667 | loss 0.0413 (clean 0.0255  adv 0.1036  spec 0.0034)
  Ep4 step 2200/2667 | loss 0.0399 (clean 0.0231  adv 0.1101  spec 0.0034)
  Ep4 step 2250/2667 | loss 0.0505 (clean 0.0272  adv 0.1531  spec 0.0028)
  Ep4 step 2300/2667 | loss 0.0573 (clean 0.0446  adv 0.0828  spec 0.0024)
  Ep4 step 2350/2667 | loss 0.0400 (clean 0.0209  adv 0.1248  spec 0.0038)
  Ep4 step 2400/2667 | loss 0.0571 (clean 0.0297  adv 0.1810  spec 0.0029)
  Ep4 step 2450/2667 | loss 0.0772 (clean 0.0479  adv 0.1926  spec 0.0039)
  Ep4 step 2500/2667 | loss 0.1076 (clean 0.0821  adv 0.1683  spec 0.0023)
  Ep4 step 2550/2667 | loss 0.0992 (clean 0.0681  adv 0.2056  spec 0.0025)
  Ep4 step 2600/2667 | loss 0.0648 (clean 0.0407  adv 0.1579  spec 0.0044)
  Ep4 step 2650/2667 | loss 0.0746 (clean 0.0552  adv 0.1272  spec 0.0036)
Ep 04/6 | Loss 0.0690 | AUC 0.9730 | Acc 0.8676 | F1 0.8967
  Ep5 step 50/2667 | loss 0.0980 (clean 0.0728  adv 0.1660  spec 0.0026)
  Ep5 step 100/2667 | loss 0.0379 (clean 0.0203  adv 0.1155  spec 0.0032)
  Ep5 step 150/2667 | loss 0.0503 (clean 0.0340  adv 0.1052  spec 0.0045)
  Ep5 step 200/2667 | loss 0.0711 (clean 0.0319  adv 0.2588  spec 0.0042)
  Ep5 step 250/2667 | loss 0.0459 (clean 0.0335  adv 0.0800  spec 0.0038)
  Ep5 step 300/2667 | loss 0.0596 (clean 0.0345  adv 0.1652  spec 0.0033)
  Ep5 step 350/2667 | loss 0.0289 (clean 0.0137  adv 0.0987  spec 0.0036)
  Ep5 step 400/2667 | loss 0.0607 (clean 0.0317  adv 0.1905  spec 0.0042)
  Ep5 step 450/2667 | loss 0.0699 (clean 0.0453  adv 0.1617  spec 0.0033)
  Ep5 step 500/2667 | loss 0.0576 (clean 0.0308  adv 0.1765  spec 0.0033)
  Ep5 step 550/2667 | loss 0.0427 (clean 0.0288  adv 0.0902  spec 0.0038)
  Ep5 step 600/2667 | loss 0.0839 (clean 0.0586  adv 0.1665  spec 0.0036)
  Ep5 step 650/2667 | loss 0.1118 (clean 0.0831  adv 0.1886  spec 0.0037)
  Ep5 step 700/2667 | loss 0.0708 (clean 0.0486  adv 0.1464  spec 0.0024)
  Ep5 step 750/2667 | loss 0.0336 (clean 0.0209  adv 0.0823  spec 0.0032)
  Ep5 step 800/2667 | loss 0.0908 (clean 0.0618  adv 0.1916  spec 0.0031)
  Ep5 step 850/2667 | loss 0.0447 (clean 0.0297  adv 0.0974  spec 0.0032)
  Ep5 step 900/2667 | loss 0.0529 (clean 0.0272  adv 0.1691  spec 0.0041)
  Ep5 step 950/2667 | loss 0.0601 (clean 0.0448  adv 0.0998  spec 0.0033)
  Ep5 step 1000/2667 | loss 0.0455 (clean 0.0283  adv 0.1129  spec 0.0026)
  Ep5 step 1050/2667 | loss 0.0547 (clean 0.0380  adv 0.1090  spec 0.0031)
  Ep5 step 1100/2667 | loss 0.0648 (clean 0.0323  adv 0.2140  spec 0.0040)
  Ep5 step 1150/2667 | loss 0.0354 (clean 0.0241  adv 0.0737  spec 0.0028)
  Ep5 step 1200/2667 | loss 0.0549 (clean 0.0368  adv 0.1183  spec 0.0035)
  Ep5 step 1250/2667 | loss 0.0505 (clean 0.0325  adv 0.1183  spec 0.0024)
  Ep5 step 1300/2667 | loss 0.0417 (clean 0.0286  adv 0.0860  spec 0.0030)
  Ep5 step 1350/2667 | loss 0.0625 (clean 0.0380  adv 0.1599  spec 0.0047)
  Ep5 step 1400/2667 | loss 0.0586 (clean 0.0475  adv 0.0723  spec 0.0027)
  Ep5 step 1450/2667 | loss 0.0382 (clean 0.0198  adv 0.1205  spec 0.0037)
  Ep5 step 1500/2667 | loss 0.0531 (clean 0.0254  adv 0.1815  spec 0.0052)
  Ep5 step 1550/2667 | loss 0.0533 (clean 0.0328  adv 0.1341  spec 0.0037)
  Ep5 step 1600/2667 | loss 0.0544 (clean 0.0280  adv 0.1740  spec 0.0033)
  Ep5 step 1650/2667 | loss 0.0810 (clean 0.0581  adv 0.1498  spec 0.0040)
  Ep5 step 1700/2667 | loss 0.0656 (clean 0.0307  adv 0.2304  spec 0.0035)
  Ep5 step 1750/2667 | loss 0.0577 (clean 0.0352  adv 0.1487  spec 0.0025)
  Ep5 step 1800/2667 | loss 0.0477 (clean 0.0282  adv 0.1281  spec 0.0032)
  Ep5 step 1850/2667 | loss 0.0396 (clean 0.0241  adv 0.1008  spec 0.0032)
  Ep5 step 1900/2667 | loss 0.0387 (clean 0.0289  adv 0.0630  spec 0.0027)
  Ep5 step 1950/2667 | loss 0.0781 (clean 0.0549  adv 0.1521  spec 0.0041)
  Ep5 step 2000/2667 | loss 0.0533 (clean 0.0257  adv 0.1827  spec 0.0026)
  Ep5 step 2050/2667 | loss 0.0687 (clean 0.0358  adv 0.2171  spec 0.0033)
  Ep5 step 2100/2667 | loss 0.0690 (clean 0.0314  adv 0.2485  spec 0.0035)
  Ep5 step 2150/2667 | loss 0.0467 (clean 0.0296  adv 0.1118  spec 0.0034)
  Ep5 step 2200/2667 | loss 0.0917 (clean 0.0418  adv 0.3307  spec 0.0033)
  Ep5 step 2250/2667 | loss 0.0879 (clean 0.0566  adv 0.2066  spec 0.0032)
  Ep5 step 2300/2667 | loss 0.0587 (clean 0.0413  adv 0.1137  spec 0.0034)
  Ep5 step 2350/2667 | loss 0.0565 (clean 0.0377  adv 0.1235  spec 0.0031)
  Ep5 step 2400/2667 | loss 0.0467 (clean 0.0240  adv 0.1490  spec 0.0034)
  Ep5 step 2450/2667 | loss 0.0536 (clean 0.0314  adv 0.1462  spec 0.0027)
  Ep5 step 2500/2667 | loss 0.0383 (clean 0.0212  adv 0.1123  spec 0.0031)
  Ep5 step 2550/2667 | loss 0.0814 (clean 0.0551  adv 0.1735  spec 0.0026)
  Ep5 step 2600/2667 | loss 0.0605 (clean 0.0362  adv 0.1600  spec 0.0030)
  Ep5 step 2650/2667 | loss 0.0516 (clean 0.0254  adv 0.1717  spec 0.0042)
Ep 05/6 | Loss 0.0661 | AUC 0.9732 | Acc 0.8315 | F1 0.8630

Early stopping at epoch 5.

Best Phase 3b Dev AUC : 0.9769

=================================================================
  PHASE 3b ROBUSTNESS EVALUATION
=================================================================
  Clean      — AUC 0.9769  Acc 0.8997  F1 0.9239
  FGSM       — AUC 0.3029  Acc 0.2219  F1 0.2212
  PGD-7      — AUC 0.0065  Acc 0.0085  F1 0.0000
  F-SAT      — AUC 0.7772  Acc 0.5793  F1 0.6204

Checkpoint : /home/rit/deepfake_project/audio/checkpoints/rawnet3_phase3c.pt
Metrics    : /home/rit/deepfake_project/audio/logs/phase3b_metrics.json
Log        : /home/rit/deepfake_project/audio/logs/phase3b_log.csv
