nohup: ignoring input
Loaded Phase 3 checkpoint — Dev AUC 0.9769  Dev Acc 0.9011
All 59 param groups unfrozen for Phase 3b

=================================================================
  AudioGuard RawNet3 — Phase 3c PGD-Curriculum Hardening
=================================================================
Device      : cuda  |  AMP: True
FGSM ε=0.008  PGD ε=0.02/20-step  F-SAT ε=0.018  adv_ratio=0.3  spec_weight=0.1

Scanning data (cap 80k)...
  for_dataset                                   real= 84,756  fake= 84,980
  realvsfake_voice                              real=     20  fake=     60
  wavefake                                      real= 13,100  fake=134,266
Mixed   : 80,000 total samples
Split   : Train 64,002 | Dev 7,999 | Eval 7,999

=================================================================
  Training
=================================================================
  Ep1 step 50/2667 | loss 0.1386 (clean 0.0441  adv 0.6282  spec 0.0027)
  Ep1 step 100/2667 | loss 0.1827 (clean 0.1022  adv 0.5346  spec 0.0031)
  Ep1 step 150/2667 | loss 0.1340 (clean 0.0151  adv 0.7889  spec 0.0055)
  Ep1 step 200/2667 | loss 0.1340 (clean 0.0692  adv 0.4299  spec 0.0032)
  Ep1 step 250/2667 | loss 0.1892 (clean 0.0859  adv 0.6859  spec 0.0035)
  Ep1 step 300/2667 | loss 0.1408 (clean 0.0235  adv 0.7785  spec 0.0046)
  Ep1 step 350/2667 | loss 0.0805 (clean 0.0283  adv 0.3456  spec 0.0027)
  Ep1 step 400/2667 | loss 0.1115 (clean 0.0501  adv 0.4071  spec 0.0027)
  Ep1 step 450/2667 | loss 0.1715 (clean 0.0495  adv 0.8110  spec 0.0039)
  Ep1 step 500/2667 | loss 0.1655 (clean 0.0491  adv 0.7735  spec 0.0038)
  Ep1 step 550/2667 | loss 0.1461 (clean 0.0542  adv 0.6100  spec 0.0038)
  Ep1 step 600/2667 | loss 0.1311 (clean 0.0272  adv 0.6900  spec 0.0038)
  Ep1 step 650/2667 | loss 0.1377 (clean 0.0785  adv 0.3930  spec 0.0026)
  Ep1 step 700/2667 | loss 0.1285 (clean 0.0241  adv 0.6929  spec 0.0043)
  Ep1 step 750/2667 | loss 0.1059 (clean 0.0250  adv 0.5368  spec 0.0035)
  Ep1 step 800/2667 | loss 0.2087 (clean 0.0492  adv 1.0614  spec 0.0031)
  Ep1 step 850/2667 | loss 0.1093 (clean 0.0232  adv 0.5713  spec 0.0036)
  Ep1 step 900/2667 | loss 0.1183 (clean 0.0242  adv 0.6253  spec 0.0030)
  Ep1 step 950/2667 | loss 0.2105 (clean 0.0725  adv 0.9174  spec 0.0035)
  Ep1 step 1000/2667 | loss 0.1409 (clean 0.0484  adv 0.6146  spec 0.0037)
  Ep1 step 1050/2667 | loss 0.1042 (clean 0.0232  adv 0.5377  spec 0.0029)
  Ep1 step 1100/2667 | loss 0.0918 (clean 0.0270  adv 0.4290  spec 0.0041)
  Ep1 step 1150/2667 | loss 0.1462 (clean 0.0395  adv 0.7085  spec 0.0044)
  Ep1 step 1200/2667 | loss 0.0862 (clean 0.0287  adv 0.3808  spec 0.0037)
  Ep1 step 1250/2667 | loss 0.1488 (clean 0.0748  adv 0.4905  spec 0.0044)
  Ep1 step 1300/2667 | loss 0.0621 (clean 0.0206  adv 0.2747  spec 0.0022)
  Ep1 step 1350/2667 | loss 0.1285 (clean 0.0778  adv 0.3347  spec 0.0053)
  Ep1 step 1400/2667 | loss 0.1428 (clean 0.0410  adv 0.6768  spec 0.0034)
  Ep1 step 1450/2667 | loss 0.1315 (clean 0.0549  adv 0.5089  spec 0.0031)
  Ep1 step 1500/2667 | loss 0.0882 (clean 0.0485  adv 0.2636  spec 0.0021)
  Ep1 step 1550/2667 | loss 0.2593 (clean 0.0989  adv 1.0664  spec 0.0046)
  Ep1 step 1600/2667 | loss 0.0938 (clean 0.0202  adv 0.4877  spec 0.0046)
  Ep1 step 1650/2667 | loss 0.1820 (clean 0.0514  adv 0.8681  spec 0.0037)
  Ep1 step 1700/2667 | loss 0.2713 (clean 0.1374  adv 0.8907  spec 0.0028)
  Ep1 step 1750/2667 | loss 0.1128 (clean 0.0187  adv 0.6258  spec 0.0029)
  Ep1 step 1800/2667 | loss 0.1426 (clean 0.0555  adv 0.5785  spec 0.0033)
  Ep1 step 1850/2667 | loss 0.1133 (clean 0.0311  adv 0.5452  spec 0.0034)
  Ep1 step 1900/2667 | loss 0.0707 (clean 0.0286  adv 0.2789  spec 0.0029)
  Ep1 step 1950/2667 | loss 0.1307 (clean 0.0112  adv 0.7944  spec 0.0034)
  Ep1 step 2000/2667 | loss 0.0950 (clean 0.0223  adv 0.4825  spec 0.0030)
  Ep1 step 2050/2667 | loss 0.1216 (clean 0.0327  adv 0.5903  spec 0.0030)
  Ep1 step 2100/2667 | loss 0.0977 (clean 0.0436  adv 0.3582  spec 0.0037)
  Ep1 step 2150/2667 | loss 0.0937 (clean 0.0518  adv 0.2770  spec 0.0029)
  Ep1 step 2200/2667 | loss 0.1177 (clean 0.0251  adv 0.6154  spec 0.0033)
  Ep1 step 2250/2667 | loss 0.1401 (clean 0.0673  adv 0.4833  spec 0.0025)
  Ep1 step 2300/2667 | loss 0.0643 (clean 0.0238  adv 0.2672  spec 0.0047)
  Ep1 step 2350/2667 | loss 0.0855 (clean 0.0316  adv 0.3574  spec 0.0030)
  Ep1 step 2400/2667 | loss 0.2036 (clean 0.0949  adv 0.7227  spec 0.0037)
  Ep1 step 2450/2667 | loss 0.1463 (clean 0.0714  adv 0.4969  spec 0.0038)
  Ep1 step 2500/2667 | loss 0.4053 (clean 0.2692  adv 0.9043  spec 0.0043)
  Ep1 step 2550/2667 | loss 0.0943 (clean 0.0267  adv 0.4489  spec 0.0029)
  Ep1 step 2600/2667 | loss 0.2030 (clean 0.0920  adv 0.7379  spec 0.0035)
  Ep1 step 2650/2667 | loss 0.1885 (clean 0.1057  adv 0.5506  spec 0.0026)
Ep 01/6 | Loss 0.1345 | AUC 0.9727 | Acc 0.8991 | F1 0.9241  ✓ saved
  Ep2 step 50/2667 | loss 0.1169 (clean 0.0582  adv 0.3887  spec 0.0041)
  Ep2 step 100/2667 | loss 0.1109 (clean 0.0297  adv 0.5397  spec 0.0030)
  Ep2 step 150/2667 | loss 0.0789 (clean 0.0399  adv 0.2574  spec 0.0030)
  Ep2 step 200/2667 | loss 0.2159 (clean 0.1296  adv 0.5741  spec 0.0026)
  Ep2 step 250/2667 | loss 0.0928 (clean 0.0342  adv 0.3885  spec 0.0033)
  Ep2 step 300/2667 | loss 0.1483 (clean 0.0347  adv 0.7541  spec 0.0047)
  Ep2 step 350/2667 | loss 0.1371 (clean 0.0413  adv 0.6357  spec 0.0036)
  Ep2 step 400/2667 | loss 0.1049 (clean 0.0166  adv 0.5863  spec 0.0041)
  Ep2 step 450/2667 | loss 0.0969 (clean 0.0230  adv 0.4896  spec 0.0041)
  Ep2 step 500/2667 | loss 0.0782 (clean 0.0399  adv 0.2528  spec 0.0031)
  Ep2 step 550/2667 | loss 0.1167 (clean 0.0323  adv 0.5605  spec 0.0034)
  Ep2 step 600/2667 | loss 0.1467 (clean 0.0360  adv 0.7356  spec 0.0037)
  Ep2 step 650/2667 | loss 0.1520 (clean 0.0300  adv 0.8113  spec 0.0038)
  Ep2 step 700/2667 | loss 0.0957 (clean 0.0288  adv 0.4443  spec 0.0027)
  Ep2 step 750/2667 | loss 0.1368 (clean 0.0327  adv 0.6915  spec 0.0038)
  Ep2 step 800/2667 | loss 0.1259 (clean 0.0490  adv 0.5105  spec 0.0032)
  Ep2 step 850/2667 | loss 0.1141 (clean 0.0291  adv 0.5642  spec 0.0035)
  Ep2 step 900/2667 | loss 0.1071 (clean 0.0289  adv 0.5194  spec 0.0032)
  Ep2 step 950/2667 | loss 0.1831 (clean 0.1146  adv 0.4540  spec 0.0034)
  Ep2 step 1000/2667 | loss 0.1000 (clean 0.0275  adv 0.4810  spec 0.0033)
  Ep2 step 1050/2667 | loss 0.0895 (clean 0.0157  adv 0.4895  spec 0.0034)
  Ep2 step 1100/2667 | loss 0.0856 (clean 0.0399  adv 0.3024  spec 0.0029)
  Ep2 step 1150/2667 | loss 0.1719 (clean 0.0588  adv 0.7520  spec 0.0032)
  Ep2 step 1200/2667 | loss 0.1523 (clean 0.0466  adv 0.7027  spec 0.0031)
  Ep2 step 1250/2667 | loss 0.1166 (clean 0.0270  adv 0.5948  spec 0.0037)
  Ep2 step 1300/2667 | loss 0.0432 (clean 0.0192  adv 0.1587  spec 0.0029)
  Ep2 step 1350/2667 | loss 0.1024 (clean 0.0190  adv 0.5541  spec 0.0034)
  Ep2 step 1400/2667 | loss 0.0738 (clean 0.0337  adv 0.2654  spec 0.0031)
  Ep2 step 1450/2667 | loss 0.1305 (clean 0.0578  adv 0.4825  spec 0.0026)
  Ep2 step 1500/2667 | loss 0.1340 (clean 0.0333  adv 0.6699  spec 0.0026)
  Ep2 step 1550/2667 | loss 0.1182 (clean 0.0318  adv 0.5737  spec 0.0032)
  Ep2 step 1600/2667 | loss 0.1259 (clean 0.0629  adv 0.4178  spec 0.0033)
  Ep2 step 1650/2667 | loss 0.1299 (clean 0.0223  adv 0.7137  spec 0.0049)
  Ep2 step 1700/2667 | loss 0.1925 (clean 0.0509  adv 0.9423  spec 0.0029)
  Ep2 step 1750/2667 | loss 0.0736 (clean 0.0247  adv 0.3244  spec 0.0030)
  Ep2 step 1800/2667 | loss 0.1191 (clean 0.0352  adv 0.5571  spec 0.0033)
  Ep2 step 1850/2667 | loss 0.0736 (clean 0.0459  adv 0.1823  spec 0.0036)
  Ep2 step 1900/2667 | loss 0.0880 (clean 0.0576  adv 0.2009  spec 0.0032)
  Ep2 step 1950/2667 | loss 0.1107 (clean 0.0321  adv 0.5220  spec 0.0029)
  Ep2 step 2000/2667 | loss 0.0836 (clean 0.0280  adv 0.3695  spec 0.0021)
  Ep2 step 2050/2667 | loss 0.1261 (clean 0.0779  adv 0.3184  spec 0.0039)
  Ep2 step 2100/2667 | loss 0.1056 (clean 0.0246  adv 0.5374  spec 0.0042)
  Ep2 step 2150/2667 | loss 0.1062 (clean 0.0384  adv 0.4503  spec 0.0026)
  Ep2 step 2200/2667 | loss 0.0858 (clean 0.0266  adv 0.3929  spec 0.0028)
  Ep2 step 2250/2667 | loss 0.0707 (clean 0.0455  adv 0.1660  spec 0.0030)
  Ep2 step 2300/2667 | loss 0.1338 (clean 0.0423  adv 0.6078  spec 0.0037)
  Ep2 step 2350/2667 | loss 0.1310 (clean 0.0487  adv 0.5456  spec 0.0040)
  Ep2 step 2400/2667 | loss 0.1119 (clean 0.0567  adv 0.3658  spec 0.0035)
  Ep2 step 2450/2667 | loss 0.0812 (clean 0.0216  adv 0.3946  spec 0.0038)
  Ep2 step 2500/2667 | loss 0.1346 (clean 0.0550  adv 0.5293  spec 0.0026)
  Ep2 step 2550/2667 | loss 0.1404 (clean 0.0477  adv 0.6158  spec 0.0030)
  Ep2 step 2600/2667 | loss 0.1166 (clean 0.0261  adv 0.6014  spec 0.0031)
  Ep2 step 2650/2667 | loss 0.1118 (clean 0.0352  adv 0.5086  spec 0.0033)
Ep 02/6 | Loss 0.1228 | AUC 0.9702 | Acc 0.8896 | F1 0.9166
  Ep3 step 50/2667 | loss 0.1422 (clean 0.0611  adv 0.5391  spec 0.0027)
  Ep3 step 100/2667 | loss 0.1310 (clean 0.0462  adv 0.5629  spec 0.0035)
  Ep3 step 150/2667 | loss 0.0943 (clean 0.0365  adv 0.3832  spec 0.0027)
  Ep3 step 200/2667 | loss 0.1094 (clean 0.0481  adv 0.4072  spec 0.0025)
  Ep3 step 250/2667 | loss 0.1093 (clean 0.0526  adv 0.3760  spec 0.0028)
  Ep3 step 300/2667 | loss 0.1504 (clean 0.0674  adv 0.5510  spec 0.0032)
  Ep3 step 350/2667 | loss 0.0962 (clean 0.0516  adv 0.2957  spec 0.0028)
  Ep3 step 400/2667 | loss 0.1464 (clean 0.0546  adv 0.6092  spec 0.0043)
  Ep3 step 450/2667 | loss 0.1788 (clean 0.1181  adv 0.4027  spec 0.0029)
  Ep3 step 500/2667 | loss 0.0565 (clean 0.0117  adv 0.2959  spec 0.0033)
  Ep3 step 550/2667 | loss 0.0670 (clean 0.0200  adv 0.3111  spec 0.0032)
  Ep3 step 600/2667 | loss 0.0966 (clean 0.0555  adv 0.2706  spec 0.0051)
  Ep3 step 650/2667 | loss 0.0575 (clean 0.0255  adv 0.2109  spec 0.0033)
  Ep3 step 700/2667 | loss 0.1452 (clean 0.0609  adv 0.5591  spec 0.0037)
  Ep3 step 750/2667 | loss 0.0742 (clean 0.0380  adv 0.2391  spec 0.0033)
  Ep3 step 800/2667 | loss 0.1216 (clean 0.0429  adv 0.5226  spec 0.0037)
  Ep3 step 850/2667 | loss 0.1685 (clean 0.0660  adv 0.6813  spec 0.0033)
  Ep3 step 900/2667 | loss 0.0648 (clean 0.0215  adv 0.2872  spec 0.0031)
  Ep3 step 950/2667 | loss 0.0951 (clean 0.0408  adv 0.3602  spec 0.0030)
  Ep3 step 1000/2667 | loss 0.1775 (clean 0.1233  adv 0.3583  spec 0.0044)
  Ep3 step 1050/2667 | loss 0.0765 (clean 0.0314  adv 0.2982  spec 0.0031)
  Ep3 step 1100/2667 | loss 0.0495 (clean 0.0259  adv 0.1549  spec 0.0032)
  Ep3 step 1150/2667 | loss 0.1216 (clean 0.0398  adv 0.5429  spec 0.0035)
  Ep3 step 1200/2667 | loss 0.1168 (clean 0.0276  adv 0.5932  spec 0.0027)
  Ep3 step 1250/2667 | loss 0.1332 (clean 0.0734  adv 0.3969  spec 0.0032)
  Ep3 step 1300/2667 | loss 0.1186 (clean 0.0619  adv 0.3759  spec 0.0028)
  Ep3 step 1350/2667 | loss 0.0969 (clean 0.0325  adv 0.4273  spec 0.0031)
  Ep3 step 1400/2667 | loss 0.1058 (clean 0.0486  adv 0.3780  spec 0.0051)
  Ep3 step 1450/2667 | loss 0.1490 (clean 0.0505  adv 0.6540  spec 0.0039)
  Ep3 step 1500/2667 | loss 0.0820 (clean 0.0339  adv 0.3172  spec 0.0046)
  Ep3 step 1550/2667 | loss 0.1325 (clean 0.0480  adv 0.5601  spec 0.0050)
  Ep3 step 1600/2667 | loss 0.1264 (clean 0.0688  adv 0.3823  spec 0.0024)
  Ep3 step 1650/2667 | loss 0.0953 (clean 0.0474  adv 0.3176  spec 0.0026)
  Ep3 step 1700/2667 | loss 0.0729 (clean 0.0300  adv 0.2836  spec 0.0034)
  Ep3 step 1750/2667 | loss 0.1066 (clean 0.0485  adv 0.3852  spec 0.0036)
  Ep3 step 1800/2667 | loss 0.1701 (clean 0.1120  adv 0.3845  spec 0.0038)
  Ep3 step 1850/2667 | loss 0.1258 (clean 0.0496  adv 0.5053  spec 0.0037)
  Ep3 step 1900/2667 | loss 0.1921 (clean 0.0863  adv 0.7026  spec 0.0045)
  Ep3 step 1950/2667 | loss 0.1335 (clean 0.0671  adv 0.4409  spec 0.0027)
  Ep3 step 2000/2667 | loss 0.0952 (clean 0.0712  adv 0.1583  spec 0.0029)
  Ep3 step 2050/2667 | loss 0.0920 (clean 0.0279  adv 0.4249  spec 0.0040)
  Ep3 step 2100/2667 | loss 0.1123 (clean 0.0536  adv 0.3892  spec 0.0030)
  Ep3 step 2150/2667 | loss 0.1216 (clean 0.0315  adv 0.5973  spec 0.0046)
  Ep3 step 2200/2667 | loss 0.1510 (clean 0.0923  adv 0.3893  spec 0.0031)
  Ep3 step 2250/2667 | loss 0.1184 (clean 0.0634  adv 0.3644  spec 0.0033)
  Ep3 step 2300/2667 | loss 0.0791 (clean 0.0196  adv 0.3948  spec 0.0027)
  Ep3 step 2350/2667 | loss 0.0818 (clean 0.0231  adv 0.3880  spec 0.0045)
  Ep3 step 2400/2667 | loss 0.1077 (clean 0.0589  adv 0.3224  spec 0.0050)
  Ep3 step 2450/2667 | loss 0.1973 (clean 0.1114  adv 0.5706  spec 0.0030)
  Ep3 step 2500/2667 | loss 0.0802 (clean 0.0186  adv 0.4078  spec 0.0046)
  Ep3 step 2550/2667 | loss 0.0592 (clean 0.0254  adv 0.2235  spec 0.0023)
  Ep3 step 2600/2667 | loss 0.1475 (clean 0.0644  adv 0.5515  spec 0.0033)
  Ep3 step 2650/2667 | loss 0.1330 (clean 0.0878  adv 0.2988  spec 0.0045)
Ep 03/6 | Loss 0.1138 | AUC 0.9687 | Acc 0.8812 | F1 0.9095
  Ep4 step 50/2667 | loss 0.0731 (clean 0.0177  adv 0.3670  spec 0.0035)
  Ep4 step 100/2667 | loss 0.0382 (clean 0.0214  adv 0.1102  spec 0.0028)
  Ep4 step 150/2667 | loss 0.0942 (clean 0.0297  adv 0.4274  spec 0.0039)
  Ep4 step 200/2667 | loss 0.0755 (clean 0.0458  adv 0.1955  spec 0.0042)
  Ep4 step 250/2667 | loss 0.0846 (clean 0.0295  adv 0.3645  spec 0.0038)
  Ep4 step 300/2667 | loss 0.0778 (clean 0.0372  adv 0.2685  spec 0.0033)
  Ep4 step 350/2667 | loss 0.0976 (clean 0.0424  adv 0.3658  spec 0.0032)
  Ep4 step 400/2667 | loss 0.0940 (clean 0.0347  adv 0.3933  spec 0.0030)
  Ep4 step 450/2667 | loss 0.1229 (clean 0.0635  adv 0.3933  spec 0.0032)
  Ep4 step 500/2667 | loss 0.0890 (clean 0.0316  adv 0.3805  spec 0.0028)
  Ep4 step 550/2667 | loss 0.1239 (clean 0.0788  adv 0.2984  spec 0.0032)
  Ep4 step 600/2667 | loss 0.0795 (clean 0.0379  adv 0.2751  spec 0.0030)
  Ep4 step 650/2667 | loss 0.0709 (clean 0.0416  adv 0.1936  spec 0.0032)
  Ep4 step 700/2667 | loss 0.1112 (clean 0.0363  adv 0.4978  spec 0.0026)
  Ep4 step 750/2667 | loss 0.1199 (clean 0.0431  adv 0.5088  spec 0.0049)
  Ep4 step 800/2667 | loss 0.0785 (clean 0.0196  adv 0.3896  spec 0.0040)
  Ep4 step 850/2667 | loss 0.0549 (clean 0.0170  adv 0.2514  spec 0.0027)
  Ep4 step 900/2667 | loss 0.0894 (clean 0.0387  adv 0.3355  spec 0.0030)
  Ep4 step 950/2667 | loss 0.1371 (clean 0.0757  adv 0.4075  spec 0.0031)
  Ep4 step 1000/2667 | loss 0.0583 (clean 0.0259  adv 0.2145  spec 0.0027)
  Ep4 step 1050/2667 | loss 0.0559 (clean 0.0280  adv 0.1840  spec 0.0035)
  Ep4 step 1100/2667 | loss 0.1241 (clean 0.0646  adv 0.3929  spec 0.0049)
  Ep4 step 1150/2667 | loss 0.1600 (clean 0.0591  adv 0.6708  spec 0.0034)
  Ep4 step 1200/2667 | loss 0.0947 (clean 0.0310  adv 0.4229  spec 0.0029)
  Ep4 step 1250/2667 | loss 0.1304 (clean 0.0299  adv 0.6681  spec 0.0027)
  Ep4 step 1300/2667 | loss 0.0777 (clean 0.0425  adv 0.2321  spec 0.0042)
  Ep4 step 1350/2667 | loss 0.0710 (clean 0.0291  adv 0.2772  spec 0.0032)
  Ep4 step 1400/2667 | loss 0.0991 (clean 0.0321  adv 0.4447  spec 0.0032)
  Ep4 step 1450/2667 | loss 0.1181 (clean 0.0513  adv 0.4423  spec 0.0045)
  Ep4 step 1500/2667 | loss 0.0878 (clean 0.0293  adv 0.3881  spec 0.0028)
  Ep4 step 1550/2667 | loss 0.0734 (clean 0.0316  adv 0.2762  spec 0.0044)
  Ep4 step 1600/2667 | loss 0.1238 (clean 0.0360  adv 0.5821  spec 0.0043)
  Ep4 step 1650/2667 | loss 0.0917 (clean 0.0285  adv 0.4191  spec 0.0029)
  Ep4 step 1700/2667 | loss 0.0662 (clean 0.0286  adv 0.2480  spec 0.0042)
  Ep4 step 1750/2667 | loss 0.0952 (clean 0.0537  adv 0.2752  spec 0.0032)
  Ep4 step 1800/2667 | loss 0.0773 (clean 0.0363  adv 0.2716  spec 0.0029)
  Ep4 step 1850/2667 | loss 0.1093 (clean 0.0533  adv 0.3712  spec 0.0027)
  Ep4 step 1900/2667 | loss 0.1112 (clean 0.0683  adv 0.2840  spec 0.0029)
  Ep4 step 1950/2667 | loss 0.1138 (clean 0.0616  adv 0.3462  spec 0.0035)
  Ep4 step 2000/2667 | loss 0.0528 (clean 0.0231  adv 0.1948  spec 0.0050)
  Ep4 step 2050/2667 | loss 0.0991 (clean 0.0342  adv 0.4301  spec 0.0037)
  Ep4 step 2100/2667 | loss 0.1246 (clean 0.0558  adv 0.4559  spec 0.0035)
  Ep4 step 2150/2667 | loss 0.0672 (clean 0.0268  adv 0.2671  spec 0.0034)
  Ep4 step 2200/2667 | loss 0.0776 (clean 0.0289  adv 0.3222  spec 0.0034)
  Ep4 step 2250/2667 | loss 0.0791 (clean 0.0329  adv 0.3064  spec 0.0028)
  Ep4 step 2300/2667 | loss 0.0895 (clean 0.0484  adv 0.2722  spec 0.0024)
  Ep4 step 2350/2667 | loss 0.0637 (clean 0.0225  adv 0.2722  spec 0.0039)
  Ep4 step 2400/2667 | loss 0.1017 (clean 0.0398  adv 0.4105  spec 0.0030)
  Ep4 step 2450/2667 | loss 0.1511 (clean 0.0686  adv 0.5474  spec 0.0040)
  Ep4 step 2500/2667 | loss 0.1933 (clean 0.1167  adv 0.5097  spec 0.0024)
  Ep4 step 2550/2667 | loss 0.1447 (clean 0.0790  adv 0.4361  spec 0.0025)
  Ep4 step 2600/2667 | loss 0.0876 (clean 0.0409  adv 0.3084  spec 0.0044)
  Ep4 step 2650/2667 | loss 0.1086 (clean 0.0618  adv 0.3099  spec 0.0036)
Ep 04/6 | Loss 0.1084 | AUC 0.9680 | Acc 0.8564 | F1 0.8873
  Ep5 step 50/2667 | loss 0.1406 (clean 0.0733  adv 0.4464  spec 0.0026)
  Ep5 step 100/2667 | loss 0.0729 (clean 0.0210  adv 0.3443  spec 0.0032)
  Ep5 step 150/2667 | loss 0.0777 (clean 0.0347  adv 0.2835  spec 0.0045)
  Ep5 step 200/2667 | loss 0.1319 (clean 0.0362  adv 0.6351  spec 0.0043)
  Ep5 step 250/2667 | loss 0.0602 (clean 0.0354  adv 0.1627  spec 0.0038)
  Ep5 step 300/2667 | loss 0.1040 (clean 0.0441  adv 0.3974  spec 0.0034)
  Ep5 step 350/2667 | loss 0.0479 (clean 0.0129  adv 0.2305  spec 0.0036)
  Ep5 step 400/2667 | loss 0.1031 (clean 0.0349  adv 0.4519  spec 0.0042)
  Ep5 step 450/2667 | loss 0.1182 (clean 0.0448  adv 0.4873  spec 0.0033)
  Ep5 step 500/2667 | loss 0.0981 (clean 0.0346  adv 0.4212  spec 0.0034)
  Ep5 step 550/2667 | loss 0.0863 (clean 0.0336  adv 0.3490  spec 0.0039)
  Ep5 step 600/2667 | loss 0.1010 (clean 0.0621  adv 0.2568  spec 0.0036)
  Ep5 step 650/2667 | loss 0.2022 (clean 0.1327  adv 0.4610  spec 0.0037)
  Ep5 step 700/2667 | loss 0.1293 (clean 0.0574  adv 0.4779  spec 0.0024)
  Ep5 step 750/2667 | loss 0.0422 (clean 0.0219  adv 0.1328  spec 0.0032)
  Ep5 step 800/2667 | loss 0.1246 (clean 0.0595  adv 0.4323  spec 0.0032)
  Ep5 step 850/2667 | loss 0.0672 (clean 0.0349  adv 0.2129  spec 0.0033)
  Ep5 step 900/2667 | loss 0.1130 (clean 0.0311  adv 0.5434  spec 0.0042)
  Ep5 step 950/2667 | loss 0.1040 (clean 0.0602  adv 0.2896  spec 0.0034)
  Ep5 step 1000/2667 | loss 0.0775 (clean 0.0325  adv 0.2982  spec 0.0027)
  Ep5 step 1050/2667 | loss 0.0955 (clean 0.0482  adv 0.3132  spec 0.0032)
  Ep5 step 1100/2667 | loss 0.1143 (clean 0.0308  adv 0.5537  spec 0.0040)
  Ep5 step 1150/2667 | loss 0.0691 (clean 0.0263  adv 0.2835  spec 0.0028)
  Ep5 step 1200/2667 | loss 0.0663 (clean 0.0376  adv 0.1889  spec 0.0035)
  Ep5 step 1250/2667 | loss 0.0678 (clean 0.0364  adv 0.2076  spec 0.0024)
  Ep5 step 1300/2667 | loss 0.0612 (clean 0.0294  adv 0.2099  spec 0.0030)
  Ep5 step 1350/2667 | loss 0.0948 (clean 0.0515  adv 0.2853  spec 0.0047)
  Ep5 step 1400/2667 | loss 0.1121 (clean 0.0612  adv 0.3370  spec 0.0028)
  Ep5 step 1450/2667 | loss 0.0927 (clean 0.0242  adv 0.4542  spec 0.0037)
  Ep5 step 1500/2667 | loss 0.0900 (clean 0.0275  adv 0.4136  spec 0.0052)
  Ep5 step 1550/2667 | loss 0.0869 (clean 0.0392  adv 0.3152  spec 0.0037)
  Ep5 step 1600/2667 | loss 0.0940 (clean 0.0271  adv 0.4435  spec 0.0033)
  Ep5 step 1650/2667 | loss 0.1024 (clean 0.0577  adv 0.2950  spec 0.0041)
  Ep5 step 1700/2667 | loss 0.1018 (clean 0.0309  adv 0.4708  spec 0.0036)
  Ep5 step 1750/2667 | loss 0.1067 (clean 0.0446  adv 0.4122  spec 0.0026)
  Ep5 step 1800/2667 | loss 0.0831 (clean 0.0340  adv 0.3253  spec 0.0033)
  Ep5 step 1850/2667 | loss 0.0748 (clean 0.0263  adv 0.3209  spec 0.0032)
  Ep5 step 1900/2667 | loss 0.0565 (clean 0.0268  adv 0.1967  spec 0.0028)
  Ep5 step 1950/2667 | loss 0.1442 (clean 0.0691  adv 0.4978  spec 0.0041)
  Ep5 step 2000/2667 | loss 0.0754 (clean 0.0279  adv 0.3146  spec 0.0027)
  Ep5 step 2050/2667 | loss 0.1209 (clean 0.0423  adv 0.5215  spec 0.0034)
  Ep5 step 2100/2667 | loss 0.1282 (clean 0.0375  adv 0.6024  spec 0.0035)
  Ep5 step 2150/2667 | loss 0.0776 (clean 0.0319  adv 0.3024  spec 0.0034)
  Ep5 step 2200/2667 | loss 0.1318 (clean 0.0468  adv 0.5641  spec 0.0034)
  Ep5 step 2250/2667 | loss 0.1692 (clean 0.0783  adv 0.6042  spec 0.0033)
  Ep5 step 2300/2667 | loss 0.0735 (clean 0.0350  adv 0.2541  spec 0.0034)
  Ep5 step 2350/2667 | loss 0.1054 (clean 0.0530  adv 0.3473  spec 0.0032)
  Ep5 step 2400/2667 | loss 0.0938 (clean 0.0235  adv 0.4667  spec 0.0034)
  Ep5 step 2450/2667 | loss 0.0884 (clean 0.0426  adv 0.3036  spec 0.0027)
  Ep5 step 2500/2667 | loss 0.0750 (clean 0.0257  adv 0.3268  spec 0.0031)
  Ep5 step 2550/2667 | loss 0.1203 (clean 0.0607  adv 0.3955  spec 0.0026)
  Ep5 step 2600/2667 | loss 0.1039 (clean 0.0382  adv 0.4358  spec 0.0031)
  Ep5 step 2650/2667 | loss 0.0965 (clean 0.0323  adv 0.4253  spec 0.0043)
Ep 05/6 | Loss 0.1049 | AUC 0.9678 | Acc 0.8172 | F1 0.8498

Early stopping at epoch 5.

Best Phase 3c Dev AUC : 0.9727

=================================================================
  PHASE 3c ROBUSTNESS EVALUATION
=================================================================
  Clean      — AUC 0.9730  Acc 0.8997  F1 0.9244
  FGSM       — AUC 0.2314  Acc 0.1736  F1 0.1595
  PGD-20      — AUC 0.0008  Acc 0.0029  F1 0.0000
  F-SAT      — AUC 0.7471  Acc 0.5463  F1 0.5861

Checkpoint : /home/rit/deepfake_project/audio/checkpoints/rawnet3_phase3d.pt
Metrics    : /home/rit/deepfake_project/audio/logs/phase3c_metrics.json
Log        : /home/rit/deepfake_project/audio/logs/phase3c_log.csv
