nohup: ignoring input
Disabling PyTorch because PyTorch >= 2.4 is required but found 2.2.2
PyTorch was not found. Models won't be available and only tokenizers, configuration and file/data utilities can be used.
Loaded Phase 2 checkpoint — Dev AUC 0.9912  Dev Acc 0.9530
All 59 param groups unfrozen for Phase 3

=================================================================
  AudioGuard RawNet3-FSAT — Phase 3 Adversarial Training
=================================================================
Device  : cuda  |  AMP: True
FGSM ε=0.005  PGD ε=0.005/3-step  F-SAT ε=0.01  adv_ratio=0.4

Scanning data (cap 80k orig, all hard)...
  for_dataset                                   real= 84,756  fake= 84,980
  realvsfake_voice                              real=     20  fake=     60
  wavefake                                      real= 13,100  fake=134,266
Mixed   : 80,000 total samples (for_dataset + realvsfake_voice + wavefake)
Split   : Train 64,002 | Dev 7,999 | Eval 7,999

=================================================================
  Training
=================================================================
  Ep1 step 50/2667 | loss 0.1058 (clean 0.0707 adv 0.3514)
  Ep1 step 100/2667 | loss 0.2090 (clean 0.1380 adv 0.7106)
  Ep1 step 150/2667 | loss 0.0434 (clean 0.0019 adv 0.4144)
  Ep1 step 200/2667 | loss 0.1275 (clean 0.0498 adv 0.7770)
  Ep1 step 250/2667 | loss 0.1795 (clean 0.1143 adv 0.6526)
  Ep1 step 300/2667 | loss 0.1286 (clean 0.0650 adv 0.6366)
  Ep1 step 350/2667 | loss 0.1202 (clean 0.0710 adv 0.4920)
  Ep1 step 400/2667 | loss 0.1359 (clean 0.1017 adv 0.3426)
  Ep1 step 450/2667 | loss 0.1813 (clean 0.1186 adv 0.6261)
  Ep1 step 500/2667 | loss 0.0934 (clean 0.0381 adv 0.5532)
  Ep1 step 550/2667 | loss 0.1381 (clean 0.0916 adv 0.4650)
  Ep1 step 600/2667 | loss 0.0904 (clean 0.0495 adv 0.4087)
  Ep1 step 650/2667 | loss 0.0983 (clean 0.0425 adv 0.5586)
  Ep1 step 700/2667 | loss 0.0245 (clean 0.0128 adv 0.1167)
  Ep1 step 750/2667 | loss 0.0562 (clean 0.0203 adv 0.3590)
  Ep1 step 800/2667 | loss 0.1013 (clean 0.0754 adv 0.2595)
  Ep1 step 850/2667 | loss 0.1132 (clean 0.0432 adv 0.7006)
  Ep1 step 900/2667 | loss 0.0745 (clean 0.0195 adv 0.5500)
  Ep1 step 950/2667 | loss 0.0272 (clean 0.0180 adv 0.0915)
  Ep1 step 1000/2667 | loss 0.0483 (clean 0.0294 adv 0.1892)
  Ep1 step 1050/2667 | loss 0.0927 (clean 0.0134 adv 0.7932)
  Ep1 step 1100/2667 | loss 0.0235 (clean 0.0098 adv 0.1371)
  Ep1 step 1150/2667 | loss 0.0894 (clean 0.0427 adv 0.4675)
  Ep1 step 1200/2667 | loss 0.0809 (clean 0.0206 adv 0.6032)
  Ep1 step 1250/2667 | loss 0.2006 (clean 0.1546 adv 0.4604)
  Ep1 step 1300/2667 | loss 0.0242 (clean 0.0069 adv 0.1727)
  Ep1 step 1350/2667 | loss 0.1476 (clean 0.1199 adv 0.2764)
  Ep1 step 1400/2667 | loss 0.1012 (clean 0.0622 adv 0.3898)
  Ep1 step 1450/2667 | loss 0.1052 (clean 0.0645 adv 0.4069)
  Ep1 step 1500/2667 | loss 0.0379 (clean 0.0216 adv 0.1627)
  Ep1 step 1550/2667 | loss 0.2010 (clean 0.1304 adv 0.7055)
  Ep1 step 1600/2667 | loss 0.0317 (clean 0.0187 adv 0.1304)
  Ep1 step 1650/2667 | loss 0.0992 (clean 0.0508 adv 0.4843)
  Ep1 step 1700/2667 | loss 0.2797 (clean 0.2112 adv 0.6850)
  Ep1 step 1750/2667 | loss 0.0379 (clean 0.0065 adv 0.3140)
  Ep1 step 1800/2667 | loss 0.0706 (clean 0.0463 adv 0.2424)
  Ep1 step 1850/2667 | loss 0.0419 (clean 0.0216 adv 0.2027)
  Ep1 step 1900/2667 | loss 0.0352 (clean 0.0258 adv 0.0938)
  Ep1 step 1950/2667 | loss 0.0213 (clean 0.0063 adv 0.1506)
  Ep1 step 2000/2667 | loss 0.0358 (clean 0.0157 adv 0.2012)
  Ep1 step 2050/2667 | loss 0.0476 (clean 0.0235 adv 0.2409)
  Ep1 step 2100/2667 | loss 0.0442 (clean 0.0202 adv 0.2398)
  Ep1 step 2150/2667 | loss 0.0577 (clean 0.0465 adv 0.1121)
  Ep1 step 2200/2667 | loss 0.0392 (clean 0.0202 adv 0.1900)
  Ep1 step 2250/2667 | loss 0.1082 (clean 0.0718 adv 0.3638)
  Ep1 step 2300/2667 | loss 0.0593 (clean 0.0323 adv 0.2701)
  Ep1 step 2350/2667 | loss 0.0507 (clean 0.0275 adv 0.2323)
  Ep1 step 2400/2667 | loss 0.1350 (clean 0.0995 adv 0.3544)
  Ep1 step 2450/2667 | loss 0.0885 (clean 0.0577 adv 0.3079)
  Ep1 step 2500/2667 | loss 0.3014 (clean 0.2424 adv 0.5902)
  Ep1 step 2550/2667 | loss 0.0305 (clean 0.0186 adv 0.1192)
  Ep1 step 2600/2667 | loss 0.1226 (clean 0.0782 adv 0.4441)
  Ep1 step 2650/2667 | loss 0.1245 (clean 0.0979 adv 0.2662)
Ep 01/6 | Loss 0.0939 | AUC 0.9854 | Acc 0.9247 | F1 0.9437  ✓ saved
  Ep2 step 50/2667 | loss 0.1268 (clean 0.0833 adv 0.4352)
  Ep2 step 100/2667 | loss 0.0367 (clean 0.0176 adv 0.1910)
  Ep2 step 150/2667 | loss 0.0578 (clean 0.0410 adv 0.1674)
  Ep2 step 200/2667 | loss 0.1356 (clean 0.1096 adv 0.2596)
  Ep2 step 250/2667 | loss 0.0432 (clean 0.0123 adv 0.3088)
  Ep2 step 300/2667 | loss 0.0898 (clean 0.0509 adv 0.3888)
  Ep2 step 350/2667 | loss 0.0591 (clean 0.0302 adv 0.2885)
  Ep2 step 400/2667 | loss 0.0354 (clean 0.0084 adv 0.2703)
  Ep2 step 450/2667 | loss 0.0345 (clean 0.0283 adv 0.0620)
  Ep2 step 500/2667 | loss 0.0644 (clean 0.0553 adv 0.0913)
  Ep2 step 550/2667 | loss 0.0539 (clean 0.0306 adv 0.2330)
  Ep2 step 600/2667 | loss 0.0311 (clean 0.0228 adv 0.0834)
  Ep2 step 650/2667 | loss 0.0635 (clean 0.0309 adv 0.3253)
  Ep2 step 700/2667 | loss 0.0538 (clean 0.0223 adv 0.3145)
  Ep2 step 750/2667 | loss 0.0479 (clean 0.0279 adv 0.1999)
  Ep2 step 800/2667 | loss 0.0889 (clean 0.0487 adv 0.4022)
  Ep2 step 850/2667 | loss 0.0701 (clean 0.0403 adv 0.2985)
  Ep2 step 900/2667 | loss 0.0705 (clean 0.0461 adv 0.2435)
  Ep2 step 950/2667 | loss 0.1492 (clean 0.1196 adv 0.2966)
  Ep2 step 1000/2667 | loss 0.0489 (clean 0.0231 adv 0.2578)
  Ep2 step 1050/2667 | loss 0.0341 (clean 0.0111 adv 0.2304)
  Ep2 step 1100/2667 | loss 0.0309 (clean 0.0196 adv 0.1135)
  Ep2 step 1150/2667 | loss 0.0799 (clean 0.0410 adv 0.3884)
  Ep2 step 1200/2667 | loss 0.0922 (clean 0.0335 adv 0.5870)
  Ep2 step 1250/2667 | loss 0.0710 (clean 0.0424 adv 0.2854)
  Ep2 step 1300/2667 | loss 0.0184 (clean 0.0098 adv 0.0854)
  Ep2 step 1350/2667 | loss 0.0319 (clean 0.0169 adv 0.1497)
  Ep2 step 1400/2667 | loss 0.0360 (clean 0.0280 adv 0.0804)
  Ep2 step 1450/2667 | loss 0.0884 (clean 0.0555 adv 0.3285)
  Ep2 step 1500/2667 | loss 0.0722 (clean 0.0401 adv 0.3211)
  Ep2 step 1550/2667 | loss 0.0346 (clean 0.0206 adv 0.1399)
  Ep2 step 1600/2667 | loss 0.0525 (clean 0.0271 adv 0.2542)
  Ep2 step 1650/2667 | loss 0.0353 (clean 0.0162 adv 0.1911)
  Ep2 step 1700/2667 | loss 0.0559 (clean 0.0309 adv 0.2508)
  Ep2 step 1750/2667 | loss 0.0464 (clean 0.0156 adv 0.3081)
  Ep2 step 1800/2667 | loss 0.0401 (clean 0.0185 adv 0.2160)
  Ep2 step 1850/2667 | loss 0.0495 (clean 0.0387 adv 0.1088)
  Ep2 step 1900/2667 | loss 0.0812 (clean 0.0512 adv 0.2998)
  Ep2 step 1950/2667 | loss 0.0466 (clean 0.0253 adv 0.2127)
  Ep2 step 2000/2667 | loss 0.0292 (clean 0.0148 adv 0.1439)
  Ep2 step 2050/2667 | loss 0.0866 (clean 0.0724 adv 0.1421)
  Ep2 step 2100/2667 | loss 0.0493 (clean 0.0188 adv 0.3055)
  Ep2 step 2150/2667 | loss 0.0567 (clean 0.0301 adv 0.2660)
  Ep2 step 2200/2667 | loss 0.0257 (clean 0.0202 adv 0.0543)
  Ep2 step 2250/2667 | loss 0.0622 (clean 0.0375 adv 0.2472)
  Ep2 step 2300/2667 | loss 0.0597 (clean 0.0317 adv 0.2798)
  Ep2 step 2350/2667 | loss 0.0768 (clean 0.0353 adv 0.4150)
  Ep2 step 2400/2667 | loss 0.0701 (clean 0.0506 adv 0.1947)
  Ep2 step 2450/2667 | loss 0.0604 (clean 0.0418 adv 0.1861)
  Ep2 step 2500/2667 | loss 0.0398 (clean 0.0282 adv 0.1157)
  Ep2 step 2550/2667 | loss 0.0606 (clean 0.0334 adv 0.2719)
  Ep2 step 2600/2667 | loss 0.0249 (clean 0.0133 adv 0.1161)
  Ep2 step 2650/2667 | loss 0.0560 (clean 0.0241 adv 0.3188)
Ep 02/6 | Loss 0.0683 | AUC 0.9826 | Acc 0.9245 | F1 0.9437
  Ep3 step 50/2667 | loss 0.0892 (clean 0.0602 adv 0.2898)
  Ep3 step 100/2667 | loss 0.0361 (clean 0.0256 adv 0.1048)
  Ep3 step 150/2667 | loss 0.0491 (clean 0.0292 adv 0.1990)
  Ep3 step 200/2667 | loss 0.0728 (clean 0.0401 adv 0.3273)
  Ep3 step 250/2667 | loss 0.0297 (clean 0.0189 adv 0.1074)
  Ep3 step 300/2667 | loss 0.1043 (clean 0.0695 adv 0.3485)
  Ep3 step 350/2667 | loss 0.0629 (clean 0.0422 adv 0.2075)
  Ep3 step 400/2667 | loss 0.0703 (clean 0.0366 adv 0.3370)
  Ep3 step 450/2667 | loss 0.1150 (clean 0.0859 adv 0.2916)
  Ep3 step 500/2667 | loss 0.0114 (clean 0.0073 adv 0.0403)
  Ep3 step 550/2667 | loss 0.0301 (clean 0.0218 adv 0.0838)
  Ep3 step 600/2667 | loss 0.0544 (clean 0.0457 adv 0.0872)
  Ep3 step 650/2667 | loss 0.0531 (clean 0.0253 adv 0.2782)
  Ep3 step 700/2667 | loss 0.0612 (clean 0.0399 adv 0.2133)
  Ep3 step 750/2667 | loss 0.0395 (clean 0.0265 adv 0.1298)
  Ep3 step 800/2667 | loss 0.0581 (clean 0.0338 adv 0.2427)
  Ep3 step 850/2667 | loss 0.0841 (clean 0.0518 adv 0.3230)
  Ep3 step 900/2667 | loss 0.0223 (clean 0.0140 adv 0.0826)
  Ep3 step 950/2667 | loss 0.0447 (clean 0.0340 adv 0.1071)
  Ep3 step 1000/2667 | loss 0.1710 (clean 0.1471 adv 0.2389)
  Ep3 step 1050/2667 | loss 0.0430 (clean 0.0206 adv 0.2236)
  Ep3 step 1100/2667 | loss 0.0192 (clean 0.0165 adv 0.0278)
  Ep3 step 1150/2667 | loss 0.0544 (clean 0.0365 adv 0.1788)
  Ep3 step 1200/2667 | loss 0.0431 (clean 0.0246 adv 0.1851)
  Ep3 step 1250/2667 | loss 0.0993 (clean 0.0756 adv 0.2366)
  Ep3 step 1300/2667 | loss 0.0981 (clean 0.0678 adv 0.3029)
  Ep3 step 1350/2667 | loss 0.0327 (clean 0.0198 adv 0.1292)
  Ep3 step 1400/2667 | loss 0.0401 (clean 0.0327 adv 0.0745)
  Ep3 step 1450/2667 | loss 0.0736 (clean 0.0472 adv 0.2633)
  Ep3 step 1500/2667 | loss 0.0577 (clean 0.0311 adv 0.2664)
  Ep3 step 1550/2667 | loss 0.0505 (clean 0.0328 adv 0.1777)
  Ep3 step 1600/2667 | loss 0.0877 (clean 0.0747 adv 0.1304)
  Ep3 step 1650/2667 | loss 0.0342 (clean 0.0214 adv 0.1280)
  Ep3 step 1700/2667 | loss 0.0417 (clean 0.0287 adv 0.1299)
  Ep3 step 1750/2667 | loss 0.0383 (clean 0.0246 adv 0.1368)
  Ep3 step 1800/2667 | loss 0.1147 (clean 0.0875 adv 0.2714)
  Ep3 step 1850/2667 | loss 0.0690 (clean 0.0473 adv 0.2174)
  Ep3 step 1900/2667 | loss 0.0811 (clean 0.0488 adv 0.3233)
  Ep3 step 1950/2667 | loss 0.0386 (clean 0.0277 adv 0.1097)
  Ep3 step 2000/2667 | loss 0.0495 (clean 0.0425 adv 0.0695)
  Ep3 step 2050/2667 | loss 0.0443 (clean 0.0243 adv 0.2000)
  Ep3 step 2100/2667 | loss 0.0721 (clean 0.0584 adv 0.1365)
  Ep3 step 2150/2667 | loss 0.0396 (clean 0.0217 adv 0.1794)
  Ep3 step 2200/2667 | loss 0.1024 (clean 0.0796 adv 0.2283)
  Ep3 step 2250/2667 | loss 0.0636 (clean 0.0425 adv 0.2104)
  Ep3 step 2300/2667 | loss 0.0274 (clean 0.0139 adv 0.1357)
  Ep3 step 2350/2667 | loss 0.0390 (clean 0.0189 adv 0.2013)
  Ep3 step 2400/2667 | loss 0.0513 (clean 0.0354 adv 0.1588)
  Ep3 step 2450/2667 | loss 0.1083 (clean 0.0867 adv 0.2165)
  Ep3 step 2500/2667 | loss 0.0209 (clean 0.0126 adv 0.0828)
  Ep3 step 2550/2667 | loss 0.0260 (clean 0.0212 adv 0.0470)
  Ep3 step 2600/2667 | loss 0.0726 (clean 0.0569 adv 0.1565)
  Ep3 step 2650/2667 | loss 0.1189 (clean 0.0949 adv 0.2406)
Ep 03/6 | Loss 0.0604 | AUC 0.9834 | Acc 0.9204 | F1 0.9404
  Ep4 step 50/2667 | loss 0.0350 (clean 0.0185 adv 0.1647)
  Ep4 step 100/2667 | loss 0.0317 (clean 0.0236 adv 0.0809)
  Ep4 step 150/2667 | loss 0.0467 (clean 0.0314 adv 0.1530)
  Ep4 step 200/2667 | loss 0.0527 (clean 0.0407 adv 0.1200)
  Ep4 step 250/2667 | loss 0.0451 (clean 0.0192 adv 0.2589)
  Ep4 step 300/2667 | loss 0.0496 (clean 0.0338 adv 0.1574)
  Ep4 step 350/2667 | loss 0.0756 (clean 0.0608 adv 0.1478)
  Ep4 step 400/2667 | loss 0.0308 (clean 0.0249 adv 0.0590)
  Ep4 step 450/2667 | loss 0.0707 (clean 0.0521 adv 0.1861)
  Ep4 step 500/2667 | loss 0.0488 (clean 0.0310 adv 0.1784)
  Ep4 step 550/2667 | loss 0.0927 (clean 0.0668 adv 0.2586)
  Ep4 step 600/2667 | loss 0.0506 (clean 0.0332 adv 0.1736)
  Ep4 step 650/2667 | loss 0.0539 (clean 0.0394 adv 0.1447)
  Ep4 step 700/2667 | loss 0.0471 (clean 0.0308 adv 0.1629)
  Ep4 step 750/2667 | loss 0.0645 (clean 0.0473 adv 0.1718)
  Ep4 step 800/2667 | loss 0.0232 (clean 0.0129 adv 0.1027)
  Ep4 step 850/2667 | loss 0.0260 (clean 0.0137 adv 0.1229)
  Ep4 step 900/2667 | loss 0.0338 (clean 0.0243 adv 0.0946)
  Ep4 step 950/2667 | loss 0.0843 (clean 0.0644 adv 0.1985)
  Ep4 step 1000/2667 | loss 0.0176 (clean 0.0115 adv 0.0606)
  Ep4 step 1050/2667 | loss 0.0277 (clean 0.0149 adv 0.1275)
  Ep4 step 1100/2667 | loss 0.0876 (clean 0.0613 adv 0.2631)
  Ep4 step 1150/2667 | loss 0.0594 (clean 0.0427 adv 0.1667)
  Ep4 step 1200/2667 | loss 0.0357 (clean 0.0226 adv 0.1309)
  Ep4 step 1250/2667 | loss 0.0524 (clean 0.0289 adv 0.2355)
  Ep4 step 1300/2667 | loss 0.0329 (clean 0.0220 adv 0.1094)
  Ep4 step 1350/2667 | loss 0.0413 (clean 0.0209 adv 0.2037)
  Ep4 step 1400/2667 | loss 0.0485 (clean 0.0280 adv 0.2051)
  Ep4 step 1450/2667 | loss 0.0497 (clean 0.0313 adv 0.1841)
  Ep4 step 1500/2667 | loss 0.0368 (clean 0.0246 adv 0.1225)
  Ep4 step 1550/2667 | loss 0.0353 (clean 0.0263 adv 0.0905)
  Ep4 step 1600/2667 | loss 0.0561 (clean 0.0439 adv 0.1222)
  Ep4 step 1650/2667 | loss 0.0260 (clean 0.0185 adv 0.0745)
  Ep4 step 1700/2667 | loss 0.0261 (clean 0.0156 adv 0.1054)
  Ep4 step 1750/2667 | loss 0.0586 (clean 0.0424 adv 0.1617)
  Ep4 step 1800/2667 | loss 0.0357 (clean 0.0256 adv 0.1009)
  Ep4 step 1850/2667 | loss 0.0403 (clean 0.0284 adv 0.1188)
  Ep4 step 1900/2667 | loss 0.0642 (clean 0.0496 adv 0.1465)
  Ep4 step 1950/2667 | loss 0.0670 (clean 0.0595 adv 0.0754)
  Ep4 step 2000/2667 | loss 0.0333 (clean 0.0201 adv 0.1317)
  Ep4 step 2050/2667 | loss 0.0432 (clean 0.0269 adv 0.1633)
  Ep4 step 2100/2667 | loss 0.0725 (clean 0.0454 adv 0.2710)
  Ep4 step 2150/2667 | loss 0.0292 (clean 0.0217 adv 0.0754)
  Ep4 step 2200/2667 | loss 0.0251 (clean 0.0179 adv 0.0728)
  Ep4 step 2250/2667 | loss 0.0317 (clean 0.0189 adv 0.1279)
  Ep4 step 2300/2667 | loss 0.0494 (clean 0.0397 adv 0.0973)
  Ep4 step 2350/2667 | loss 0.0277 (clean 0.0144 adv 0.1330)
  Ep4 step 2400/2667 | loss 0.0487 (clean 0.0317 adv 0.1703)
  Ep4 step 2450/2667 | loss 0.0494 (clean 0.0343 adv 0.1517)
  Ep4 step 2500/2667 | loss 0.0639 (clean 0.0516 adv 0.1234)
  Ep4 step 2550/2667 | loss 0.0961 (clean 0.0755 adv 0.2054)
  Ep4 step 2600/2667 | loss 0.0617 (clean 0.0372 adv 0.2450)
  Ep4 step 2650/2667 | loss 0.0635 (clean 0.0482 adv 0.1537)
Ep 04/6 | Loss 0.0565 | AUC 0.9833 | Acc 0.9051 | F1 0.9277
  Ep5 step 50/2667 | loss 0.1580 (clean 0.1354 adv 0.2252)
  Ep5 step 100/2667 | loss 0.0464 (clean 0.0233 adv 0.2310)
  Ep5 step 150/2667 | loss 0.0415 (clean 0.0291 adv 0.1240)
  Ep5 step 200/2667 | loss 0.0421 (clean 0.0239 adv 0.1827)
  Ep5 step 250/2667 | loss 0.0470 (clean 0.0325 adv 0.1456)
  Ep5 step 300/2667 | loss 0.0436 (clean 0.0325 adv 0.1109)
  Ep5 step 350/2667 | loss 0.0326 (clean 0.0156 adv 0.1697)
  Ep5 step 400/2667 | loss 0.0410 (clean 0.0286 adv 0.1244)
  Ep5 step 450/2667 | loss 0.0835 (clean 0.0620 adv 0.2155)
  Ep5 step 500/2667 | loss 0.0316 (clean 0.0240 adv 0.0761)
  Ep5 step 550/2667 | loss 0.0361 (clean 0.0250 adv 0.1116)
  Ep5 step 600/2667 | loss 0.0602 (clean 0.0428 adv 0.1739)
  Ep5 step 650/2667 | loss 0.0710 (clean 0.0506 adv 0.2037)
  Ep5 step 700/2667 | loss 0.0574 (clean 0.0409 adv 0.1645)
  Ep5 step 750/2667 | loss 0.0248 (clean 0.0163 adv 0.0852)
  Ep5 step 800/2667 | loss 0.0715 (clean 0.0532 adv 0.1823)
  Ep5 step 850/2667 | loss 0.0376 (clean 0.0246 adv 0.1299)
  Ep5 step 900/2667 | loss 0.0302 (clean 0.0216 adv 0.0857)
  Ep5 step 950/2667 | loss 0.0531 (clean 0.0400 adv 0.1312)
  Ep5 step 1000/2667 | loss 0.0333 (clean 0.0251 adv 0.0829)
  Ep5 step 1050/2667 | loss 0.0554 (clean 0.0386 adv 0.1680)
  Ep5 step 1100/2667 | loss 0.0361 (clean 0.0265 adv 0.0957)
  Ep5 step 1150/2667 | loss 0.0306 (clean 0.0208 adv 0.0977)
  Ep5 step 1200/2667 | loss 0.0353 (clean 0.0262 adv 0.0909)
  Ep5 step 1250/2667 | loss 0.0618 (clean 0.0345 adv 0.2725)
  Ep5 step 1300/2667 | loss 0.0245 (clean 0.0169 adv 0.0756)
  Ep5 step 1350/2667 | loss 0.0630 (clean 0.0339 adv 0.2906)
  Ep5 step 1400/2667 | loss 0.0528 (clean 0.0458 adv 0.0701)
  Ep5 step 1450/2667 | loss 0.0202 (clean 0.0172 adv 0.0298)
  Ep5 step 1500/2667 | loss 0.0351 (clean 0.0226 adv 0.1252)
  Ep5 step 1550/2667 | loss 0.0486 (clean 0.0281 adv 0.2056)
  Ep5 step 1600/2667 | loss 0.0458 (clean 0.0214 adv 0.2440)
  Ep5 step 1650/2667 | loss 0.0804 (clean 0.0657 adv 0.1471)
  Ep5 step 1700/2667 | loss 0.0887 (clean 0.0628 adv 0.2588)
  Ep5 step 1750/2667 | loss 0.0526 (clean 0.0394 adv 0.1311)
  Ep5 step 1800/2667 | loss 0.0434 (clean 0.0309 adv 0.1249)
  Ep5 step 1850/2667 | loss 0.0425 (clean 0.0276 adv 0.1490)
  Ep5 step 1900/2667 | loss 0.0339 (clean 0.0278 adv 0.0617)
  Ep5 step 1950/2667 | loss 0.0525 (clean 0.0424 adv 0.1016)
  Ep5 step 2000/2667 | loss 0.0213 (clean 0.0141 adv 0.0718)
  Ep5 step 2050/2667 | loss 0.0427 (clean 0.0331 adv 0.0958)
  Ep5 step 2100/2667 | loss 0.0406 (clean 0.0268 adv 0.1382)
  Ep5 step 2150/2667 | loss 0.0372 (clean 0.0271 adv 0.1005)
  Ep5 step 2200/2667 | loss 0.0570 (clean 0.0278 adv 0.2916)
  Ep5 step 2250/2667 | loss 0.0644 (clean 0.0547 adv 0.0968)
  Ep5 step 2300/2667 | loss 0.0528 (clean 0.0426 adv 0.1018)
  Ep5 step 2350/2667 | loss 0.0424 (clean 0.0251 adv 0.1728)
  Ep5 step 2400/2667 | loss 0.0422 (clean 0.0244 adv 0.1774)
  Ep5 step 2450/2667 | loss 0.0451 (clean 0.0274 adv 0.1772)
  Ep5 step 2500/2667 | loss 0.0231 (clean 0.0149 adv 0.0825)
  Ep5 step 2550/2667 | loss 0.0810 (clean 0.0613 adv 0.1972)
  Ep5 step 2600/2667 | loss 0.0574 (clean 0.0374 adv 0.2001)
  Ep5 step 2650/2667 | loss 0.0306 (clean 0.0186 adv 0.1200)
Ep 05/6 | Loss 0.0543 | AUC 0.9837 | Acc 0.8827 | F1 0.9083

Early stopping at epoch 5.

Best Phase 3 Dev AUC : 0.9854

=================================================================
  PHASE 3 ROBUSTNESS EVALUATION
=================================================================
  Clean      — AUC 0.9852  Acc 0.9229  F1 0.9422
  FGSM       — AUC 0.2469  Acc 0.2015  F1 0.2106
  PGD-3      — AUC 0.1536  Acc 0.1726  F1 0.1908
  F-SAT      — AUC 0.8344  Acc 0.6736  F1 0.7266

Checkpoint : /home/rit/deepfake_project/audio/checkpoints/rawnet3_phase3b.pt
Metrics    : /home/rit/deepfake_project/audio/logs/phase3b_metrics.json
Log        : /home/rit/deepfake_project/audio/logs/phase3b_log.csv
