nohup: ignoring input
Loaded Phase 3 checkpoint — Dev AUC 0.9912  Dev Acc 0.9526
All 59 param groups unfrozen for Phase 3b

=================================================================
  AudioGuard RawNet3-FSAT — Phase 3b Hardened Adversarial Training
=================================================================
Device      : cuda  |  AMP: True
FGSM ε=0.003  PGD ε=0.006/5-step  F-SAT ε=0.015  adv_ratio=0.2  spec_weight=0.1

Scanning data (cap 80k)...
  for_dataset                                   real= 84,756  fake= 84,980
  realvsfake_voice                              real=     20  fake=     60
  wavefake                                      real= 13,100  fake=134,266
Mixed   : 80,000 total samples
Split   : Train 64,002 | Dev 7,999 | Eval 7,999

=================================================================
  Training
=================================================================
  Ep1 step 50/2667 | loss 0.0954 (clean 0.0688  adv 0.1751  spec 0.0027)
  Ep1 step 100/2667 | loss 0.1752 (clean 0.1363  adv 0.2574  spec 0.0030)
  Ep1 step 150/2667 | loss 0.0533 (clean 0.0020  adv 0.3385  spec 0.0054)
  Ep1 step 200/2667 | loss 0.1162 (clean 0.0480  adv 0.4528  spec 0.0031)
  Ep1 step 250/2667 | loss 0.1671 (clean 0.1124  adv 0.3624  spec 0.0034)
  Ep1 step 300/2667 | loss 0.1051 (clean 0.0684  adv 0.2420  spec 0.0045)
  Ep1 step 350/2667 | loss 0.1219 (clean 0.0740  adv 0.3173  spec 0.0026)
  Ep1 step 400/2667 | loss 0.1204 (clean 0.1017  adv 0.1232  spec 0.0026)
  Ep1 step 450/2667 | loss 0.1614 (clean 0.1142  adv 0.3118  spec 0.0039)
  Ep1 step 500/2667 | loss 0.0625 (clean 0.0331  adv 0.1936  spec 0.0038)
  Ep1 step 550/2667 | loss 0.1296 (clean 0.0921  adv 0.2479  spec 0.0037)
  Ep1 step 600/2667 | loss 0.0702 (clean 0.0548  adv 0.1002  spec 0.0038)
  Ep1 step 650/2667 | loss 0.0740 (clean 0.0391  adv 0.2305  spec 0.0025)
  Ep1 step 700/2667 | loss 0.0169 (clean 0.0126  adv 0.0262  spec 0.0042)
  Ep1 step 750/2667 | loss 0.0441 (clean 0.0209  adv 0.1529  spec 0.0034)
  Ep1 step 800/2667 | loss 0.0940 (clean 0.0770  adv 0.1110  spec 0.0030)
  Ep1 step 850/2667 | loss 0.1196 (clean 0.0440  adv 0.5018  spec 0.0035)
  Ep1 step 900/2667 | loss 0.0806 (clean 0.0169  adv 0.4229  spec 0.0030)
  Ep1 step 950/2667 | loss 0.0311 (clean 0.0169  adv 0.0929  spec 0.0034)
  Ep1 step 1000/2667 | loss 0.0332 (clean 0.0262  adv 0.0444  spec 0.0036)
  Ep1 step 1050/2667 | loss 0.0555 (clean 0.0136  adv 0.2769  spec 0.0028)
  Ep1 step 1100/2667 | loss 0.0176 (clean 0.0079  adv 0.0617  spec 0.0040)
  Ep1 step 1150/2667 | loss 0.1180 (clean 0.0474  adv 0.4675  spec 0.0043)
  Ep1 step 1200/2667 | loss 0.0689 (clean 0.0192  adv 0.3288  spec 0.0036)
  Ep1 step 1250/2667 | loss 0.1999 (clean 0.1513  adv 0.3208  spec 0.0043)
  Ep1 step 1300/2667 | loss 0.0406 (clean 0.0066  adv 0.2257  spec 0.0021)
  Ep1 step 1350/2667 | loss 0.1462 (clean 0.1139  adv 0.2114  spec 0.0052)
  Ep1 step 1400/2667 | loss 0.0966 (clean 0.0661  adv 0.2010  spec 0.0033)
  Ep1 step 1450/2667 | loss 0.1251 (clean 0.0658  adv 0.3933  spec 0.0030)
  Ep1 step 1500/2667 | loss 0.0463 (clean 0.0247  adv 0.1424  spec 0.0020)
  Ep1 step 1550/2667 | loss 0.2246 (clean 0.1313  adv 0.6192  spec 0.0045)
  Ep1 step 1600/2667 | loss 0.0258 (clean 0.0175  adv 0.0527  spec 0.0045)
  Ep1 step 1650/2667 | loss 0.0903 (clean 0.0517  adv 0.2553  spec 0.0036)
  Ep1 step 1700/2667 | loss 0.2729 (clean 0.2113  adv 0.4091  spec 0.0028)
  Ep1 step 1750/2667 | loss 0.0104 (clean 0.0049  adv 0.0350  spec 0.0028)
  Ep1 step 1800/2667 | loss 0.0623 (clean 0.0474  adv 0.0968  spec 0.0032)
  Ep1 step 1850/2667 | loss 0.0594 (clean 0.0177  adv 0.2757  spec 0.0034)
  Ep1 step 1900/2667 | loss 0.0361 (clean 0.0229  adv 0.0866  spec 0.0028)
  Ep1 step 1950/2667 | loss 0.0114 (clean 0.0055  adv 0.0368  spec 0.0034)
  Ep1 step 2000/2667 | loss 0.0519 (clean 0.0149  adv 0.2449  spec 0.0029)
  Ep1 step 2050/2667 | loss 0.0387 (clean 0.0227  adv 0.1048  spec 0.0030)
  Ep1 step 2100/2667 | loss 0.0299 (clean 0.0181  adv 0.0763  spec 0.0036)
  Ep1 step 2150/2667 | loss 0.0619 (clean 0.0466  adv 0.0995  spec 0.0029)
  Ep1 step 2200/2667 | loss 0.0283 (clean 0.0134  adv 0.0975  spec 0.0032)
  Ep1 step 2250/2667 | loss 0.0950 (clean 0.0724  adv 0.1492  spec 0.0024)
  Ep1 step 2300/2667 | loss 0.0734 (clean 0.0359  adv 0.2468  spec 0.0046)
  Ep1 step 2350/2667 | loss 0.0370 (clean 0.0254  adv 0.0755  spec 0.0030)
  Ep1 step 2400/2667 | loss 0.1240 (clean 0.0961  adv 0.1833  spec 0.0036)
  Ep1 step 2450/2667 | loss 0.0961 (clean 0.0672  adv 0.1905  spec 0.0037)
  Ep1 step 2500/2667 | loss 0.2860 (clean 0.2449  adv 0.2713  spec 0.0042)
  Ep1 step 2550/2667 | loss 0.0387 (clean 0.0194  adv 0.1269  spec 0.0028)
  Ep1 step 2600/2667 | loss 0.0863 (clean 0.0619  adv 0.1606  spec 0.0034)
  Ep1 step 2650/2667 | loss 0.1359 (clean 0.0934  adv 0.2816  spec 0.0025)
Ep 01/6 | Loss 0.0888 | AUC 0.9867 | Acc 0.9269 | F1 0.9452  ✓ saved
  Ep2 step 50/2667 | loss 0.1157 (clean 0.0824  adv 0.2196  spec 0.0041)
  Ep2 step 100/2667 | loss 0.0302 (clean 0.0180  adv 0.0797  spec 0.0029)
  Ep2 step 150/2667 | loss 0.0587 (clean 0.0372  adv 0.1415  spec 0.0029)
  Ep2 step 200/2667 | loss 0.1002 (clean 0.0777  adv 0.1487  spec 0.0026)
  Ep2 step 250/2667 | loss 0.0681 (clean 0.0115  adv 0.3752  spec 0.0032)
  Ep2 step 300/2667 | loss 0.0826 (clean 0.0582  adv 0.1600  spec 0.0047)
  Ep2 step 350/2667 | loss 0.0694 (clean 0.0312  adv 0.2518  spec 0.0035)
  Ep2 step 400/2667 | loss 0.0361 (clean 0.0071  adv 0.1907  spec 0.0040)
  Ep2 step 450/2667 | loss 0.0508 (clean 0.0374  adv 0.0864  spec 0.0041)
  Ep2 step 500/2667 | loss 0.0745 (clean 0.0652  adv 0.0600  spec 0.0030)
  Ep2 step 550/2667 | loss 0.0772 (clean 0.0328  adv 0.2939  spec 0.0033)
  Ep2 step 600/2667 | loss 0.0322 (clean 0.0176  adv 0.0946  spec 0.0037)
  Ep2 step 650/2667 | loss 0.0562 (clean 0.0337  adv 0.1475  spec 0.0037)
  Ep2 step 700/2667 | loss 0.0403 (clean 0.0255  adv 0.0970  spec 0.0026)
  Ep2 step 750/2667 | loss 0.0604 (clean 0.0362  adv 0.1584  spec 0.0037)
  Ep2 step 800/2667 | loss 0.0719 (clean 0.0459  adv 0.1713  spec 0.0031)
  Ep2 step 850/2667 | loss 0.0816 (clean 0.0459  adv 0.2361  spec 0.0034)
  Ep2 step 900/2667 | loss 0.0692 (clean 0.0451  adv 0.1589  spec 0.0031)
  Ep2 step 950/2667 | loss 0.1497 (clean 0.0965  adv 0.3527  spec 0.0033)
  Ep2 step 1000/2667 | loss 0.0588 (clean 0.0203  adv 0.2548  spec 0.0032)
  Ep2 step 1050/2667 | loss 0.0281 (clean 0.0107  adv 0.1136  spec 0.0033)
  Ep2 step 1100/2667 | loss 0.0342 (clean 0.0201  adv 0.0923  spec 0.0028)
  Ep2 step 1150/2667 | loss 0.0702 (clean 0.0419  adv 0.1868  spec 0.0032)
  Ep2 step 1200/2667 | loss 0.1022 (clean 0.0355  adv 0.4425  spec 0.0031)
  Ep2 step 1250/2667 | loss 0.0503 (clean 0.0411  adv 0.0592  spec 0.0037)
  Ep2 step 1300/2667 | loss 0.0113 (clean 0.0080  adv 0.0201  spec 0.0028)
  Ep2 step 1350/2667 | loss 0.0292 (clean 0.0156  adv 0.0887  spec 0.0034)
  Ep2 step 1400/2667 | loss 0.0611 (clean 0.0312  adv 0.1966  spec 0.0031)
  Ep2 step 1450/2667 | loss 0.0878 (clean 0.0579  adv 0.1978  spec 0.0025)
  Ep2 step 1500/2667 | loss 0.0834 (clean 0.0417  adv 0.2764  spec 0.0025)
  Ep2 step 1550/2667 | loss 0.0477 (clean 0.0216  adv 0.1718  spec 0.0031)
  Ep2 step 1600/2667 | loss 0.0496 (clean 0.0301  adv 0.1280  spec 0.0032)
  Ep2 step 1650/2667 | loss 0.0224 (clean 0.0150  adv 0.0459  spec 0.0049)
  Ep2 step 1700/2667 | loss 0.0414 (clean 0.0282  adv 0.0860  spec 0.0029)
  Ep2 step 1750/2667 | loss 0.0267 (clean 0.0151  adv 0.0753  spec 0.0029)
  Ep2 step 1800/2667 | loss 0.0354 (clean 0.0174  adv 0.1180  spec 0.0033)
  Ep2 step 1850/2667 | loss 0.0404 (clean 0.0348  adv 0.0345  spec 0.0035)
  Ep2 step 1900/2667 | loss 0.0755 (clean 0.0524  adv 0.1522  spec 0.0031)
  Ep2 step 1950/2667 | loss 0.0479 (clean 0.0243  adv 0.1551  spec 0.0028)
  Ep2 step 2000/2667 | loss 0.0283 (clean 0.0125  adv 0.1043  spec 0.0020)
  Ep2 step 2050/2667 | loss 0.1092 (clean 0.0877  adv 0.1411  spec 0.0039)
  Ep2 step 2100/2667 | loss 0.0572 (clean 0.0158  adv 0.2730  spec 0.0042)
  Ep2 step 2150/2667 | loss 0.0390 (clean 0.0321  adv 0.0440  spec 0.0025)
  Ep2 step 2200/2667 | loss 0.0232 (clean 0.0196  adv 0.0218  spec 0.0027)
  Ep2 step 2250/2667 | loss 0.0692 (clean 0.0383  adv 0.2042  spec 0.0029)
  Ep2 step 2300/2667 | loss 0.0480 (clean 0.0296  adv 0.1209  spec 0.0036)
  Ep2 step 2350/2667 | loss 0.0582 (clean 0.0339  adv 0.1600  spec 0.0040)
  Ep2 step 2400/2667 | loss 0.0813 (clean 0.0545  adv 0.1760  spec 0.0034)
  Ep2 step 2450/2667 | loss 0.0610 (clean 0.0411  adv 0.1301  spec 0.0038)
  Ep2 step 2500/2667 | loss 0.0503 (clean 0.0375  adv 0.0838  spec 0.0025)
  Ep2 step 2550/2667 | loss 0.0440 (clean 0.0284  adv 0.1023  spec 0.0030)
  Ep2 step 2600/2667 | loss 0.0251 (clean 0.0122  adv 0.0844  spec 0.0030)
  Ep2 step 2650/2667 | loss 0.0349 (clean 0.0218  adv 0.0847  spec 0.0032)
Ep 02/6 | Loss 0.0684 | AUC 0.9843 | Acc 0.9312 | F1 0.9491
  Ep3 step 50/2667 | loss 0.0943 (clean 0.0612  adv 0.2193  spec 0.0026)
  Ep3 step 100/2667 | loss 0.0302 (clean 0.0218  adv 0.0540  spec 0.0034)
  Ep3 step 150/2667 | loss 0.0408 (clean 0.0312  adv 0.0626  spec 0.0026)
  Ep3 step 200/2667 | loss 0.0535 (clean 0.0403  adv 0.0868  spec 0.0024)
  Ep3 step 250/2667 | loss 0.0296 (clean 0.0200  adv 0.0618  spec 0.0027)
  Ep3 step 300/2667 | loss 0.1116 (clean 0.0692  adv 0.2804  spec 0.0032)
  Ep3 step 350/2667 | loss 0.0817 (clean 0.0494  adv 0.2138  spec 0.0027)
  Ep3 step 400/2667 | loss 0.0585 (clean 0.0377  adv 0.1361  spec 0.0042)
  Ep3 step 450/2667 | loss 0.1294 (clean 0.0932  adv 0.2400  spec 0.0029)
  Ep3 step 500/2667 | loss 0.0113 (clean 0.0062  adv 0.0317  spec 0.0032)
  Ep3 step 550/2667 | loss 0.0289 (clean 0.0240  adv 0.0310  spec 0.0031)
  Ep3 step 600/2667 | loss 0.0514 (clean 0.0402  adv 0.0715  spec 0.0051)
  Ep3 step 650/2667 | loss 0.0690 (clean 0.0246  adv 0.2940  spec 0.0032)
  Ep3 step 700/2667 | loss 0.0657 (clean 0.0450  adv 0.1362  spec 0.0036)
  Ep3 step 750/2667 | loss 0.0421 (clean 0.0267  adv 0.1006  spec 0.0033)
  Ep3 step 800/2667 | loss 0.0737 (clean 0.0326  adv 0.2718  spec 0.0036)
  Ep3 step 850/2667 | loss 0.0586 (clean 0.0470  adv 0.0752  spec 0.0033)
  Ep3 step 900/2667 | loss 0.0215 (clean 0.0115  adv 0.0645  spec 0.0030)
  Ep3 step 950/2667 | loss 0.0668 (clean 0.0337  adv 0.2186  spec 0.0029)
  Ep3 step 1000/2667 | loss 0.1871 (clean 0.1597  adv 0.1798  spec 0.0044)
  Ep3 step 1050/2667 | loss 0.0553 (clean 0.0193  adv 0.2380  spec 0.0030)
  Ep3 step 1100/2667 | loss 0.0198 (clean 0.0166  adv 0.0191  spec 0.0031)
  Ep3 step 1150/2667 | loss 0.0546 (clean 0.0378  adv 0.1095  spec 0.0034)
  Ep3 step 1200/2667 | loss 0.0415 (clean 0.0235  adv 0.1182  spec 0.0027)
  Ep3 step 1250/2667 | loss 0.0928 (clean 0.0708  adv 0.1446  spec 0.0032)
  Ep3 step 1300/2667 | loss 0.1157 (clean 0.0703  adv 0.3011  spec 0.0028)
  Ep3 step 1350/2667 | loss 0.0259 (clean 0.0189  adv 0.0444  spec 0.0030)
  Ep3 step 1400/2667 | loss 0.0395 (clean 0.0299  adv 0.0609  spec 0.0050)
  Ep3 step 1450/2667 | loss 0.0822 (clean 0.0439  adv 0.2531  spec 0.0038)
  Ep3 step 1500/2667 | loss 0.0530 (clean 0.0295  adv 0.1542  spec 0.0045)
  Ep3 step 1550/2667 | loss 0.0471 (clean 0.0297  adv 0.1130  spec 0.0050)
  Ep3 step 1600/2667 | loss 0.1036 (clean 0.0815  adv 0.1458  spec 0.0024)
  Ep3 step 1650/2667 | loss 0.0519 (clean 0.0192  adv 0.2162  spec 0.0025)
  Ep3 step 1700/2667 | loss 0.0321 (clean 0.0247  adv 0.0469  spec 0.0033)
  Ep3 step 1750/2667 | loss 0.0500 (clean 0.0292  adv 0.1362  spec 0.0035)
  Ep3 step 1800/2667 | loss 0.1291 (clean 0.0921  adv 0.2439  spec 0.0037)
  Ep3 step 1850/2667 | loss 0.0698 (clean 0.0398  adv 0.1974  spec 0.0036)
  Ep3 step 1900/2667 | loss 0.0811 (clean 0.0622  adv 0.1229  spec 0.0044)
  Ep3 step 1950/2667 | loss 0.0555 (clean 0.0305  adv 0.1651  spec 0.0026)
  Ep3 step 2000/2667 | loss 0.0563 (clean 0.0411  adv 0.0993  spec 0.0028)
  Ep3 step 2050/2667 | loss 0.0445 (clean 0.0211  adv 0.1535  spec 0.0039)
  Ep3 step 2100/2667 | loss 0.0668 (clean 0.0531  adv 0.0897  spec 0.0029)
  Ep3 step 2150/2667 | loss 0.0526 (clean 0.0204  adv 0.2114  spec 0.0045)
  Ep3 step 2200/2667 | loss 0.1164 (clean 0.0901  adv 0.1731  spec 0.0031)
  Ep3 step 2250/2667 | loss 0.0687 (clean 0.0473  adv 0.1403  spec 0.0032)
  Ep3 step 2300/2667 | loss 0.0267 (clean 0.0141  adv 0.0824  spec 0.0026)
  Ep3 step 2350/2667 | loss 0.0264 (clean 0.0175  adv 0.0562  spec 0.0044)
  Ep3 step 2400/2667 | loss 0.0576 (clean 0.0382  adv 0.1262  spec 0.0049)
  Ep3 step 2450/2667 | loss 0.1026 (clean 0.0809  adv 0.1427  spec 0.0029)
  Ep3 step 2500/2667 | loss 0.0293 (clean 0.0101  adv 0.1247  spec 0.0045)
  Ep3 step 2550/2667 | loss 0.0281 (clean 0.0231  adv 0.0317  spec 0.0022)
  Ep3 step 2600/2667 | loss 0.0746 (clean 0.0611  adv 0.0875  spec 0.0032)
  Ep3 step 2650/2667 | loss 0.1249 (clean 0.0902  adv 0.2288  spec 0.0044)
Ep 03/6 | Loss 0.0612 | AUC 0.9855 | Acc 0.9266 | F1 0.9453
  Ep4 step 50/2667 | loss 0.0392 (clean 0.0179  adv 0.1396  spec 0.0034)
  Ep4 step 100/2667 | loss 0.0342 (clean 0.0239  adv 0.0664  spec 0.0027)
  Ep4 step 150/2667 | loss 0.0446 (clean 0.0311  adv 0.0871  spec 0.0039)
  Ep4 step 200/2667 | loss 0.0425 (clean 0.0316  adv 0.0698  spec 0.0042)
  Ep4 step 250/2667 | loss 0.0411 (clean 0.0223  adv 0.1231  spec 0.0037)
  Ep4 step 300/2667 | loss 0.0513 (clean 0.0429  adv 0.0537  spec 0.0032)
  Ep4 step 350/2667 | loss 0.0757 (clean 0.0592  adv 0.1078  spec 0.0032)
  Ep4 step 400/2667 | loss 0.0418 (clean 0.0262  adv 0.1018  spec 0.0029)
  Ep4 step 450/2667 | loss 0.0643 (clean 0.0509  adv 0.0873  spec 0.0032)
  Ep4 step 500/2667 | loss 0.0467 (clean 0.0302  adv 0.1078  spec 0.0028)
  Ep4 step 550/2667 | loss 0.1033 (clean 0.0745  adv 0.1902  spec 0.0031)
  Ep4 step 600/2667 | loss 0.0552 (clean 0.0317  adv 0.1546  spec 0.0030)
  Ep4 step 650/2667 | loss 0.0598 (clean 0.0529  adv 0.0439  spec 0.0031)
  Ep4 step 700/2667 | loss 0.0370 (clean 0.0243  adv 0.0827  spec 0.0025)
  Ep4 step 750/2667 | loss 0.0840 (clean 0.0506  adv 0.2195  spec 0.0048)
  Ep4 step 800/2667 | loss 0.0171 (clean 0.0110  adv 0.0383  spec 0.0040)
  Ep4 step 850/2667 | loss 0.0325 (clean 0.0132  adv 0.1268  spec 0.0026)
  Ep4 step 900/2667 | loss 0.0248 (clean 0.0205  adv 0.0265  spec 0.0030)
  Ep4 step 950/2667 | loss 0.0819 (clean 0.0602  adv 0.1428  spec 0.0030)
  Ep4 step 1000/2667 | loss 0.0198 (clean 0.0116  adv 0.0535  spec 0.0026)
  Ep4 step 1050/2667 | loss 0.0244 (clean 0.0186  adv 0.0361  spec 0.0034)
  Ep4 step 1100/2667 | loss 0.0969 (clean 0.0643  adv 0.2143  spec 0.0049)
  Ep4 step 1150/2667 | loss 0.0705 (clean 0.0462  adv 0.1599  spec 0.0034)
  Ep4 step 1200/2667 | loss 0.0400 (clean 0.0256  adv 0.0939  spec 0.0029)
  Ep4 step 1250/2667 | loss 0.0456 (clean 0.0294  adv 0.1057  spec 0.0026)
  Ep4 step 1300/2667 | loss 0.0301 (clean 0.0219  adv 0.0519  spec 0.0041)
  Ep4 step 1350/2667 | loss 0.0343 (clean 0.0177  adv 0.1084  spec 0.0032)
  Ep4 step 1400/2667 | loss 0.0318 (clean 0.0245  adv 0.0462  spec 0.0032)
  Ep4 step 1450/2667 | loss 0.0395 (clean 0.0282  adv 0.0722  spec 0.0045)
  Ep4 step 1500/2667 | loss 0.0361 (clean 0.0233  adv 0.0832  spec 0.0028)
  Ep4 step 1550/2667 | loss 0.0295 (clean 0.0242  adv 0.0327  spec 0.0044)
  Ep4 step 1600/2667 | loss 0.0840 (clean 0.0414  adv 0.2808  spec 0.0043)
  Ep4 step 1650/2667 | loss 0.0211 (clean 0.0160  adv 0.0319  spec 0.0028)
  Ep4 step 1700/2667 | loss 0.0299 (clean 0.0128  adv 0.1113  spec 0.0041)
  Ep4 step 1750/2667 | loss 0.0562 (clean 0.0432  adv 0.0842  spec 0.0031)
  Ep4 step 1800/2667 | loss 0.0390 (clean 0.0252  adv 0.0901  spec 0.0028)
  Ep4 step 1850/2667 | loss 0.0466 (clean 0.0261  adv 0.1350  spec 0.0027)
  Ep4 step 1900/2667 | loss 0.0599 (clean 0.0454  adv 0.0947  spec 0.0028)
  Ep4 step 1950/2667 | loss 0.0913 (clean 0.0725  adv 0.1233  spec 0.0034)
  Ep4 step 2000/2667 | loss 0.0228 (clean 0.0175  adv 0.0318  spec 0.0049)
  Ep4 step 2050/2667 | loss 0.0333 (clean 0.0280  adv 0.0328  spec 0.0037)
  Ep4 step 2100/2667 | loss 0.0558 (clean 0.0452  adv 0.0683  spec 0.0034)
  Ep4 step 2150/2667 | loss 0.0324 (clean 0.0202  adv 0.0789  spec 0.0034)
  Ep4 step 2200/2667 | loss 0.0347 (clean 0.0170  adv 0.1158  spec 0.0033)
  Ep4 step 2250/2667 | loss 0.0277 (clean 0.0168  adv 0.0704  spec 0.0027)
  Ep4 step 2300/2667 | loss 0.0493 (clean 0.0374  adv 0.0777  spec 0.0024)
  Ep4 step 2350/2667 | loss 0.0201 (clean 0.0122  adv 0.0507  spec 0.0038)
  Ep4 step 2400/2667 | loss 0.0419 (clean 0.0327  adv 0.0593  spec 0.0029)
  Ep4 step 2450/2667 | loss 0.0499 (clean 0.0336  adv 0.1058  spec 0.0039)
  Ep4 step 2500/2667 | loss 0.0509 (clean 0.0360  adv 0.0978  spec 0.0023)
  Ep4 step 2550/2667 | loss 0.1000 (clean 0.0698  adv 0.1998  spec 0.0025)
  Ep4 step 2600/2667 | loss 0.0427 (clean 0.0322  adv 0.0670  spec 0.0044)
  Ep4 step 2650/2667 | loss 0.0676 (clean 0.0529  adv 0.0954  spec 0.0035)
Ep 04/6 | Loss 0.0570 | AUC 0.9851 | Acc 0.9139 | F1 0.9347
  Ep5 step 50/2667 | loss 0.1889 (clean 0.1552  adv 0.2228  spec 0.0025)
  Ep5 step 100/2667 | loss 0.0313 (clean 0.0201  adv 0.0726  spec 0.0031)
  Ep5 step 150/2667 | loss 0.0397 (clean 0.0254  adv 0.0923  spec 0.0045)
  Ep5 step 200/2667 | loss 0.0311 (clean 0.0209  adv 0.0652  spec 0.0042)
  Ep5 step 250/2667 | loss 0.0547 (clean 0.0306  adv 0.1578  spec 0.0037)
  Ep5 step 300/2667 | loss 0.0527 (clean 0.0368  adv 0.1038  spec 0.0033)
  Ep5 step 350/2667 | loss 0.0270 (clean 0.0212  adv 0.0359  spec 0.0035)
  Ep5 step 400/2667 | loss 0.0359 (clean 0.0283  adv 0.0482  spec 0.0042)
  Ep5 step 450/2667 | loss 0.0776 (clean 0.0589  adv 0.1227  spec 0.0033)
  Ep5 step 500/2667 | loss 0.0246 (clean 0.0206  adv 0.0244  spec 0.0033)
  Ep5 step 550/2667 | loss 0.0383 (clean 0.0269  adv 0.0738  spec 0.0038)
  Ep5 step 600/2667 | loss 0.0470 (clean 0.0390  adv 0.0512  spec 0.0036)
  Ep5 step 650/2667 | loss 0.0805 (clean 0.0464  adv 0.2250  spec 0.0037)
  Ep5 step 700/2667 | loss 0.0568 (clean 0.0416  adv 0.0999  spec 0.0023)
  Ep5 step 750/2667 | loss 0.0240 (clean 0.0142  adv 0.0637  spec 0.0032)
  Ep5 step 800/2667 | loss 0.0702 (clean 0.0545  adv 0.1026  spec 0.0031)
  Ep5 step 850/2667 | loss 0.0447 (clean 0.0243  adv 0.1341  spec 0.0032)
  Ep5 step 900/2667 | loss 0.0280 (clean 0.0186  adv 0.0600  spec 0.0041)
  Ep5 step 950/2667 | loss 0.0544 (clean 0.0416  adv 0.0834  spec 0.0033)
  Ep5 step 1000/2667 | loss 0.0534 (clean 0.0284  adv 0.1644  spec 0.0026)
  Ep5 step 1050/2667 | loss 0.0510 (clean 0.0425  adv 0.0543  spec 0.0031)
  Ep5 step 1100/2667 | loss 0.0379 (clean 0.0269  adv 0.0701  spec 0.0040)
  Ep5 step 1150/2667 | loss 0.0252 (clean 0.0180  adv 0.0464  spec 0.0028)
  Ep5 step 1200/2667 | loss 0.0404 (clean 0.0214  adv 0.1243  spec 0.0034)
  Ep5 step 1250/2667 | loss 0.0564 (clean 0.0350  adv 0.1413  spec 0.0023)
  Ep5 step 1300/2667 | loss 0.0192 (clean 0.0134  adv 0.0373  spec 0.0029)
  Ep5 step 1350/2667 | loss 0.0523 (clean 0.0318  adv 0.1332  spec 0.0047)
  Ep5 step 1400/2667 | loss 0.0506 (clean 0.0443  adv 0.0407  spec 0.0027)
  Ep5 step 1450/2667 | loss 0.0271 (clean 0.0184  adv 0.0555  spec 0.0037)
  Ep5 step 1500/2667 | loss 0.0434 (clean 0.0202  adv 0.1515  spec 0.0051)
  Ep5 step 1550/2667 | loss 0.0583 (clean 0.0347  adv 0.1552  spec 0.0037)
  Ep5 step 1600/2667 | loss 0.0566 (clean 0.0191  adv 0.2478  spec 0.0032)
  Ep5 step 1650/2667 | loss 0.0720 (clean 0.0597  adv 0.0792  spec 0.0040)
  Ep5 step 1700/2667 | loss 0.1019 (clean 0.0740  adv 0.1836  spec 0.0035)
  Ep5 step 1750/2667 | loss 0.0501 (clean 0.0385  adv 0.0755  spec 0.0025)
  Ep5 step 1800/2667 | loss 0.0639 (clean 0.0332  adv 0.2024  spec 0.0032)
  Ep5 step 1850/2667 | loss 0.0384 (clean 0.0233  adv 0.0983  spec 0.0031)
  Ep5 step 1900/2667 | loss 0.0387 (clean 0.0257  adv 0.0853  spec 0.0027)
  Ep5 step 1950/2667 | loss 0.0437 (clean 0.0364  adv 0.0459  spec 0.0040)
  Ep5 step 2000/2667 | loss 0.0250 (clean 0.0107  adv 0.0936  spec 0.0026)
  Ep5 step 2050/2667 | loss 0.0471 (clean 0.0343  adv 0.0832  spec 0.0033)
  Ep5 step 2100/2667 | loss 0.0451 (clean 0.0244  adv 0.1357  spec 0.0035)
  Ep5 step 2150/2667 | loss 0.0316 (clean 0.0254  adv 0.0388  spec 0.0034)
  Ep5 step 2200/2667 | loss 0.0338 (clean 0.0246  adv 0.0591  spec 0.0033)
  Ep5 step 2250/2667 | loss 0.0776 (clean 0.0529  adv 0.1623  spec 0.0032)
  Ep5 step 2300/2667 | loss 0.0636 (clean 0.0414  adv 0.1453  spec 0.0034)
  Ep5 step 2350/2667 | loss 0.0289 (clean 0.0247  adv 0.0259  spec 0.0031)
  Ep5 step 2400/2667 | loss 0.0489 (clean 0.0251  adv 0.1565  spec 0.0033)
  Ep5 step 2450/2667 | loss 0.0728 (clean 0.0364  adv 0.2410  spec 0.0026)
  Ep5 step 2500/2667 | loss 0.0282 (clean 0.0145  adv 0.0894  spec 0.0031)
  Ep5 step 2550/2667 | loss 0.0653 (clean 0.0540  adv 0.0735  spec 0.0025)
  Ep5 step 2600/2667 | loss 0.0671 (clean 0.0405  adv 0.1754  spec 0.0030)
  Ep5 step 2650/2667 | loss 0.0279 (clean 0.0181  adv 0.0625  spec 0.0042)
Ep 05/6 | Loss 0.0553 | AUC 0.9853 | Acc 0.8994 | F1 0.9225

Early stopping at epoch 5.

Best Phase 3b Dev AUC : 0.9867

=================================================================
  PHASE 3b ROBUSTNESS EVALUATION
=================================================================
  Clean      — AUC 0.9865  Acc 0.9252  F1 0.9440
  FGSM       — AUC 0.4269  Acc 0.3297  F1 0.3774
  PGD-5      — AUC 0.0287  Acc 0.0575  F1 0.0528
  F-SAT      — AUC 0.7318  Acc 0.5604  F1 0.6092

Checkpoint : /home/rit/deepfake_project/audio/checkpoints/rawnet3_phase3b.pt
Metrics    : /home/rit/deepfake_project/audio/logs/phase3b_metrics.json
Log        : /home/rit/deepfake_project/audio/logs/phase3b_log.csv
