nohup: ignoring input
Loaded Phase 3 checkpoint — Dev AUC 0.9912  Dev Acc 0.9526
All 59 param groups unfrozen for Phase 3b

=================================================================
  AudioGuard RawNet3-FSAT — Phase 3b Hardened Adversarial Training
=================================================================
Device      : cuda  |  AMP: True
FGSM ε=0.008  PGD ε=0.015/7-step  F-SAT ε=0.015  adv_ratio=0.4  spec_weight=0.1

Scanning data (cap 80k)...
  for_dataset                                   real= 84,756  fake= 84,980
  realvsfake_voice                              real=     20  fake=     60
  wavefake                                      real= 13,100  fake=134,266
Mixed   : 80,000 total samples
Split   : Train 64,002 | Dev 7,999 | Eval 7,999

=================================================================
  Training
=================================================================
  Ep1 step 50/2667 | loss 0.2549 (clean 0.0719  adv 1.2183  spec 0.0027)
  Ep1 step 100/2667 | loss 0.4198 (clean 0.1431  adv 1.8430  spec 0.0031)
  Ep1 step 150/2667 | loss 0.2483 (clean 0.0018  adv 1.6394  spec 0.0055)
  Ep1 step 200/2667 | loss 0.3150 (clean 0.0616  adv 1.6875  spec 0.0031)
  Ep1 step 250/2667 | loss 0.3258 (clean 0.1158  adv 1.3979  spec 0.0035)
  Ep1 step 300/2667 | loss 0.3363 (clean 0.0707  adv 1.7676  spec 0.0045)
  Ep1 step 350/2667 | loss 0.1835 (clean 0.0603  adv 0.8192  spec 0.0027)
  Ep1 step 400/2667 | loss 0.2453 (clean 0.1082  adv 0.9125  spec 0.0027)
  Ep1 step 450/2667 | loss 0.3428 (clean 0.1011  adv 1.6085  spec 0.0039)
  Ep1 step 500/2667 | loss 0.2795 (clean 0.0657  adv 1.4225  spec 0.0038)
  Ep1 step 550/2667 | loss 0.2100 (clean 0.1005  adv 0.7276  spec 0.0037)
  Ep1 step 600/2667 | loss 0.2204 (clean 0.0326  adv 1.2494  spec 0.0038)
  Ep1 step 650/2667 | loss 0.2376 (clean 0.0522  adv 1.2341  spec 0.0026)
  Ep1 step 700/2667 | loss 0.1360 (clean 0.0136  adv 0.8131  spec 0.0043)
  Ep1 step 750/2667 | loss 0.1570 (clean 0.0220  adv 0.8977  spec 0.0035)
  Ep1 step 800/2667 | loss 0.2379 (clean 0.0881  adv 0.9964  spec 0.0031)
  Ep1 step 850/2667 | loss 0.2310 (clean 0.0477  adv 1.2197  spec 0.0035)
  Ep1 step 900/2667 | loss 0.2054 (clean 0.0192  adv 1.2389  spec 0.0030)
  Ep1 step 950/2667 | loss 0.1684 (clean 0.0329  adv 0.9015  spec 0.0034)
  Ep1 step 1000/2667 | loss 0.1547 (clean 0.0335  adv 0.8058  spec 0.0037)
  Ep1 step 1050/2667 | loss 0.2191 (clean 0.0162  adv 1.3507  spec 0.0029)
  Ep1 step 1100/2667 | loss 0.0885 (clean 0.0194  adv 0.4581  spec 0.0041)
  Ep1 step 1150/2667 | loss 0.1829 (clean 0.0336  adv 0.9922  spec 0.0044)
  Ep1 step 1200/2667 | loss 0.1823 (clean 0.0274  adv 1.0306  spec 0.0037)
  Ep1 step 1250/2667 | loss 0.2115 (clean 0.1194  adv 0.6109  spec 0.0044)
  Ep1 step 1300/2667 | loss 0.0880 (clean 0.0123  adv 0.5036  spec 0.0022)
  Ep1 step 1350/2667 | loss 0.1759 (clean 0.1112  adv 0.4278  spec 0.0053)
  Ep1 step 1400/2667 | loss 0.1538 (clean 0.0665  adv 0.5801  spec 0.0034)
  Ep1 step 1450/2667 | loss 0.1561 (clean 0.0681  adv 0.5843  spec 0.0031)
  Ep1 step 1500/2667 | loss 0.1481 (clean 0.0438  adv 0.6942  spec 0.0020)
  Ep1 step 1550/2667 | loss 0.2923 (clean 0.1359  adv 1.0397  spec 0.0046)
  Ep1 step 1600/2667 | loss 0.0855 (clean 0.0220  adv 0.4202  spec 0.0045)
  Ep1 step 1650/2667 | loss 0.1832 (clean 0.0485  adv 0.8962  spec 0.0037)
  Ep1 step 1700/2667 | loss 0.3602 (clean 0.1924  adv 1.1172  spec 0.0028)
  Ep1 step 1750/2667 | loss 0.1495 (clean 0.0150  adv 0.8947  spec 0.0028)
  Ep1 step 1800/2667 | loss 0.1499 (clean 0.0645  adv 0.5672  spec 0.0033)
  Ep1 step 1850/2667 | loss 0.1272 (clean 0.0414  adv 0.5697  spec 0.0034)
  Ep1 step 1900/2667 | loss 0.0931 (clean 0.0304  adv 0.4163  spec 0.0029)
  Ep1 step 1950/2667 | loss 0.1409 (clean 0.0089  adv 0.8777  spec 0.0034)
  Ep1 step 2000/2667 | loss 0.0833 (clean 0.0200  adv 0.4199  spec 0.0030)
  Ep1 step 2050/2667 | loss 0.1081 (clean 0.0314  adv 0.5091  spec 0.0030)
  Ep1 step 2100/2667 | loss 0.1267 (clean 0.0444  adv 0.5459  spec 0.0037)
  Ep1 step 2150/2667 | loss 0.1039 (clean 0.0659  adv 0.2516  spec 0.0029)
  Ep1 step 2200/2667 | loss 0.1207 (clean 0.0289  adv 0.6095  spec 0.0033)
  Ep1 step 2250/2667 | loss 0.1639 (clean 0.0773  adv 0.5753  spec 0.0025)
  Ep1 step 2300/2667 | loss 0.0701 (clean 0.0215  adv 0.3210  spec 0.0046)
  Ep1 step 2350/2667 | loss 0.1202 (clean 0.0305  adv 0.5961  spec 0.0030)
  Ep1 step 2400/2667 | loss 0.2038 (clean 0.0998  adv 0.6909  spec 0.0037)
  Ep1 step 2450/2667 | loss 0.1294 (clean 0.0613  adv 0.4510  spec 0.0038)
  Ep1 step 2500/2667 | loss 0.4139 (clean 0.2664  adv 0.9809  spec 0.0043)
  Ep1 step 2550/2667 | loss 0.0714 (clean 0.0262  adv 0.2996  spec 0.0029)
  Ep1 step 2600/2667 | loss 0.2207 (clean 0.1164  adv 0.6933  spec 0.0034)
  Ep1 step 2650/2667 | loss 0.1905 (clean 0.1158  adv 0.4967  spec 0.0026)
Ep 01/6 | Loss 0.1876 | AUC 0.9751 | Acc 0.8946 | F1 0.9196  ✓ saved
  Ep2 step 50/2667 | loss 0.1804 (clean 0.0741  adv 0.7062  spec 0.0041)
  Ep2 step 100/2667 | loss 0.1198 (clean 0.0310  adv 0.5899  spec 0.0029)
  Ep2 step 150/2667 | loss 0.1021 (clean 0.0431  adv 0.3913  spec 0.0030)
  Ep2 step 200/2667 | loss 0.2292 (clean 0.1339  adv 0.6336  spec 0.0026)
  Ep2 step 250/2667 | loss 0.1077 (clean 0.0260  adv 0.5426  spec 0.0033)
  Ep2 step 300/2667 | loss 0.1339 (clean 0.0407  adv 0.6184  spec 0.0047)
  Ep2 step 350/2667 | loss 0.1071 (clean 0.0386  adv 0.4541  spec 0.0036)
  Ep2 step 400/2667 | loss 0.0982 (clean 0.0163  adv 0.5427  spec 0.0041)
  Ep2 step 450/2667 | loss 0.0745 (clean 0.0262  adv 0.3189  spec 0.0041)
  Ep2 step 500/2667 | loss 0.0721 (clean 0.0458  adv 0.1730  spec 0.0030)
  Ep2 step 550/2667 | loss 0.0957 (clean 0.0350  adv 0.4027  spec 0.0034)
  Ep2 step 600/2667 | loss 0.0761 (clean 0.0317  adv 0.2932  spec 0.0037)
  Ep2 step 650/2667 | loss 0.1220 (clean 0.0361  adv 0.5700  spec 0.0037)
  Ep2 step 700/2667 | loss 0.1025 (clean 0.0234  adv 0.5254  spec 0.0026)
  Ep2 step 750/2667 | loss 0.0869 (clean 0.0302  adv 0.3757  spec 0.0037)
  Ep2 step 800/2667 | loss 0.1706 (clean 0.0773  adv 0.6201  spec 0.0031)
  Ep2 step 850/2667 | loss 0.1016 (clean 0.0302  adv 0.4738  spec 0.0035)
  Ep2 step 900/2667 | loss 0.0956 (clean 0.0341  adv 0.4076  spec 0.0031)
  Ep2 step 950/2667 | loss 0.2050 (clean 0.1336  adv 0.4735  spec 0.0034)
  Ep2 step 1000/2667 | loss 0.0901 (clean 0.0290  adv 0.4055  spec 0.0033)
  Ep2 step 1050/2667 | loss 0.0681 (clean 0.0158  adv 0.3465  spec 0.0033)
  Ep2 step 1100/2667 | loss 0.0839 (clean 0.0331  adv 0.3369  spec 0.0029)
  Ep2 step 1150/2667 | loss 0.1638 (clean 0.0606  adv 0.6855  spec 0.0032)
  Ep2 step 1200/2667 | loss 0.1555 (clean 0.0408  adv 0.7624  spec 0.0031)
  Ep2 step 1250/2667 | loss 0.0887 (clean 0.0287  adv 0.3977  spec 0.0037)
  Ep2 step 1300/2667 | loss 0.0565 (clean 0.0203  adv 0.2392  spec 0.0029)
  Ep2 step 1350/2667 | loss 0.0841 (clean 0.0208  adv 0.4197  spec 0.0034)
  Ep2 step 1400/2667 | loss 0.0510 (clean 0.0322  adv 0.1229  spec 0.0031)
  Ep2 step 1450/2667 | loss 0.1292 (clean 0.0559  adv 0.4873  spec 0.0025)
  Ep2 step 1500/2667 | loss 0.1221 (clean 0.0359  adv 0.5732  spec 0.0025)
  Ep2 step 1550/2667 | loss 0.0941 (clean 0.0278  adv 0.4399  spec 0.0032)
  Ep2 step 1600/2667 | loss 0.0980 (clean 0.0388  adv 0.3925  spec 0.0033)
  Ep2 step 1650/2667 | loss 0.0574 (clean 0.0222  adv 0.2314  spec 0.0049)
  Ep2 step 1700/2667 | loss 0.1210 (clean 0.0493  adv 0.4760  spec 0.0029)
  Ep2 step 1750/2667 | loss 0.0926 (clean 0.0234  adv 0.4594  spec 0.0030)
  Ep2 step 1800/2667 | loss 0.1035 (clean 0.0429  adv 0.4016  spec 0.0033)
  Ep2 step 1850/2667 | loss 0.0843 (clean 0.0538  adv 0.2005  spec 0.0036)
  Ep2 step 1900/2667 | loss 0.0974 (clean 0.0558  adv 0.2757  spec 0.0032)
  Ep2 step 1950/2667 | loss 0.0854 (clean 0.0334  adv 0.3449  spec 0.0029)
  Ep2 step 2000/2667 | loss 0.0798 (clean 0.0245  adv 0.3673  spec 0.0021)
  Ep2 step 2050/2667 | loss 0.0980 (clean 0.0722  adv 0.1693  spec 0.0039)
  Ep2 step 2100/2667 | loss 0.0966 (clean 0.0285  adv 0.4508  spec 0.0042)
  Ep2 step 2150/2667 | loss 0.0968 (clean 0.0395  adv 0.3803  spec 0.0026)
  Ep2 step 2200/2667 | loss 0.0517 (clean 0.0283  adv 0.1536  spec 0.0028)
  Ep2 step 2250/2667 | loss 0.0965 (clean 0.0455  adv 0.3378  spec 0.0030)
  Ep2 step 2300/2667 | loss 0.0994 (clean 0.0428  adv 0.3745  spec 0.0037)
  Ep2 step 2350/2667 | loss 0.1365 (clean 0.0491  adv 0.5801  spec 0.0040)
  Ep2 step 2400/2667 | loss 0.0918 (clean 0.0561  adv 0.2359  spec 0.0035)
  Ep2 step 2450/2667 | loss 0.0693 (clean 0.0256  adv 0.2890  spec 0.0038)
  Ep2 step 2500/2667 | loss 0.0675 (clean 0.0426  adv 0.1646  spec 0.0026)
  Ep2 step 2550/2667 | loss 0.1039 (clean 0.0472  adv 0.3759  spec 0.0030)
  Ep2 step 2600/2667 | loss 0.0676 (clean 0.0254  adv 0.2795  spec 0.0031)
  Ep2 step 2650/2667 | loss 0.0930 (clean 0.0345  adv 0.3877  spec 0.0033)
Ep 02/6 | Loss 0.1098 | AUC 0.9676 | Acc 0.8795 | F1 0.9081
  Ep3 step 50/2667 | loss 0.1247 (clean 0.0613  adv 0.4213  spec 0.0026)
  Ep3 step 100/2667 | loss 0.1146 (clean 0.0431  adv 0.4741  spec 0.0035)
  Ep3 step 150/2667 | loss 0.0747 (clean 0.0386  adv 0.2392  spec 0.0026)
  Ep3 step 200/2667 | loss 0.1067 (clean 0.0556  adv 0.3390  spec 0.0024)
  Ep3 step 250/2667 | loss 0.0970 (clean 0.0520  adv 0.2980  spec 0.0028)
  Ep3 step 300/2667 | loss 0.1311 (clean 0.0686  adv 0.4144  spec 0.0032)
  Ep3 step 350/2667 | loss 0.1016 (clean 0.0563  adv 0.3001  spec 0.0027)
  Ep3 step 400/2667 | loss 0.1428 (clean 0.0716  adv 0.4718  spec 0.0043)
  Ep3 step 450/2667 | loss 0.1691 (clean 0.1113  adv 0.3833  spec 0.0029)
  Ep3 step 500/2667 | loss 0.0327 (clean 0.0107  adv 0.1445  spec 0.0033)
  Ep3 step 550/2667 | loss 0.0394 (clean 0.0202  adv 0.1262  spec 0.0032)
  Ep3 step 600/2667 | loss 0.0770 (clean 0.0551  adv 0.1430  spec 0.0051)
  Ep3 step 650/2667 | loss 0.0492 (clean 0.0271  adv 0.1447  spec 0.0033)
  Ep3 step 700/2667 | loss 0.0864 (clean 0.0548  adv 0.2081  spec 0.0037)
  Ep3 step 750/2667 | loss 0.0689 (clean 0.0414  adv 0.1810  spec 0.0033)
  Ep3 step 800/2667 | loss 0.0983 (clean 0.0443  adv 0.3573  spec 0.0037)
  Ep3 step 850/2667 | loss 0.1311 (clean 0.0673  adv 0.4233  spec 0.0033)
  Ep3 step 900/2667 | loss 0.0516 (clean 0.0229  adv 0.1893  spec 0.0031)
  Ep3 step 950/2667 | loss 0.0580 (clean 0.0413  adv 0.1097  spec 0.0029)
  Ep3 step 1000/2667 | loss 0.1342 (clean 0.1080  adv 0.1717  spec 0.0044)
  Ep3 step 1050/2667 | loss 0.0757 (clean 0.0319  adv 0.2902  spec 0.0031)
  Ep3 step 1100/2667 | loss 0.0362 (clean 0.0240  adv 0.0790  spec 0.0032)
  Ep3 step 1150/2667 | loss 0.0654 (clean 0.0364  adv 0.1911  spec 0.0035)
  Ep3 step 1200/2667 | loss 0.0698 (clean 0.0261  adv 0.2891  spec 0.0027)
  Ep3 step 1250/2667 | loss 0.1175 (clean 0.0701  adv 0.3135  spec 0.0032)
  Ep3 step 1300/2667 | loss 0.1017 (clean 0.0581  adv 0.2885  spec 0.0028)
  Ep3 step 1350/2667 | loss 0.0633 (clean 0.0309  adv 0.2138  spec 0.0030)
  Ep3 step 1400/2667 | loss 0.0638 (clean 0.0441  adv 0.1280  spec 0.0051)
  Ep3 step 1450/2667 | loss 0.0939 (clean 0.0476  adv 0.3063  spec 0.0039)
  Ep3 step 1500/2667 | loss 0.0845 (clean 0.0333  adv 0.3383  spec 0.0046)
  Ep3 step 1550/2667 | loss 0.0838 (clean 0.0465  adv 0.2452  spec 0.0050)
  Ep3 step 1600/2667 | loss 0.0711 (clean 0.0518  adv 0.1276  spec 0.0024)
  Ep3 step 1650/2667 | loss 0.0830 (clean 0.0542  adv 0.1900  spec 0.0026)
  Ep3 step 1700/2667 | loss 0.0519 (clean 0.0319  adv 0.1309  spec 0.0033)
  Ep3 step 1750/2667 | loss 0.0748 (clean 0.0414  adv 0.2201  spec 0.0035)
  Ep3 step 1800/2667 | loss 0.1341 (clean 0.0953  adv 0.2563  spec 0.0038)
  Ep3 step 1850/2667 | loss 0.1249 (clean 0.0679  adv 0.3774  spec 0.0037)
  Ep3 step 1900/2667 | loss 0.1285 (clean 0.0651  adv 0.4202  spec 0.0045)
  Ep3 step 1950/2667 | loss 0.0817 (clean 0.0537  adv 0.1846  spec 0.0026)
  Ep3 step 2000/2667 | loss 0.0804 (clean 0.0617  adv 0.1230  spec 0.0028)
  Ep3 step 2050/2667 | loss 0.0683 (clean 0.0289  adv 0.2597  spec 0.0039)
  Ep3 step 2100/2667 | loss 0.0823 (clean 0.0593  adv 0.1511  spec 0.0030)
  Ep3 step 2150/2667 | loss 0.0547 (clean 0.0277  adv 0.1773  spec 0.0046)
  Ep3 step 2200/2667 | loss 0.1174 (clean 0.0791  adv 0.2533  spec 0.0031)
  Ep3 step 2250/2667 | loss 0.0801 (clean 0.0428  adv 0.2461  spec 0.0033)
  Ep3 step 2300/2667 | loss 0.0505 (clean 0.0184  adv 0.2118  spec 0.0027)
  Ep3 step 2350/2667 | loss 0.0520 (clean 0.0233  adv 0.1884  spec 0.0044)
  Ep3 step 2400/2667 | loss 0.0721 (clean 0.0436  adv 0.1869  spec 0.0049)
  Ep3 step 2450/2667 | loss 0.1425 (clean 0.0957  adv 0.3106  spec 0.0030)
  Ep3 step 2500/2667 | loss 0.0500 (clean 0.0215  adv 0.1869  spec 0.0046)
  Ep3 step 2550/2667 | loss 0.0373 (clean 0.0266  adv 0.0697  spec 0.0023)
  Ep3 step 2600/2667 | loss 0.0852 (clean 0.0623  adv 0.1506  spec 0.0033)
  Ep3 step 2650/2667 | loss 0.1238 (clean 0.0860  adv 0.2494  spec 0.0044)
Ep 03/6 | Loss 0.0890 | AUC 0.9664 | Acc 0.8699 | F1 0.8997
  Ep4 step 50/2667 | loss 0.0624 (clean 0.0216  adv 0.2700  spec 0.0035)
  Ep4 step 100/2667 | loss 0.0352 (clean 0.0242  adv 0.0718  spec 0.0028)
  Ep4 step 150/2667 | loss 0.0626 (clean 0.0300  adv 0.2149  spec 0.0039)
  Ep4 step 200/2667 | loss 0.0799 (clean 0.0512  adv 0.1887  spec 0.0042)
  Ep4 step 250/2667 | loss 0.0786 (clean 0.0275  adv 0.3380  spec 0.0038)
  Ep4 step 300/2667 | loss 0.0587 (clean 0.0351  adv 0.1554  spec 0.0033)
  Ep4 step 350/2667 | loss 0.0815 (clean 0.0413  adv 0.2658  spec 0.0032)
  Ep4 step 400/2667 | loss 0.0569 (clean 0.0332  adv 0.1558  spec 0.0030)
  Ep4 step 450/2667 | loss 0.0940 (clean 0.0562  adv 0.2498  spec 0.0032)
  Ep4 step 500/2667 | loss 0.0715 (clean 0.0373  adv 0.2259  spec 0.0028)
  Ep4 step 550/2667 | loss 0.1270 (clean 0.0863  adv 0.2696  spec 0.0031)
  Ep4 step 600/2667 | loss 0.0616 (clean 0.0397  adv 0.1440  spec 0.0030)
  Ep4 step 650/2667 | loss 0.0820 (clean 0.0353  adv 0.3092  spec 0.0032)
  Ep4 step 700/2667 | loss 0.0718 (clean 0.0380  adv 0.2239  spec 0.0026)
  Ep4 step 750/2667 | loss 0.0974 (clean 0.0532  adv 0.2911  spec 0.0049)
  Ep4 step 800/2667 | loss 0.0439 (clean 0.0225  adv 0.1397  spec 0.0040)
  Ep4 step 850/2667 | loss 0.0460 (clean 0.0198  adv 0.1723  spec 0.0027)
  Ep4 step 900/2667 | loss 0.0633 (clean 0.0383  adv 0.1643  spec 0.0030)
  Ep4 step 950/2667 | loss 0.1099 (clean 0.0705  adv 0.2604  spec 0.0030)
  Ep4 step 1000/2667 | loss 0.0337 (clean 0.0218  adv 0.0771  spec 0.0026)
  Ep4 step 1050/2667 | loss 0.0713 (clean 0.0308  adv 0.2675  spec 0.0035)
  Ep4 step 1100/2667 | loss 0.1006 (clean 0.0627  adv 0.2494  spec 0.0049)
  Ep4 step 1150/2667 | loss 0.0854 (clean 0.0582  adv 0.1789  spec 0.0034)
  Ep4 step 1200/2667 | loss 0.0503 (clean 0.0278  adv 0.1481  spec 0.0029)
  Ep4 step 1250/2667 | loss 0.0711 (clean 0.0271  adv 0.2915  spec 0.0027)
  Ep4 step 1300/2667 | loss 0.0550 (clean 0.0323  adv 0.1486  spec 0.0041)
  Ep4 step 1350/2667 | loss 0.0631 (clean 0.0301  adv 0.2173  spec 0.0032)
  Ep4 step 1400/2667 | loss 0.0718 (clean 0.0365  adv 0.2332  spec 0.0032)
  Ep4 step 1450/2667 | loss 0.1113 (clean 0.0624  adv 0.3226  spec 0.0045)
  Ep4 step 1500/2667 | loss 0.0527 (clean 0.0323  adv 0.1339  spec 0.0028)
  Ep4 step 1550/2667 | loss 0.0712 (clean 0.0327  adv 0.2532  spec 0.0044)
  Ep4 step 1600/2667 | loss 0.0593 (clean 0.0353  adv 0.1571  spec 0.0043)
  Ep4 step 1650/2667 | loss 0.0491 (clean 0.0275  adv 0.1424  spec 0.0029)
  Ep4 step 1700/2667 | loss 0.0491 (clean 0.0317  adv 0.1128  spec 0.0042)
  Ep4 step 1750/2667 | loss 0.0871 (clean 0.0553  adv 0.2100  spec 0.0031)
  Ep4 step 1800/2667 | loss 0.0507 (clean 0.0349  adv 0.1036  spec 0.0029)
  Ep4 step 1850/2667 | loss 0.0789 (clean 0.0524  adv 0.1753  spec 0.0027)
  Ep4 step 1900/2667 | loss 0.0900 (clean 0.0626  adv 0.1805  spec 0.0029)
  Ep4 step 1950/2667 | loss 0.0730 (clean 0.0592  adv 0.0898  spec 0.0034)
  Ep4 step 2000/2667 | loss 0.0463 (clean 0.0260  adv 0.1324  spec 0.0050)
  Ep4 step 2050/2667 | loss 0.0653 (clean 0.0306  adv 0.2291  spec 0.0037)
  Ep4 step 2100/2667 | loss 0.0896 (clean 0.0531  adv 0.2410  spec 0.0034)
  Ep4 step 2150/2667 | loss 0.0489 (clean 0.0280  adv 0.1373  spec 0.0034)
  Ep4 step 2200/2667 | loss 0.0438 (clean 0.0277  adv 0.1050  spec 0.0034)
  Ep4 step 2250/2667 | loss 0.0710 (clean 0.0312  adv 0.2629  spec 0.0028)
  Ep4 step 2300/2667 | loss 0.0726 (clean 0.0476  adv 0.1647  spec 0.0024)
  Ep4 step 2350/2667 | loss 0.0582 (clean 0.0243  adv 0.2231  spec 0.0038)
  Ep4 step 2400/2667 | loss 0.0646 (clean 0.0295  adv 0.2322  spec 0.0030)
  Ep4 step 2450/2667 | loss 0.0840 (clean 0.0571  adv 0.1765  spec 0.0040)
  Ep4 step 2500/2667 | loss 0.1257 (clean 0.0971  adv 0.1888  spec 0.0023)
  Ep4 step 2550/2667 | loss 0.1028 (clean 0.0753  adv 0.1815  spec 0.0025)
  Ep4 step 2600/2667 | loss 0.0911 (clean 0.0440  adv 0.3112  spec 0.0044)
  Ep4 step 2650/2667 | loss 0.0904 (clean 0.0647  adv 0.1696  spec 0.0036)
Ep 04/6 | Loss 0.0794 | AUC 0.9656 | Acc 0.8276 | F1 0.8609
  Ep5 step 50/2667 | loss 0.0985 (clean 0.0700  adv 0.1882  spec 0.0026)
  Ep5 step 100/2667 | loss 0.0689 (clean 0.0254  adv 0.2880  spec 0.0032)
  Ep5 step 150/2667 | loss 0.0688 (clean 0.0362  adv 0.2141  spec 0.0045)
  Ep5 step 200/2667 | loss 0.0756 (clean 0.0355  adv 0.2649  spec 0.0042)
  Ep5 step 250/2667 | loss 0.0539 (clean 0.0361  adv 0.1159  spec 0.0038)
  Ep5 step 300/2667 | loss 0.0497 (clean 0.0338  adv 0.1040  spec 0.0034)
  Ep5 step 350/2667 | loss 0.0594 (clean 0.0162  adv 0.2855  spec 0.0036)
  Ep5 step 400/2667 | loss 0.0738 (clean 0.0345  adv 0.2593  spec 0.0042)
  Ep5 step 450/2667 | loss 0.0899 (clean 0.0486  adv 0.2730  spec 0.0033)
  Ep5 step 500/2667 | loss 0.0564 (clean 0.0330  adv 0.1533  spec 0.0033)
  Ep5 step 550/2667 | loss 0.0722 (clean 0.0440  adv 0.1860  spec 0.0038)
  Ep5 step 600/2667 | loss 0.1017 (clean 0.0661  adv 0.2350  spec 0.0036)
  Ep5 step 650/2667 | loss 0.1482 (clean 0.1109  adv 0.2463  spec 0.0037)
  Ep5 step 700/2667 | loss 0.0773 (clean 0.0501  adv 0.1799  spec 0.0024)
  Ep5 step 750/2667 | loss 0.0349 (clean 0.0225  adv 0.0802  spec 0.0032)
  Ep5 step 800/2667 | loss 0.0942 (clean 0.0656  adv 0.1883  spec 0.0031)
  Ep5 step 850/2667 | loss 0.0601 (clean 0.0344  adv 0.1695  spec 0.0032)
  Ep5 step 900/2667 | loss 0.0454 (clean 0.0293  adv 0.1044  spec 0.0041)
  Ep5 step 950/2667 | loss 0.0678 (clean 0.0421  adv 0.1696  spec 0.0033)
  Ep5 step 1000/2667 | loss 0.0436 (clean 0.0292  adv 0.0942  spec 0.0026)
  Ep5 step 1050/2667 | loss 0.0703 (clean 0.0405  adv 0.1961  spec 0.0031)
  Ep5 step 1100/2667 | loss 0.0569 (clean 0.0307  adv 0.1720  spec 0.0040)
  Ep5 step 1150/2667 | loss 0.0521 (clean 0.0284  adv 0.1559  spec 0.0028)
  Ep5 step 1200/2667 | loss 0.0590 (clean 0.0403  adv 0.1221  spec 0.0035)
  Ep5 step 1250/2667 | loss 0.0897 (clean 0.0329  adv 0.3772  spec 0.0024)
  Ep5 step 1300/2667 | loss 0.0532 (clean 0.0363  adv 0.1105  spec 0.0030)
  Ep5 step 1350/2667 | loss 0.1012 (clean 0.0446  adv 0.3744  spec 0.0047)
  Ep5 step 1400/2667 | loss 0.0602 (clean 0.0483  adv 0.0774  spec 0.0027)
  Ep5 step 1450/2667 | loss 0.0424 (clean 0.0223  adv 0.1316  spec 0.0037)
  Ep5 step 1500/2667 | loss 0.0465 (clean 0.0296  adv 0.1092  spec 0.0052)
  Ep5 step 1550/2667 | loss 0.0701 (clean 0.0398  adv 0.1994  spec 0.0037)
  Ep5 step 1600/2667 | loss 0.0639 (clean 0.0346  adv 0.1929  spec 0.0033)
  Ep5 step 1650/2667 | loss 0.0810 (clean 0.0568  adv 0.1590  spec 0.0040)
  Ep5 step 1700/2667 | loss 0.0660 (clean 0.0300  adv 0.2380  spec 0.0036)
  Ep5 step 1750/2667 | loss 0.0677 (clean 0.0462  adv 0.1419  spec 0.0026)
  Ep5 step 1800/2667 | loss 0.0501 (clean 0.0298  adv 0.1331  spec 0.0032)
  Ep5 step 1850/2667 | loss 0.0560 (clean 0.0301  adv 0.1700  spec 0.0032)
  Ep5 step 1900/2667 | loss 0.0414 (clean 0.0281  adv 0.0865  spec 0.0028)
  Ep5 step 1950/2667 | loss 0.0818 (clean 0.0645  adv 0.1128  spec 0.0041)
  Ep5 step 2000/2667 | loss 0.0533 (clean 0.0301  adv 0.1523  spec 0.0026)
  Ep5 step 2050/2667 | loss 0.0738 (clean 0.0389  adv 0.2305  spec 0.0034)
  Ep5 step 2100/2667 | loss 0.0624 (clean 0.0336  adv 0.1891  spec 0.0035)
  Ep5 step 2150/2667 | loss 0.0562 (clean 0.0324  adv 0.1567  spec 0.0034)
  Ep5 step 2200/2667 | loss 0.0996 (clean 0.0538  adv 0.3030  spec 0.0033)
  Ep5 step 2250/2667 | loss 0.0849 (clean 0.0639  adv 0.1381  spec 0.0032)
  Ep5 step 2300/2667 | loss 0.0607 (clean 0.0409  adv 0.1293  spec 0.0034)
  Ep5 step 2350/2667 | loss 0.0794 (clean 0.0503  adv 0.1917  spec 0.0031)
  Ep5 step 2400/2667 | loss 0.0510 (clean 0.0261  adv 0.1641  spec 0.0034)
  Ep5 step 2450/2667 | loss 0.0538 (clean 0.0308  adv 0.1516  spec 0.0027)
  Ep5 step 2500/2667 | loss 0.0443 (clean 0.0259  adv 0.1205  spec 0.0031)
  Ep5 step 2550/2667 | loss 0.0835 (clean 0.0544  adv 0.1923  spec 0.0026)
  Ep5 step 2600/2667 | loss 0.0577 (clean 0.0341  adv 0.1553  spec 0.0030)
  Ep5 step 2650/2667 | loss 0.0684 (clean 0.0280  adv 0.2666  spec 0.0042)
Ep 05/6 | Loss 0.0754 | AUC 0.9655 | Acc 0.7956 | F1 0.8292

Early stopping at epoch 5.

Best Phase 3b Dev AUC : 0.9751

=================================================================
  PHASE 3b ROBUSTNESS EVALUATION
=================================================================
  Clean      — AUC 0.9751  Acc 0.8907  F1 0.9164
  FGSM       — AUC 0.2256  Acc 0.1631  F1 0.1309
  PGD-7      — AUC 0.0045  Acc 0.0073  F1 0.0000
  F-SAT      — AUC 0.7750  Acc 0.5772  F1 0.6203

Checkpoint : /home/rit/deepfake_project/audio/checkpoints/rawnet3_phase3b.pt
Metrics    : /home/rit/deepfake_project/audio/logs/phase3b_metrics.json
Log        : /home/rit/deepfake_project/audio/logs/phase3b_log.csv
