nohup: ignoring input
Disabling PyTorch because PyTorch >= 2.4 is required but found 2.2.2
PyTorch was not found. Models won't be available and only tokenizers, configuration and file/data utilities can be used.
Loaded Phase 2 checkpoint — Dev AUC 0.9889  Dev Acc 0.9415
All 59 param groups unfrozen for Phase 3

=================================================================
  AudioGuard RawNet3-FSAT — Phase 3 Adversarial Training
=================================================================
Device  : cuda  |  AMP: True
FGSM ε=0.003  PGD ε=0.005/3-step  F-SAT ε=0.01  adv_ratio=0.3

Scanning data (cap 80k orig, all hard)...
  for_dataset                                   real= 84,756  fake= 84,980
  realvsfake_voice                              real=     20  fake=     60
  wavefake                                      real= 13,100  fake=134,266
Mixed   : 80,000 total samples (for_dataset + realvsfake_voice + wavefake)
Split   : Train 64,002 | Dev 7,999 | Eval 7,999

=================================================================
  Training
=================================================================
  Ep1 step 50/1334 | loss 0.4967 (clean 0.1855 adv 3.1116)
  Ep1 step 100/1334 | loss 0.4679 (clean 0.1974 adv 2.7049)
  Ep1 step 150/1334 | loss 0.2672 (clean 0.0733 adv 1.9389)
  Ep1 step 200/1334 | loss 0.3189 (clean 0.1158 adv 2.0307)
  Ep1 step 250/1334 | loss 0.3481 (clean 0.1074 adv 2.4069)
  Ep1 step 300/1334 | loss 0.5770 (clean 0.3253 adv 2.5172)
  Ep1 step 350/1334 | loss 0.3659 (clean 0.2195 adv 1.4644)
  Ep1 step 400/1334 | loss 0.5250 (clean 0.3077 adv 2.1736)
  Ep1 step 450/1334 | loss 0.3596 (clean 0.1881 adv 1.7153)
  Ep1 step 500/1334 | loss 0.4174 (clean 0.2046 adv 2.1277)
  Ep1 step 550/1334 | loss 0.2323 (clean 0.1050 adv 1.2726)
  Ep1 step 600/1334 | loss 0.4797 (clean 0.2341 adv 2.4563)
  Ep1 step 650/1334 | loss 0.2737 (clean 0.1383 adv 1.3543)
  Ep1 step 700/1334 | loss 0.5647 (clean 0.3587 adv 2.0602)
  Ep1 step 750/1334 | loss 0.3238 (clean 0.1713 adv 1.5247)
  Ep1 step 800/1334 | loss 0.1837 (clean 0.0857 adv 0.9805)
  Ep1 step 850/1334 | loss 0.2973 (clean 0.1559 adv 1.4144)
  Ep1 step 900/1334 | loss 0.2777 (clean 0.1718 adv 1.0586)
  Ep1 step 950/1334 | loss 0.3550 (clean 0.2005 adv 1.5457)
  Ep1 step 1000/1334 | loss 0.2844 (clean 0.1577 adv 1.2673)
  Ep1 step 1050/1334 | loss 0.3095 (clean 0.2060 adv 1.0352)
  Ep1 step 1100/1334 | loss 0.2921 (clean 0.1688 adv 1.2324)
  Ep1 step 1150/1334 | loss 0.4326 (clean 0.2848 adv 1.4777)
  Ep1 step 1200/1334 | loss 0.3433 (clean 0.2139 adv 1.2947)
  Ep1 step 1250/1334 | loss 0.2616 (clean 0.1290 adv 1.3266)
  Ep1 step 1300/1334 | loss 0.3951 (clean 0.2528 adv 1.4232)
Ep 01/10 | Loss 0.3351 | AUC 0.9897 | Acc 0.9479 | F1 0.9622  ✓ saved
  Ep2 step 50/1334 | loss 0.5703 (clean 0.4323 adv 1.3806)
  Ep2 step 100/1334 | loss 0.2519 (clean 0.1505 adv 1.0135)
  Ep2 step 150/1334 | loss 0.1990 (clean 0.1338 adv 0.6522)
  Ep2 step 200/1334 | loss 0.3179 (clean 0.1990 adv 1.1893)
  Ep2 step 250/1334 | loss 0.2830 (clean 0.1610 adv 1.2197)
  Ep2 step 300/1334 | loss 0.3236 (clean 0.2103 adv 1.1337)
  Ep2 step 350/1334 | loss 0.1149 (clean 0.0763 adv 0.3857)
  Ep2 step 400/1334 | loss 0.5444 (clean 0.4308 adv 1.1363)
  Ep2 step 450/1334 | loss 0.1954 (clean 0.1195 adv 0.7589)
  Ep2 step 500/1334 | loss 0.2611 (clean 0.1293 adv 1.3180)
  Ep2 step 550/1334 | loss 0.2242 (clean 0.1460 adv 0.7818)
  Ep2 step 600/1334 | loss 0.2613 (clean 0.1516 adv 1.0966)
  Ep2 step 650/1334 | loss 0.1950 (clean 0.1081 adv 0.8690)
  Ep2 step 700/1334 | loss 0.1874 (clean 0.0975 adv 0.8986)
  Ep2 step 750/1334 | loss 0.2296 (clean 0.1207 adv 1.0890)
  Ep2 step 800/1334 | loss 0.3267 (clean 0.2159 adv 1.1085)
  Ep2 step 850/1334 | loss 0.2961 (clean 0.1861 adv 1.0994)
  Ep2 step 900/1334 | loss 0.2598 (clean 0.1697 adv 0.9013)
  Ep2 step 950/1334 | loss 0.2518 (clean 0.1679 adv 0.8386)
  Ep2 step 1000/1334 | loss 0.2127 (clean 0.1423 adv 0.7041)
  Ep2 step 1050/1334 | loss 0.5053 (clean 0.3673 adv 1.3807)
  Ep2 step 1100/1334 | loss 0.3116 (clean 0.2328 adv 0.7888)
  Ep2 step 1150/1334 | loss 0.3219 (clean 0.2506 adv 0.7137)
  Ep2 step 1200/1334 | loss 0.2027 (clean 0.1457 adv 0.5707)
  Ep2 step 1250/1334 | loss 0.3971 (clean 0.2892 adv 1.0792)
  Ep2 step 1300/1334 | loss 0.2486 (clean 0.1607 adv 0.8796)
Ep 02/10 | Loss 0.2801 | AUC 0.9900 | Acc 0.9509 | F1 0.9644  ✓ saved
  Ep3 step 50/1334 | loss 0.2987 (clean 0.1749 adv 1.2383)
  Ep3 step 100/1334 | loss 0.2645 (clean 0.1848 adv 0.7972)
  Ep3 step 150/1334 | loss 0.3432 (clean 0.1951 adv 1.4809)
  Ep3 step 200/1334 | loss 0.3161 (clean 0.2216 adv 0.9451)
  Ep3 step 250/1334 | loss 0.2642 (clean 0.1613 adv 1.0296)
  Ep3 step 300/1334 | loss 0.2429 (clean 0.1607 adv 0.8222)
  Ep3 step 350/1334 | loss 0.4565 (clean 0.3453 adv 1.1127)
  Ep3 step 400/1334 | loss 0.2501 (clean 0.1796 adv 0.7057)
  Ep3 step 450/1334 | loss 0.2287 (clean 0.1346 adv 0.9415)
  Ep3 step 500/1334 | loss 0.2954 (clean 0.1879 adv 1.0754)
  Ep3 step 550/1334 | loss 0.2983 (clean 0.1782 adv 1.2006)
  Ep3 step 600/1334 | loss 0.3779 (clean 0.2556 adv 1.2228)
  Ep3 step 650/1334 | loss 0.2136 (clean 0.1131 adv 1.0051)
  Ep3 step 700/1334 | loss 0.3046 (clean 0.2227 adv 0.8189)
  Ep3 step 750/1334 | loss 0.1912 (clean 0.0934 adv 0.9784)
  Ep3 step 800/1334 | loss 0.1897 (clean 0.1117 adv 0.7796)
  Ep3 step 850/1334 | loss 0.1864 (clean 0.0853 adv 1.0110)
  Ep3 step 900/1334 | loss 0.1663 (clean 0.0752 adv 0.9104)
  Ep3 step 950/1334 | loss 0.2123 (clean 0.1288 adv 0.8350)
  Ep3 step 1000/1334 | loss 0.1885 (clean 0.1415 adv 0.4705)
  Ep3 step 1050/1334 | loss 0.3819 (clean 0.2564 adv 1.2550)
  Ep3 step 1100/1334 | loss 0.2863 (clean 0.1926 adv 0.9369)
  Ep3 step 1150/1334 | loss 0.2545 (clean 0.1547 adv 0.9977)
  Ep3 step 1200/1334 | loss 0.2131 (clean 0.1406 adv 0.7249)
  Ep3 step 1250/1334 | loss 0.2793 (clean 0.2000 adv 0.7931)
  Ep3 step 1300/1334 | loss 0.2001 (clean 0.1151 adv 0.8503)
Ep 03/10 | Loss 0.2580 | AUC 0.9882 | Acc 0.9470 | F1 0.9617
  Ep4 step 50/1334 | loss 0.2204 (clean 0.1454 adv 0.7500)
  Ep4 step 100/1334 | loss 0.2864 (clean 0.1914 adv 0.9500)
  Ep4 step 150/1334 | loss 0.2607 (clean 0.1700 adv 0.9074)
  Ep4 step 200/1334 | loss 0.2054 (clean 0.1307 adv 0.7467)
  Ep4 step 250/1334 | loss 0.2915 (clean 0.2041 adv 0.8742)
  Ep4 step 300/1334 | loss 0.1793 (clean 0.1254 adv 0.5390)
  Ep4 step 350/1334 | loss 0.2117 (clean 0.1303 adv 0.8139)
  Ep4 step 400/1334 | loss 0.1456 (clean 0.0917 adv 0.5386)
  Ep4 step 450/1334 | loss 0.1673 (clean 0.1095 adv 0.5789)
  Ep4 step 500/1334 | loss 0.3286 (clean 0.2144 adv 1.1422)
  Ep4 step 550/1334 | loss 0.2229 (clean 0.1767 adv 0.4618)
  Ep4 step 600/1334 | loss 0.2108 (clean 0.1147 adv 0.9605)
  Ep4 step 650/1334 | loss 0.3672 (clean 0.2810 adv 0.8624)
  Ep4 step 700/1334 | loss 0.3295 (clean 0.2165 adv 1.1300)
  Ep4 step 750/1334 | loss 0.1268 (clean 0.0768 adv 0.4998)
  Ep4 step 800/1334 | loss 0.1335 (clean 0.0741 adv 0.5944)
  Ep4 step 850/1334 | loss 0.2648 (clean 0.1916 adv 0.7324)
  Ep4 step 900/1334 | loss 0.3310 (clean 0.2177 adv 1.1334)
  Ep4 step 950/1334 | loss 0.1993 (clean 0.1402 adv 0.5911)
  Ep4 step 1000/1334 | loss 0.2039 (clean 0.1259 adv 0.7796)
  Ep4 step 1050/1334 | loss 0.2423 (clean 0.1451 adv 0.9722)
  Ep4 step 1100/1334 | loss 0.2589 (clean 0.1432 adv 1.1568)
  Ep4 step 1150/1334 | loss 0.3087 (clean 0.2204 adv 0.8829)
  Ep4 step 1200/1334 | loss 0.3369 (clean 0.2189 adv 1.1806)
  Ep4 step 1250/1334 | loss 0.1878 (clean 0.1114 adv 0.7643)
  Ep4 step 1300/1334 | loss 0.2300 (clean 0.1523 adv 0.7772)
Ep 04/10 | Loss 0.2485 | AUC 0.9903 | Acc 0.9506 | F1 0.9640  ✓ saved
  Ep5 step 50/1334 | loss 0.2739 (clean 0.1652 adv 1.0875)
  Ep5 step 100/1334 | loss 0.2649 (clean 0.1681 adv 0.9683)
  Ep5 step 150/1334 | loss 0.1624 (clean 0.1090 adv 0.5342)
  Ep5 step 200/1334 | loss 0.2263 (clean 0.1366 adv 0.8972)
  Ep5 step 250/1334 | loss 0.1311 (clean 0.0757 adv 0.5536)
  Ep5 step 300/1334 | loss 0.1881 (clean 0.0884 adv 0.9961)
  Ep5 step 350/1334 | loss 0.2457 (clean 0.1769 adv 0.6879)
  Ep5 step 400/1334 | loss 0.2005 (clean 0.1379 adv 0.6262)
  Ep5 step 450/1334 | loss 0.1646 (clean 0.1026 adv 0.6200)
  Ep5 step 500/1334 | loss 0.2295 (clean 0.1344 adv 0.9511)
  Ep5 step 550/1334 | loss 0.1541 (clean 0.0943 adv 0.5985)
  Ep5 step 600/1334 | loss 0.2657 (clean 0.2075 adv 0.5811)
  Ep5 step 650/1334 | loss 0.1434 (clean 0.0917 adv 0.5170)
  Ep5 step 700/1334 | loss 0.3455 (clean 0.2281 adv 1.1740)
  Ep5 step 750/1334 | loss 0.2557 (clean 0.1917 adv 0.6395)
  Ep5 step 800/1334 | loss 0.1378 (clean 0.0608 adv 0.7700)
  Ep5 step 850/1334 | loss 0.1714 (clean 0.1203 adv 0.5108)
  Ep5 step 900/1334 | loss 0.3555 (clean 0.2243 adv 1.3118)
  Ep5 step 950/1334 | loss 0.3222 (clean 0.2488 adv 0.7339)
  Ep5 step 1000/1334 | loss 0.1747 (clean 0.1022 adv 0.7255)
  Ep5 step 1050/1334 | loss 0.2095 (clean 0.1342 adv 0.7534)
  Ep5 step 1100/1334 | loss 0.1792 (clean 0.1081 adv 0.7106)
  Ep5 step 1150/1334 | loss 0.2362 (clean 0.1395 adv 0.9670)
  Ep5 step 1200/1334 | loss 0.4157 (clean 0.2925 adv 1.2321)
  Ep5 step 1250/1334 | loss 0.1921 (clean 0.1045 adv 0.8755)
  Ep5 step 1300/1334 | loss 0.2206 (clean 0.1478 adv 0.7283)
Ep 05/10 | Loss 0.2424 | AUC 0.9907 | Acc 0.9506 | F1 0.9640  ✓ saved
  Ep6 step 50/1334 | loss 0.2706 (clean 0.1780 adv 0.9256)
  Ep6 step 100/1334 | loss 0.2593 (clean 0.1465 adv 1.1272)
  Ep6 step 150/1334 | loss 0.3470 (clean 0.2124 adv 1.3468)
  Ep6 step 200/1334 | loss 0.3302 (clean 0.2241 adv 1.0609)
  Ep6 step 250/1334 | loss 0.1331 (clean 0.0828 adv 0.5025)
  Ep6 step 300/1334 | loss 0.4169 (clean 0.2627 adv 1.5421)
  Ep6 step 350/1334 | loss 0.1825 (clean 0.1100 adv 0.7256)
  Ep6 step 400/1334 | loss 0.2944 (clean 0.2004 adv 0.9395)
  Ep6 step 450/1334 | loss 0.3183 (clean 0.2274 adv 0.9088)
  Ep6 step 500/1334 | loss 0.2466 (clean 0.1565 adv 0.9008)
  Ep6 step 550/1334 | loss 0.1272 (clean 0.0848 adv 0.4236)
  Ep6 step 600/1334 | loss 0.2510 (clean 0.1939 adv 0.5712)
  Ep6 step 650/1334 | loss 0.2828 (clean 0.1790 adv 1.0382)
  Ep6 step 700/1334 | loss 0.3340 (clean 0.2424 adv 0.9154)
  Ep6 step 750/1334 | loss 0.2807 (clean 0.1890 adv 0.9167)
  Ep6 step 800/1334 | loss 0.2544 (clean 0.1745 adv 0.8000)
  Ep6 step 850/1334 | loss 0.3016 (clean 0.2218 adv 0.7986)
  Ep6 step 900/1334 | loss 0.2121 (clean 0.1575 adv 0.5456)
  Ep6 step 950/1334 | loss 0.1753 (clean 0.0972 adv 0.7811)
  Ep6 step 1000/1334 | loss 0.2345 (clean 0.1481 adv 0.8641)
  Ep6 step 1050/1334 | loss 0.1006 (clean 0.0532 adv 0.4738)
  Ep6 step 1100/1334 | loss 0.2043 (clean 0.1483 adv 0.5595)
  Ep6 step 1150/1334 | loss 0.2898 (clean 0.1885 adv 1.0129)
  Ep6 step 1200/1334 | loss 0.2100 (clean 0.1483 adv 0.6177)
  Ep6 step 1250/1334 | loss 0.2535 (clean 0.1459 adv 1.0755)
  Ep6 step 1300/1334 | loss 0.2084 (clean 0.1299 adv 0.7845)
Ep 06/10 | Loss 0.2309 | AUC 0.9889 | Acc 0.9312 | F1 0.9486
  Ep7 step 50/1334 | loss 0.2962 (clean 0.1979 adv 0.9829)
  Ep7 step 100/1334 | loss 0.2464 (clean 0.1541 adv 0.9226)
  Ep7 step 150/1334 | loss 0.2815 (clean 0.1849 adv 0.9663)
  Ep7 step 200/1334 | loss 0.2611 (clean 0.1787 adv 0.8237)
  Ep7 step 250/1334 | loss 0.1791 (clean 0.1259 adv 0.5321)
  Ep7 step 300/1334 | loss 0.3472 (clean 0.2548 adv 0.9238)
  Ep7 step 350/1334 | loss 0.2509 (clean 0.1448 adv 1.0614)
  Ep7 step 400/1334 | loss 0.2357 (clean 0.1334 adv 1.0226)
  Ep7 step 450/1334 | loss 0.2021 (clean 0.1329 adv 0.6921)
  Ep7 step 500/1334 | loss 0.1969 (clean 0.1234 adv 0.7357)
  Ep7 step 550/1334 | loss 0.3056 (clean 0.1949 adv 1.1071)
  Ep7 step 600/1334 | loss 0.2571 (clean 0.1612 adv 0.9587)
  Ep7 step 650/1334 | loss 0.1473 (clean 0.0878 adv 0.5958)
  Ep7 step 700/1334 | loss 0.2914 (clean 0.2288 adv 0.6257)
  Ep7 step 750/1334 | loss 0.1142 (clean 0.0737 adv 0.4050)
  Ep7 step 800/1334 | loss 0.2037 (clean 0.1224 adv 0.8134)
  Ep7 step 850/1334 | loss 0.2454 (clean 0.1585 adv 0.8692)
  Ep7 step 900/1334 | loss 0.1553 (clean 0.0994 adv 0.5586)
  Ep7 step 950/1334 | loss 0.1324 (clean 0.0786 adv 0.5386)
  Ep7 step 1000/1334 | loss 0.2351 (clean 0.1504 adv 0.8468)
  Ep7 step 1050/1334 | loss 0.1958 (clean 0.1243 adv 0.7152)
  Ep7 step 1100/1334 | loss 0.2202 (clean 0.1489 adv 0.7134)
  Ep7 step 1150/1334 | loss 0.3123 (clean 0.2445 adv 0.6778)
  Ep7 step 1200/1334 | loss 0.2822 (clean 0.2024 adv 0.7983)
  Ep7 step 1250/1334 | loss 0.1597 (clean 0.0939 adv 0.6583)
  Ep7 step 1300/1334 | loss 0.1980 (clean 0.1223 adv 0.7571)
Ep 07/10 | Loss 0.2267 | AUC 0.9912 | Acc 0.9530 | F1 0.9658  ✓ saved
  Ep8 step 50/1334 | loss 0.1878 (clean 0.1344 adv 0.5337)
  Ep8 step 100/1334 | loss 0.2286 (clean 0.1450 adv 0.8360)
  Ep8 step 150/1334 | loss 0.2258 (clean 0.1474 adv 0.7842)
  Ep8 step 200/1334 | loss 0.2454 (clean 0.1754 adv 0.6994)
  Ep8 step 250/1334 | loss 0.1649 (clean 0.1129 adv 0.5201)
  Ep8 step 300/1334 | loss 0.2177 (clean 0.1190 adv 0.9867)
  Ep8 step 350/1334 | loss 0.2299 (clean 0.1306 adv 0.9931)
  Ep8 step 400/1334 | loss 0.2194 (clean 0.1460 adv 0.7336)
  Ep8 step 450/1334 | loss 0.1593 (clean 0.0734 adv 0.8583)
  Ep8 step 500/1334 | loss 0.1934 (clean 0.1146 adv 0.7884)
  Ep8 step 550/1334 | loss 0.1933 (clean 0.1347 adv 0.5863)
  Ep8 step 600/1334 | loss 0.2393 (clean 0.1464 adv 0.9291)
  Ep8 step 650/1334 | loss 0.3087 (clean 0.2303 adv 0.7835)
  Ep8 step 700/1334 | loss 0.2860 (clean 0.2049 adv 0.8112)
  Ep8 step 750/1334 | loss 0.1979 (clean 0.1309 adv 0.6690)
  Ep8 step 800/1334 | loss 0.3498 (clean 0.2582 adv 0.9159)
  Ep8 step 850/1334 | loss 0.1554 (clean 0.0963 adv 0.5907)
  Ep8 step 900/1334 | loss 0.1469 (clean 0.0868 adv 0.6011)
  Ep8 step 950/1334 | loss 0.2402 (clean 0.1717 adv 0.6857)
  Ep8 step 1000/1334 | loss 0.1925 (clean 0.1226 adv 0.6990)
  Ep8 step 1050/1334 | loss 0.1150 (clean 0.0661 adv 0.4892)
  Ep8 step 1100/1334 | loss 0.1873 (clean 0.1394 adv 0.4785)
  Ep8 step 1150/1334 | loss 0.1135 (clean 0.0593 adv 0.5411)
  Ep8 step 1200/1334 | loss 0.2293 (clean 0.1427 adv 0.8657)
  Ep8 step 1250/1334 | loss 0.1852 (clean 0.1182 adv 0.6694)
  Ep8 step 1300/1334 | loss 0.1936 (clean 0.1215 adv 0.7210)
Ep 08/10 | Loss 0.2261 | AUC 0.9895 | Acc 0.9496 | F1 0.9642
  Ep9 step 50/1334 | loss 0.3927 (clean 0.3129 adv 0.7984)
  Ep9 step 100/1334 | loss 0.1498 (clean 0.0891 adv 0.6072)
  Ep9 step 150/1334 | loss 0.3005 (clean 0.2153 adv 0.8527)
  Ep9 step 200/1334 | loss 0.1752 (clean 0.0901 adv 0.8508)
  Ep9 step 250/1334 | loss 0.2550 (clean 0.1669 adv 0.8807)
  Ep9 step 300/1334 | loss 0.2108 (clean 0.1499 adv 0.6084)
  Ep9 step 350/1334 | loss 0.2008 (clean 0.1378 adv 0.6304)
  Ep9 step 400/1334 | loss 0.2280 (clean 0.1515 adv 0.7652)
  Ep9 step 450/1334 | loss 0.2300 (clean 0.1407 adv 0.8935)
  Ep9 step 500/1334 | loss 0.2983 (clean 0.2234 adv 0.7482)
  Ep9 step 550/1334 | loss 0.1714 (clean 0.1046 adv 0.6681)
  Ep9 step 600/1334 | loss 0.1648 (clean 0.0968 adv 0.6799)
  Ep9 step 650/1334 | loss 0.2412 (clean 0.1520 adv 0.8925)
  Ep9 step 700/1334 | loss 0.2240 (clean 0.1396 adv 0.8432)
  Ep9 step 750/1334 | loss 0.1821 (clean 0.1117 adv 0.7039)
  Ep9 step 800/1334 | loss 0.2306 (clean 0.1733 adv 0.5733)
  Ep9 step 850/1334 | loss 0.1437 (clean 0.0962 adv 0.4753)
  Ep9 step 900/1334 | loss 0.2615 (clean 0.1749 adv 0.8653)
  Ep9 step 950/1334 | loss 0.3066 (clean 0.2491 adv 0.5751)
  Ep9 step 1000/1334 | loss 0.2074 (clean 0.1216 adv 0.8570)
  Ep9 step 1050/1334 | loss 0.3053 (clean 0.2360 adv 0.6928)
  Ep9 step 1100/1334 | loss 0.1127 (clean 0.0721 adv 0.4063)
  Ep9 step 1150/1334 | loss 0.1679 (clean 0.1183 adv 0.4963)
  Ep9 step 1200/1334 | loss 0.2736 (clean 0.2021 adv 0.7156)
  Ep9 step 1250/1334 | loss 0.2472 (clean 0.1825 adv 0.6470)
  Ep9 step 1300/1334 | loss 0.2507 (clean 0.1615 adv 0.8919)
Ep 09/10 | Loss 0.2211 | AUC 0.9878 | Acc 0.9396 | F1 0.9554
  Ep10 step 50/1334 | loss 0.1746 (clean 0.1215 adv 0.5306)
  Ep10 step 100/1334 | loss 0.2286 (clean 0.1609 adv 0.6768)
  Ep10 step 150/1334 | loss 0.2038 (clean 0.1147 adv 0.8909)
  Ep10 step 200/1334 | loss 0.1567 (clean 0.1117 adv 0.4500)
  Ep10 step 250/1334 | loss 0.1835 (clean 0.1021 adv 0.8140)
  Ep10 step 300/1334 | loss 0.3419 (clean 0.2572 adv 0.8473)
  Ep10 step 350/1334 | loss 0.2705 (clean 0.1690 adv 1.0156)
  Ep10 step 400/1334 | loss 0.2637 (clean 0.1886 adv 0.7506)
  Ep10 step 450/1334 | loss 0.2751 (clean 0.1879 adv 0.8718)
  Ep10 step 500/1334 | loss 0.2148 (clean 0.1716 adv 0.4314)
  Ep10 step 550/1334 | loss 0.2540 (clean 0.1759 adv 0.7810)
  Ep10 step 600/1334 | loss 0.1778 (clean 0.1229 adv 0.5494)
  Ep10 step 650/1334 | loss 0.2337 (clean 0.1714 adv 0.6227)
  Ep10 step 700/1334 | loss 0.2433 (clean 0.1603 adv 0.8301)
  Ep10 step 750/1334 | loss 0.2726 (clean 0.1864 adv 0.8618)
  Ep10 step 800/1334 | loss 0.2114 (clean 0.1379 adv 0.7358)
  Ep10 step 850/1334 | loss 0.1742 (clean 0.1225 adv 0.5163)
  Ep10 step 900/1334 | loss 0.1733 (clean 0.0953 adv 0.7798)
  Ep10 step 950/1334 | loss 0.1956 (clean 0.0988 adv 0.9679)
  Ep10 step 1000/1334 | loss 0.2191 (clean 0.1419 adv 0.7715)
  Ep10 step 1050/1334 | loss 0.3853 (clean 0.2829 adv 1.0244)
  Ep10 step 1100/1334 | loss 0.1164 (clean 0.0735 adv 0.4294)
  Ep10 step 1150/1334 | loss 0.1899 (clean 0.1357 adv 0.5413)
  Ep10 step 1200/1334 | loss 0.1982 (clean 0.1052 adv 0.9305)
  Ep10 step 1250/1334 | loss 0.2118 (clean 0.1431 adv 0.6867)
  Ep10 step 1300/1334 | loss 0.2183 (clean 0.1394 adv 0.7893)
Ep 10/10 | Loss 0.2198 | AUC 0.9896 | Acc 0.9441 | F1 0.9589

Best Phase 3 Dev AUC : 0.9912

=================================================================
  PHASE 3 ROBUSTNESS EVALUATION
=================================================================
  Clean      — AUC 0.9919  Acc 0.9556  F1 0.9676
  FGSM       — AUC 0.3903  Acc 0.3523  F1 0.4101
  PGD-3      — AUC 0.1008  Acc 0.1536  F1 0.1705
  F-SAT      — AUC 0.8116  Acc 0.6911  F1 0.7521

Checkpoint : /home/rit/deepfake_project/audio/checkpoints/rawnet3_phase3.pt
Metrics    : /home/rit/deepfake_project/audio/logs/phase3_metrics.json
Log        : /home/rit/deepfake_project/audio/logs/phase3_log.csv
