/home/rit/miniconda/envs/ritaml/lib/python3.10/site-packages/albumentations/__init__.py:24: UserWarning: A new version of Albumentations is available: 2.0.8 (you have 1.4.24). Upgrade using: pip install -U albumentations. To disable automatic update checks, set the environment variable NO_ALBUMENTATIONS_UPDATE to 1.
  check_for_updates()
=================================================================
  ImageGuard v2 — Phase 2 Fine-Tune
=================================================================
Device     : cuda
GPU        : NVIDIA A40
LR         : 5e-05  (was 2e-4 in Phase 1)
Hard ratio : 30% hard + 70% original
Freeze     : bottom 60% of spatial backbone

Scanning original training data (sample)...
  ai_faces                            real=  2,162  fake=  1,920
  celebdf_frames                      real= 36,279  fake=214,198
  deepdetect                          real= 60,192  fake= 51,993
  deepfake_real_200k                  real= 95,201  fake= 95,134
  ff140k                              real= 70,000  fake= 70,000
  ff_frames                           real= 31,949  fake=159,601
  hard_fakes                          real=    589  fake=    700

Scanning hard/OOD datasets...
  ciplab_faces                        real=  2,162  fake=  1,920
  dfd                                 real=      0  fake=      0
  wilddeepfake                        real= 97,055  fake= 92,658

Original pool : 889,918
Hard pool     : 193,795

Mixed train   : 83,055 original + 193,795 hard = 276,850 total
Split         : Train 230,340 | Dev 23,255 | Eval 23,255

Loading Phase 1 checkpoint: /home/rit/deepfake_project/image/checkpoints/imageguard_v2_best.pt
Phase 1 Dev AUC was: 0.9939
Frozen 249/562 param groups (bottom 60% of spatial backbone)

=================================================================
  Phase 2 Fine-Tuning
=================================================================
Ep 01/7 | Loss 0.3635 | AUC 0.9802 | Acc 0.9297 | F1 0.9265  ✓ saved
Ep 02/7 | Loss 0.2262 | AUC 0.9938 | Acc 0.9637 | F1 0.9625  ✓ saved
Ep 03/7 | Loss 0.1829 | AUC 0.9966 | Acc 0.9729 | F1 0.9718  ✓ saved
Ep 04/7 | Loss 0.1590 | AUC 0.9979 | Acc 0.9808 | F1 0.9804  ✓ saved
Ep 05/7 | Loss 0.1442 | AUC 0.9983 | Acc 0.9834 | F1 0.9829  ✓ saved
Ep 06/7 | Loss 0.1350 | AUC 0.9986 | Acc 0.9851 | F1 0.9847  ✓ saved
Ep 07/7 | Loss 0.1354 | AUC 0.9986 | Acc 0.9850 | F1 0.9846  ✓ saved

Best Fine-Tune Dev AUC : 0.9986

=======================================================
  PHASE 2 FINAL EVAL RESULTS
=======================================================
  AUC       : 0.9986
  Accuracy  : 0.9844
  F1        : 0.9840
  Precision : 0.9862
  Recall    : 0.9818
=======================================================
              precision    recall  f1-score   support

        Real       0.98      0.99      0.98     11906
        Fake       0.99      0.98      0.98     11349

    accuracy                           0.98     23255
   macro avg       0.98      0.98      0.98     23255
weighted avg       0.98      0.98      0.98     23255


Fine-tuned checkpoint : /home/rit/deepfake_project/image/checkpoints/imageguard_v2_finetuned.pt
Metrics               : /home/rit/deepfake_project/image/logs/finetune_test_metrics.json
