nohup: ignoring input
Loading ImageGuard V2 checkpoint...
  Loaded perfectly — strict match
  Dev AUC at load: 0.9992388430666125
  Forward pass sanity check passed — output shape torch.Size([2])

Scanning /home/rit/deepfake_project/image/test_data ...
  Found 193,804 images — real=99,217  fake=94,587
  Split: Train 155,046 | Dev 19,379 | Eval 19,379

=================================================================
  ImageGuard — Phase 3b Hardened Adversarial Training
=================================================================
Device     : cuda  |  AMP: True
Backbone   : EfficientNet-B5 (spatial) + B2-lite (freq)
FGSM ε=0.01  PGD ε=0.02/10-step  adv_ratio=0.45
Starting from Dev AUC 0.9992 — small LR, conservative ε
  Ep1 step 100/4845 | loss 0.0237 (clean 0.0051  adv 0.0531)
  Ep1 step 200/4845 | loss 0.0303 (clean 0.0058  adv 0.0702)
  Ep1 step 300/4845 | loss 0.0426 (clean 0.0122  adv 0.0869)
  Ep1 step 400/4845 | loss 0.0374 (clean 0.0098  adv 0.0789)
  Ep1 step 500/4845 | loss 0.0325 (clean 0.0049  adv 0.0787)
  Ep1 step 600/4845 | loss 0.0445 (clean 0.0123  adv 0.0922)
  Ep1 step 700/4845 | loss 0.0281 (clean 0.0086  adv 0.0557)
  Ep1 step 800/4845 | loss 0.0320 (clean 0.0115  adv 0.0587)
  Ep1 step 900/4845 | loss 0.0289 (clean 0.0061  adv 0.0650)
  Ep1 step 1000/4845 | loss 0.0247 (clean 0.0073  adv 0.0495)
  Ep1 step 1100/4845 | loss 0.0223 (clean 0.0062  adv 0.0460)
  Ep1 step 1200/4845 | loss 0.0338 (clean 0.0065  adv 0.0781)
  Ep1 step 1300/4845 | loss 0.0269 (clean 0.0067  adv 0.0576)
  Ep1 step 1400/4845 | loss 0.0278 (clean 0.0089  adv 0.0541)
  Ep1 step 1500/4845 | loss 0.0306 (clean 0.0060  adv 0.0704)
  Ep1 step 1600/4845 | loss 0.0236 (clean 0.0062  adv 0.0497)
  Ep1 step 1700/4845 | loss 0.0316 (clean 0.0087  adv 0.0654)
  Ep1 step 1800/4845 | loss 0.0353 (clean 0.0133  adv 0.0628)
  Ep1 step 1900/4845 | loss 0.0309 (clean 0.0071  adv 0.0679)
  Ep1 step 2000/4845 | loss 0.0308 (clean 0.0108  adv 0.0572)
  Ep1 step 2100/4845 | loss 0.0283 (clean 0.0061  adv 0.0634)
  Ep1 step 2200/4845 | loss 0.0260 (clean 0.0049  adv 0.0603)
  Ep1 step 2300/4845 | loss 0.0286 (clean 0.0087  adv 0.0569)
  Ep1 step 2400/4845 | loss 0.0419 (clean 0.0101  adv 0.0908)
  Ep1 step 2500/4845 | loss 0.0308 (clean 0.0097  adv 0.0605)
  Ep1 step 2600/4845 | loss 0.0314 (clean 0.0083  adv 0.0660)
  Ep1 step 2700/4845 | loss 0.0292 (clean 0.0090  adv 0.0576)
  Ep1 step 2800/4845 | loss 0.0258 (clean 0.0063  adv 0.0558)
  Ep1 step 2900/4845 | loss 0.0325 (clean 0.0090  adv 0.0671)
  Ep1 step 3000/4845 | loss 0.0312 (clean 0.0062  adv 0.0713)
  Ep1 step 3100/4845 | loss 0.0350 (clean 0.0114  adv 0.0675)
  Ep1 step 3200/4845 | loss 0.0336 (clean 0.0067  adv 0.0769)
  Ep1 step 3300/4845 | loss 0.0380 (clean 0.0079  adv 0.0859)
  Ep1 step 3400/4845 | loss 0.0411 (clean 0.0096  adv 0.0900)
  Ep1 step 3500/4845 | loss 0.0378 (clean 0.0125  adv 0.0724)
  Ep1 step 3600/4845 | loss 0.0230 (clean 0.0057  adv 0.0492)
  Ep1 step 3700/4845 | loss 0.0239 (clean 0.0059  adv 0.0514)
  Ep1 step 3800/4845 | loss 0.0382 (clean 0.0146  adv 0.0676)
  Ep1 step 3900/4845 | loss 0.0202 (clean 0.0064  adv 0.0396)
  Ep1 step 4000/4845 | loss 0.0247 (clean 0.0063  adv 0.0524)
  Ep1 step 4100/4845 | loss 0.0221 (clean 0.0073  adv 0.0423)
  Ep1 step 4200/4845 | loss 0.0320 (clean 0.0112  adv 0.0596)
  Ep1 step 4300/4845 | loss 0.0244 (clean 0.0062  adv 0.0518)
  Ep1 step 4400/4845 | loss 0.0220 (clean 0.0061  adv 0.0454)
  Ep1 step 4500/4845 | loss 0.0272 (clean 0.0061  adv 0.0602)
  Ep1 step 4600/4845 | loss 0.0293 (clean 0.0044  adv 0.0709)
  Ep1 step 4700/4845 | loss 0.0353 (clean 0.0111  adv 0.0692)
  Ep1 step 4800/4845 | loss 0.0325 (clean 0.0063  adv 0.0749)
Ep 01/4 | Loss 0.0295 | AUC 0.9990 | Acc 0.9898 | F1 0.9895  ✓ saved
  Ep2 step 100/4845 | loss 0.0322 (clean 0.0091  adv 0.0661)
  Ep2 step 200/4845 | loss 0.0317 (clean 0.0059  adv 0.0739)
  Ep2 step 300/4845 | loss 0.0256 (clean 0.0057  adv 0.0569)
  Ep2 step 400/4845 | loss 0.0221 (clean 0.0058  adv 0.0466)
  Ep2 step 500/4845 | loss 0.0293 (clean 0.0064  adv 0.0655)
  Ep2 step 600/4845 | loss 0.0329 (clean 0.0079  adv 0.0713)
  Ep2 step 700/4845 | loss 0.0305 (clean 0.0072  adv 0.0666)
  Ep2 step 800/4845 | loss 0.0231 (clean 0.0053  adv 0.0509)
  Ep2 step 900/4845 | loss 0.0229 (clean 0.0091  adv 0.0394)
  Ep2 step 1000/4845 | loss 0.0301 (clean 0.0107  adv 0.0553)
  Ep2 step 1100/4845 | loss 0.0237 (clean 0.0057  adv 0.0514)
  Ep2 step 1200/4845 | loss 0.0311 (clean 0.0075  adv 0.0672)
  Ep2 step 1300/4845 | loss 0.0342 (clean 0.0152  adv 0.0544)
  Ep2 step 1400/4845 | loss 0.0349 (clean 0.0095  adv 0.0726)
  Ep2 step 1500/4845 | loss 0.0158 (clean 0.0060  adv 0.0281)
  Ep2 step 1600/4845 | loss 0.0242 (clean 0.0051  adv 0.0545)
  Ep2 step 1700/4845 | loss 0.0258 (clean 0.0073  adv 0.0530)
  Ep2 step 1800/4845 | loss 0.0235 (clean 0.0054  adv 0.0518)
  Ep2 step 1900/4845 | loss 0.0298 (clean 0.0081  adv 0.0619)
  Ep2 step 2000/4845 | loss 0.0325 (clean 0.0091  adv 0.0669)
  Ep2 step 2100/4845 | loss 0.0305 (clean 0.0054  adv 0.0715)
  Ep2 step 2200/4845 | loss 0.0252 (clean 0.0057  adv 0.0557)
  Ep2 step 2300/4845 | loss 0.0272 (clean 0.0049  adv 0.0636)
  Ep2 step 2400/4845 | loss 0.0221 (clean 0.0052  adv 0.0482)
  Ep2 step 2500/4845 | loss 0.0524 (clean 0.0216  adv 0.0881)
  Ep2 step 2600/4845 | loss 0.0302 (clean 0.0081  adv 0.0633)
  Ep2 step 2700/4845 | loss 0.0321 (clean 0.0100  adv 0.0631)
  Ep2 step 2800/4845 | loss 0.0416 (clean 0.0198  adv 0.0622)
  Ep2 step 2900/4845 | loss 0.0210 (clean 0.0057  adv 0.0438)
  Ep2 step 3000/4845 | loss 0.0236 (clean 0.0064  adv 0.0490)
  Ep2 step 3100/4845 | loss 0.0185 (clean 0.0042  adv 0.0409)
  Ep2 step 3200/4845 | loss 0.0268 (clean 0.0057  adv 0.0603)
  Ep2 step 3300/4845 | loss 0.0219 (clean 0.0051  adv 0.0481)
  Ep2 step 3400/4845 | loss 0.0199 (clean 0.0053  adv 0.0418)
  Ep2 step 3500/4845 | loss 0.0187 (clean 0.0066  adv 0.0346)
  Ep2 step 3600/4845 | loss 0.0227 (clean 0.0062  adv 0.0471)
  Ep2 step 3700/4845 | loss 0.0255 (clean 0.0058  adv 0.0563)
  Ep2 step 3800/4845 | loss 0.0344 (clean 0.0096  adv 0.0709)
  Ep2 step 3900/4845 | loss 0.0262 (clean 0.0052  adv 0.0600)
  Ep2 step 4000/4845 | loss 0.0279 (clean 0.0058  adv 0.0633)
  Ep2 step 4100/4845 | loss 0.0280 (clean 0.0063  adv 0.0620)
  Ep2 step 4200/4845 | loss 0.0198 (clean 0.0049  adv 0.0428)
  Ep2 step 4300/4845 | loss 0.0205 (clean 0.0060  adv 0.0415)
  Ep2 step 4400/4845 | loss 0.0166 (clean 0.0041  adv 0.0359)
  Ep2 step 4500/4845 | loss 0.0262 (clean 0.0043  adv 0.0626)
  Ep2 step 4600/4845 | loss 0.0511 (clean 0.0254  adv 0.0735)
  Ep2 step 4700/4845 | loss 0.0207 (clean 0.0043  adv 0.0469)
  Ep2 step 4800/4845 | loss 0.0288 (clean 0.0065  adv 0.0636)
Ep 02/4 | Loss 0.0265 | AUC 0.9991 | Acc 0.9913 | F1 0.9911  ✓ saved
  Ep3 step 100/4845 | loss 0.0241 (clean 0.0042  adv 0.0566)
  Ep3 step 200/4845 | loss 0.0180 (clean 0.0049  adv 0.0374)
  Ep3 step 300/4845 | loss 0.0334 (clean 0.0168  adv 0.0473)
  Ep3 step 400/4845 | loss 0.0261 (clean 0.0060  adv 0.0573)
  Ep3 step 500/4845 | loss 0.0227 (clean 0.0045  adv 0.0519)
  Ep3 step 600/4845 | loss 0.0223 (clean 0.0060  adv 0.0467)
  Ep3 step 700/4845 | loss 0.0283 (clean 0.0061  adv 0.0634)
  Ep3 step 800/4845 | loss 0.0235 (clean 0.0050  adv 0.0529)
  Ep3 step 900/4845 | loss 0.0225 (clean 0.0054  adv 0.0487)
  Ep3 step 1000/4845 | loss 0.0223 (clean 0.0053  adv 0.0487)
  Ep3 step 1100/4845 | loss 0.0295 (clean 0.0072  adv 0.0637)
  Ep3 step 1200/4845 | loss 0.0246 (clean 0.0046  adv 0.0571)
  Ep3 step 1300/4845 | loss 0.0201 (clean 0.0062  adv 0.0395)
  Ep3 step 1400/4845 | loss 0.0224 (clean 0.0059  adv 0.0473)
  Ep3 step 1500/4845 | loss 0.0227 (clean 0.0053  adv 0.0495)
  Ep3 step 1600/4845 | loss 0.0175 (clean 0.0056  adv 0.0341)
  Ep3 step 1700/4845 | loss 0.0238 (clean 0.0051  adv 0.0533)
  Ep3 step 1800/4845 | loss 0.0257 (clean 0.0078  adv 0.0512)
  Ep3 step 1900/4845 | loss 0.0243 (clean 0.0064  adv 0.0511)
  Ep3 step 2000/4845 | loss 0.0319 (clean 0.0125  adv 0.0556)
  Ep3 step 2100/4845 | loss 0.0192 (clean 0.0049  adv 0.0407)
  Ep3 step 2200/4845 | loss 0.0174 (clean 0.0045  adv 0.0370)
  Ep3 step 2300/4845 | loss 0.0200 (clean 0.0080  adv 0.0343)
  Ep3 step 2400/4845 | loss 0.0244 (clean 0.0060  adv 0.0527)
  Ep3 step 2500/4845 | loss 0.0350 (clean 0.0139  adv 0.0603)
  Ep3 step 2600/4845 | loss 0.0236 (clean 0.0052  adv 0.0528)
  Ep3 step 2700/4845 | loss 0.0202 (clean 0.0041  adv 0.0458)
  Ep3 step 2800/4845 | loss 0.0159 (clean 0.0037  adv 0.0348)
  Ep3 step 2900/4845 | loss 0.0238 (clean 0.0045  adv 0.0552)
  Ep3 step 3000/4845 | loss 0.0271 (clean 0.0051  adv 0.0629)
  Ep3 step 3100/4845 | loss 0.0166 (clean 0.0045  adv 0.0348)
  Ep3 step 3200/4845 | loss 0.0204 (clean 0.0051  adv 0.0437)
  Ep3 step 3300/4845 | loss 0.0220 (clean 0.0056  adv 0.0470)
  Ep3 step 3400/4845 | loss 0.0283 (clean 0.0047  adv 0.0675)
  Ep3 step 3500/4845 | loss 0.0150 (clean 0.0038  adv 0.0320)
  Ep3 step 3600/4845 | loss 0.0261 (clean 0.0082  adv 0.0512)
  Ep3 step 3700/4845 | loss 0.0163 (clean 0.0036  adv 0.0364)
  Ep3 step 3800/4845 | loss 0.0191 (clean 0.0041  adv 0.0430)
  Ep3 step 3900/4845 | loss 0.0271 (clean 0.0066  adv 0.0585)
  Ep3 step 4000/4845 | loss 0.0241 (clean 0.0040  adv 0.0575)
  Ep3 step 4100/4845 | loss 0.0225 (clean 0.0040  adv 0.0529)
  Ep3 step 4200/4845 | loss 0.0227 (clean 0.0068  adv 0.0455)
  Ep3 step 4300/4845 | loss 0.0154 (clean 0.0045  adv 0.0313)
  Ep3 step 4400/4845 | loss 0.0208 (clean 0.0054  adv 0.0440)
  Ep3 step 4500/4845 | loss 0.0267 (clean 0.0063  adv 0.0584)
  Ep3 step 4600/4845 | loss 0.0333 (clean 0.0131  adv 0.0577)
  Ep3 step 4700/4845 | loss 0.0279 (clean 0.0050  adv 0.0654)
  Ep3 step 4800/4845 | loss 0.0250 (clean 0.0064  adv 0.0532)
Ep 03/4 | Loss 0.0237 | AUC 0.9990 | Acc 0.9906 | F1 0.9903
  Ep4 step 100/4845 | loss 0.0255 (clean 0.0048  adv 0.0593)
  Ep4 step 200/4845 | loss 0.0271 (clean 0.0053  adv 0.0623)
  Ep4 step 300/4845 | loss 0.0247 (clean 0.0066  adv 0.0518)
  Ep4 step 400/4845 | loss 0.0221 (clean 0.0092  adv 0.0366)
  Ep4 step 500/4845 | loss 0.0160 (clean 0.0058  adv 0.0293)
  Ep4 step 600/4845 | loss 0.0291 (clean 0.0059  adv 0.0664)
  Ep4 step 700/4845 | loss 0.0186 (clean 0.0045  adv 0.0403)
  Ep4 step 800/4845 | loss 0.0227 (clean 0.0035  adv 0.0547)
  Ep4 step 900/4845 | loss 0.0228 (clean 0.0052  adv 0.0503)
  Ep4 step 1000/4845 | loss 0.0209 (clean 0.0064  adv 0.0415)
  Ep4 step 1100/4845 | loss 0.0189 (clean 0.0041  adv 0.0423)
  Ep4 step 1200/4845 | loss 0.0234 (clean 0.0045  adv 0.0539)
  Ep4 step 1300/4845 | loss 0.0228 (clean 0.0064  adv 0.0468)
  Ep4 step 1400/4845 | loss 0.0162 (clean 0.0053  adv 0.0313)
  Ep4 step 1500/4845 | loss 0.0179 (clean 0.0053  adv 0.0359)
  Ep4 step 1600/4845 | loss 0.0147 (clean 0.0037  adv 0.0313)
  Ep4 step 1700/4845 | loss 0.0430 (clean 0.0214  adv 0.0617)
  Ep4 step 1800/4845 | loss 0.0146 (clean 0.0030  adv 0.0330)
  Ep4 step 1900/4845 | loss 0.0273 (clean 0.0051  adv 0.0635)
  Ep4 step 2000/4845 | loss 0.0278 (clean 0.0073  adv 0.0584)
  Ep4 step 2100/4845 | loss 0.0158 (clean 0.0039  adv 0.0339)
  Ep4 step 2200/4845 | loss 0.0366 (clean 0.0131  adv 0.0673)
  Ep4 step 2300/4845 | loss 0.0260 (clean 0.0051  adv 0.0596)
  Ep4 step 2400/4845 | loss 0.0192 (clean 0.0038  adv 0.0440)
  Ep4 step 2500/4845 | loss 0.0160 (clean 0.0044  adv 0.0333)
  Ep4 step 2600/4845 | loss 0.0147 (clean 0.0035  adv 0.0319)
  Ep4 step 2700/4845 | loss 0.0255 (clean 0.0043  adv 0.0606)
  Ep4 step 2800/4845 | loss 0.0138 (clean 0.0052  adv 0.0246)
  Ep4 step 2900/4845 | loss 0.0228 (clean 0.0054  adv 0.0496)
  Ep4 step 3000/4845 | loss 0.0150 (clean 0.0037  adv 0.0322)
  Ep4 step 3100/4845 | loss 0.0200 (clean 0.0033  adv 0.0478)
  Ep4 step 3200/4845 | loss 0.0220 (clean 0.0057  adv 0.0466)
  Ep4 step 3300/4845 | loss 0.0261 (clean 0.0048  adv 0.0610)
  Ep4 step 3400/4845 | loss 0.0185 (clean 0.0035  adv 0.0428)
  Ep4 step 3500/4845 | loss 0.0177 (clean 0.0045  adv 0.0375)
  Ep4 step 3600/4845 | loss 0.0325 (clean 0.0053  adv 0.0776)
  Ep4 step 3700/4845 | loss 0.0352 (clean 0.0168  adv 0.0524)
  Ep4 step 3800/4845 | loss 0.0193 (clean 0.0058  adv 0.0388)
  Ep4 step 3900/4845 | loss 0.0175 (clean 0.0056  adv 0.0338)
  Ep4 step 4000/4845 | loss 0.0224 (clean 0.0047  adv 0.0504)
  Ep4 step 4100/4845 | loss 0.0240 (clean 0.0043  adv 0.0564)
  Ep4 step 4200/4845 | loss 0.0217 (clean 0.0054  adv 0.0464)
  Ep4 step 4300/4845 | loss 0.0170 (clean 0.0038  adv 0.0378)
  Ep4 step 4400/4845 | loss 0.0180 (clean 0.0053  adv 0.0363)
  Ep4 step 4500/4845 | loss 0.0253 (clean 0.0058  adv 0.0558)
  Ep4 step 4600/4845 | loss 0.0196 (clean 0.0040  adv 0.0444)
  Ep4 step 4700/4845 | loss 0.0208 (clean 0.0032  adv 0.0500)
  Ep4 step 4800/4845 | loss 0.0259 (clean 0.0060  adv 0.0567)
Ep 04/4 | Loss 0.0229 | AUC 0.9989 | Acc 0.9903 | F1 0.9900

Best Phase 3 Dev AUC : 0.9991

=================================================================
  PHASE 3 IMAGE ROBUSTNESS EVALUATION
=================================================================
  Clean  — AUC 0.9991  Acc 0.9915  F1 0.9913
  FGSM   — AUC 0.9331  Acc 0.8315  F1 0.8036
  PGD-10  — AUC 0.0960  Acc 0.2005  F1 0.0049

Checkpoint : /home/rit/deepfake_project/image/checkpoints/imageguard_phase3b.pt
Metrics    : /home/rit/deepfake_project/image/logs/phase3b_image_metrics.json
Log        : /home/rit/deepfake_project/image/logs/phase3b_image_log.csv
