nohup: ignoring input
Loading ImageGuard V2 checkpoint...
  Loaded perfectly — strict match
  Dev AUC at load: 0.9991989225680759
  Forward pass sanity check passed — output shape torch.Size([2])

Scanning /home/rit/deepfake_project/image/test_data ...
  Found 193,804 images — real=99,217  fake=94,587
  Split: Train 155,046 | Dev 19,379 | Eval 19,379

=================================================================
  ImageGuard — Phase 3 Adversarial Training
=================================================================
Device     : cuda  |  AMP: True
Backbone   : EfficientNet-B5 (spatial) + B2-lite (freq)
FGSM ε=0.008  PGD ε=0.015/5-step  adv_ratio=0.4
Starting from Dev AUC 0.9992 — small LR, conservative ε
  Ep1 step 100/4845 | loss 0.5922 (clean 0.0000  adv 1.6917)
  Ep1 step 200/4845 | loss 0.2747 (clean 0.0005  adv 0.7833)
  Ep1 step 300/4845 | loss 0.1320 (clean 0.0055  adv 0.3613)
  Ep1 step 400/4845 | loss 0.1142 (clean 0.0197  adv 0.2700)
  Ep1 step 500/4845 | loss 0.0650 (clean 0.0100  adv 0.1570)
  Ep1 step 600/4845 | loss 0.0814 (clean 0.0227  adv 0.1677)
  Ep1 step 700/4845 | loss 0.0542 (clean 0.0142  adv 0.1145)
  Ep1 step 800/4845 | loss 0.0542 (clean 0.0182  adv 0.1028)
  Ep1 step 900/4845 | loss 0.0487 (clean 0.0154  adv 0.0951)
  Ep1 step 1000/4845 | loss 0.0391 (clean 0.0132  adv 0.0740)
  Ep1 step 1100/4845 | loss 0.0404 (clean 0.0116  adv 0.0822)
  Ep1 step 1200/4845 | loss 0.0416 (clean 0.0127  adv 0.0826)
  Ep1 step 1300/4845 | loss 0.0434 (clean 0.0107  adv 0.0934)
  Ep1 step 1400/4845 | loss 0.0470 (clean 0.0153  adv 0.0905)
  Ep1 step 1500/4845 | loss 0.0315 (clean 0.0088  adv 0.0649)
  Ep1 step 1600/4845 | loss 0.0293 (clean 0.0098  adv 0.0557)
  Ep1 step 1700/4845 | loss 0.0466 (clean 0.0148  adv 0.0909)
  Ep1 step 1800/4845 | loss 0.0396 (clean 0.0170  adv 0.0647)
  Ep1 step 1900/4845 | loss 0.0364 (clean 0.0088  adv 0.0789)
  Ep1 step 2000/4845 | loss 0.0516 (clean 0.0231  adv 0.0816)
  Ep1 step 2100/4845 | loss 0.0191 (clean 0.0076  adv 0.0330)
  Ep1 step 2200/4845 | loss 0.0272 (clean 0.0066  adv 0.0590)
  Ep1 step 2300/4845 | loss 0.0342 (clean 0.0108  adv 0.0670)
  Ep1 step 2400/4845 | loss 0.0407 (clean 0.0110  adv 0.0848)
  Ep1 step 2500/4845 | loss 0.0333 (clean 0.0131  adv 0.0577)
  Ep1 step 2600/4845 | loss 0.0283 (clean 0.0082  adv 0.0575)
  Ep1 step 2700/4845 | loss 0.0327 (clean 0.0121  adv 0.0589)
  Ep1 step 2800/4845 | loss 0.0237 (clean 0.0069  adv 0.0482)
  Ep1 step 2900/4845 | loss 0.0309 (clean 0.0101  adv 0.0593)
  Ep1 step 3000/4845 | loss 0.0315 (clean 0.0074  adv 0.0688)
  Ep1 step 3100/4845 | loss 0.0313 (clean 0.0113  adv 0.0572)
  Ep1 step 3200/4845 | loss 0.0357 (clean 0.0067  adv 0.0828)
  Ep1 step 3300/4845 | loss 0.0333 (clean 0.0085  adv 0.0707)
  Ep1 step 3400/4845 | loss 0.0443 (clean 0.0109  adv 0.0954)
  Ep1 step 3500/4845 | loss 0.0290 (clean 0.0118  adv 0.0492)
  Ep1 step 3600/4845 | loss 0.0212 (clean 0.0050  adv 0.0462)
  Ep1 step 3700/4845 | loss 0.0248 (clean 0.0050  adv 0.0568)
  Ep1 step 3800/4845 | loss 0.0296 (clean 0.0179  adv 0.0335)
  Ep1 step 3900/4845 | loss 0.0188 (clean 0.0060  adv 0.0365)
  Ep1 step 4000/4845 | loss 0.0224 (clean 0.0064  adv 0.0458)
  Ep1 step 4100/4845 | loss 0.0205 (clean 0.0068  adv 0.0391)
  Ep1 step 4200/4845 | loss 0.0317 (clean 0.0131  adv 0.0533)
  Ep1 step 4300/4845 | loss 0.0217 (clean 0.0054  adv 0.0466)
  Ep1 step 4400/4845 | loss 0.0148 (clean 0.0049  adv 0.0284)
  Ep1 step 4500/4845 | loss 0.0239 (clean 0.0038  adv 0.0574)
  Ep1 step 4600/4845 | loss 0.0171 (clean 0.0045  adv 0.0359)
  Ep1 step 4700/4845 | loss 0.0418 (clean 0.0161  adv 0.0733)
  Ep1 step 4800/4845 | loss 0.0241 (clean 0.0054  adv 0.0535)
Ep 01/5 | Loss 0.0617 | AUC 0.9992 | Acc 0.9888 | F1 0.9884  ✓ saved
  Ep2 step 100/4845 | loss 0.0214 (clean 0.0071  adv 0.0406)
  Ep2 step 200/4845 | loss 0.0206 (clean 0.0035  adv 0.0489)
  Ep2 step 300/4845 | loss 0.0139 (clean 0.0039  adv 0.0287)
  Ep2 step 400/4845 | loss 0.0195 (clean 0.0033  adv 0.0464)
  Ep2 step 500/4845 | loss 0.0243 (clean 0.0040  adv 0.0579)
  Ep2 step 600/4845 | loss 0.0226 (clean 0.0060  adv 0.0476)
  Ep2 step 700/4845 | loss 0.0227 (clean 0.0046  adv 0.0516)
  Ep2 step 800/4845 | loss 0.0136 (clean 0.0041  adv 0.0272)
  Ep2 step 900/4845 | loss 0.0165 (clean 0.0040  adv 0.0356)
  Ep2 step 1000/4845 | loss 0.0238 (clean 0.0087  adv 0.0433)
  Ep2 step 1100/4845 | loss 0.0152 (clean 0.0034  adv 0.0338)
  Ep2 step 1200/4845 | loss 0.0238 (clean 0.0079  adv 0.0455)
  Ep2 step 1300/4845 | loss 0.0287 (clean 0.0120  adv 0.0479)
  Ep2 step 1400/4845 | loss 0.0314 (clean 0.0081  adv 0.0666)
  Ep2 step 1500/4845 | loss 0.0094 (clean 0.0032  adv 0.0177)
  Ep2 step 1600/4845 | loss 0.0216 (clean 0.0039  adv 0.0505)
  Ep2 step 1700/4845 | loss 0.0178 (clean 0.0052  adv 0.0360)
  Ep2 step 1800/4845 | loss 0.0156 (clean 0.0035  adv 0.0348)
  Ep2 step 1900/4845 | loss 0.0224 (clean 0.0084  adv 0.0400)
  Ep2 step 2000/4845 | loss 0.0213 (clean 0.0061  adv 0.0432)
  Ep2 step 2100/4845 | loss 0.0169 (clean 0.0035  adv 0.0385)
  Ep2 step 2200/4845 | loss 0.0197 (clean 0.0031  adv 0.0475)
  Ep2 step 2300/4845 | loss 0.0155 (clean 0.0035  adv 0.0343)
  Ep2 step 2400/4845 | loss 0.0188 (clean 0.0036  adv 0.0435)
  Ep2 step 2500/4845 | loss 0.0435 (clean 0.0202  adv 0.0667)
  Ep2 step 2600/4845 | loss 0.0145 (clean 0.0046  adv 0.0284)
  Ep2 step 2700/4845 | loss 0.0310 (clean 0.0098  adv 0.0604)
  Ep2 step 2800/4845 | loss 0.0340 (clean 0.0189  adv 0.0431)
  Ep2 step 2900/4845 | loss 0.0108 (clean 0.0032  adv 0.0219)
  Ep2 step 3000/4845 | loss 0.0234 (clean 0.0047  adv 0.0532)
  Ep2 step 3100/4845 | loss 0.0101 (clean 0.0021  adv 0.0228)
  Ep2 step 3200/4845 | loss 0.0133 (clean 0.0022  adv 0.0319)
  Ep2 step 3300/4845 | loss 0.0105 (clean 0.0020  adv 0.0242)
  Ep2 step 3400/4845 | loss 0.0163 (clean 0.0024  adv 0.0396)
  Ep2 step 3500/4845 | loss 0.0114 (clean 0.0035  adv 0.0225)
  Ep2 step 3600/4845 | loss 0.0170 (clean 0.0029  adv 0.0404)
  Ep2 step 3700/4845 | loss 0.0152 (clean 0.0038  adv 0.0327)
  Ep2 step 3800/4845 | loss 0.0195 (clean 0.0044  adv 0.0430)
  Ep2 step 3900/4845 | loss 0.0153 (clean 0.0028  adv 0.0356)
  Ep2 step 4000/4845 | loss 0.0188 (clean 0.0031  adv 0.0448)
  Ep2 step 4100/4845 | loss 0.0161 (clean 0.0034  adv 0.0364)
  Ep2 step 4200/4845 | loss 0.0105 (clean 0.0019  adv 0.0245)
  Ep2 step 4300/4845 | loss 0.0091 (clean 0.0018  adv 0.0209)
  Ep2 step 4400/4845 | loss 0.0167 (clean 0.0019  adv 0.0422)
  Ep2 step 4500/4845 | loss 0.0148 (clean 0.0028  adv 0.0341)
  Ep2 step 4600/4845 | loss 0.0405 (clean 0.0241  adv 0.0468)
  Ep2 step 4700/4845 | loss 0.0117 (clean 0.0018  adv 0.0284)
  Ep2 step 4800/4845 | loss 0.0155 (clean 0.0025  adv 0.0370)
Ep 02/5 | Loss 0.0186 | AUC 0.9994 | Acc 0.9924 | F1 0.9921  ✓ saved
  Ep3 step 100/4845 | loss 0.0101 (clean 0.0018  adv 0.0236)
  Ep3 step 200/4845 | loss 0.0102 (clean 0.0025  adv 0.0222)
  Ep3 step 300/4845 | loss 0.0254 (clean 0.0117  adv 0.0392)
  Ep3 step 400/4845 | loss 0.0153 (clean 0.0032  adv 0.0345)
  Ep3 step 500/4845 | loss 0.0085 (clean 0.0017  adv 0.0194)
  Ep3 step 600/4845 | loss 0.0120 (clean 0.0031  adv 0.0256)
  Ep3 step 700/4845 | loss 0.0168 (clean 0.0041  adv 0.0360)
  Ep3 step 800/4845 | loss 0.0131 (clean 0.0025  adv 0.0304)
  Ep3 step 900/4845 | loss 0.0108 (clean 0.0019  adv 0.0253)
  Ep3 step 1000/4845 | loss 0.0148 (clean 0.0023  adv 0.0357)
  Ep3 step 1100/4845 | loss 0.0177 (clean 0.0039  adv 0.0394)
  Ep3 step 1200/4845 | loss 0.0125 (clean 0.0018  adv 0.0305)
  Ep3 step 1300/4845 | loss 0.0069 (clean 0.0020  adv 0.0141)
  Ep3 step 1400/4845 | loss 0.0158 (clean 0.0028  adv 0.0371)
  Ep3 step 1500/4845 | loss 0.0132 (clean 0.0031  adv 0.0290)
  Ep3 step 1600/4845 | loss 0.0085 (clean 0.0021  adv 0.0183)
  Ep3 step 1700/4845 | loss 0.0162 (clean 0.0021  adv 0.0401)
  Ep3 step 1800/4845 | loss 0.0179 (clean 0.0042  adv 0.0392)
  Ep3 step 1900/4845 | loss 0.0098 (clean 0.0035  adv 0.0180)
  Ep3 step 2000/4845 | loss 0.0224 (clean 0.0102  adv 0.0348)
  Ep3 step 2100/4845 | loss 0.0109 (clean 0.0014  adv 0.0272)
  Ep3 step 2200/4845 | loss 0.0100 (clean 0.0020  adv 0.0231)
  Ep3 step 2300/4845 | loss 0.0170 (clean 0.0080  adv 0.0256)
  Ep3 step 2400/4845 | loss 0.0240 (clean 0.0029  adv 0.0605)
  Ep3 step 2500/4845 | loss 0.0209 (clean 0.0103  adv 0.0304)
  Ep3 step 2600/4845 | loss 0.0113 (clean 0.0025  adv 0.0250)
  Ep3 step 2700/4845 | loss 0.0106 (clean 0.0016  adv 0.0257)
  Ep3 step 2800/4845 | loss 0.0087 (clean 0.0021  adv 0.0190)
  Ep3 step 2900/4845 | loss 0.0138 (clean 0.0018  adv 0.0344)
  Ep3 step 3000/4845 | loss 0.0141 (clean 0.0021  adv 0.0342)
  Ep3 step 3100/4845 | loss 0.0101 (clean 0.0028  adv 0.0207)
  Ep3 step 3200/4845 | loss 0.0084 (clean 0.0022  adv 0.0178)
  Ep3 step 3300/4845 | loss 0.0089 (clean 0.0028  adv 0.0173)
  Ep3 step 3400/4845 | loss 0.0165 (clean 0.0028  adv 0.0392)
  Ep3 step 3500/4845 | loss 0.0072 (clean 0.0010  adv 0.0178)
  Ep3 step 3600/4845 | loss 0.0231 (clean 0.0066  adv 0.0471)
  Ep3 step 3700/4845 | loss 0.0053 (clean 0.0012  adv 0.0116)
  Ep3 step 3800/4845 | loss 0.0090 (clean 0.0016  adv 0.0213)
  Ep3 step 3900/4845 | loss 0.0173 (clean 0.0022  adv 0.0432)
  Ep3 step 4000/4845 | loss 0.0097 (clean 0.0014  adv 0.0237)
  Ep3 step 4100/4845 | loss 0.0119 (clean 0.0016  adv 0.0294)
  Ep3 step 4200/4845 | loss 0.0099 (clean 0.0033  adv 0.0190)
  Ep3 step 4300/4845 | loss 0.0086 (clean 0.0012  adv 0.0211)
  Ep3 step 4400/4845 | loss 0.0136 (clean 0.0027  adv 0.0310)
  Ep3 step 4500/4845 | loss 0.0143 (clean 0.0025  adv 0.0337)
  Ep3 step 4600/4845 | loss 0.0267 (clean 0.0081  adv 0.0533)
  Ep3 step 4700/4845 | loss 0.0172 (clean 0.0014  adv 0.0450)
  Ep3 step 4800/4845 | loss 0.0114 (clean 0.0036  adv 0.0224)
Ep 03/5 | Loss 0.0143 | AUC 0.9995 | Acc 0.9928 | F1 0.9926  ✓ saved
  Ep4 step 100/4845 | loss 0.0142 (clean 0.0027  adv 0.0328)
  Ep4 step 200/4845 | loss 0.0195 (clean 0.0025  adv 0.0487)
  Ep4 step 300/4845 | loss 0.0163 (clean 0.0026  adv 0.0393)
  Ep4 step 400/4845 | loss 0.0109 (clean 0.0037  adv 0.0208)
  Ep4 step 500/4845 | loss 0.0116 (clean 0.0023  adv 0.0267)
  Ep4 step 600/4845 | loss 0.0216 (clean 0.0036  adv 0.0517)
  Ep4 step 700/4845 | loss 0.0066 (clean 0.0020  adv 0.0131)
  Ep4 step 800/4845 | loss 0.0112 (clean 0.0013  adv 0.0281)
  Ep4 step 900/4845 | loss 0.0090 (clean 0.0019  adv 0.0203)
  Ep4 step 1000/4845 | loss 0.0162 (clean 0.0054  adv 0.0309)
  Ep4 step 1100/4845 | loss 0.0088 (clean 0.0014  adv 0.0212)
  Ep4 step 1200/4845 | loss 0.0078 (clean 0.0011  adv 0.0191)
  Ep4 step 1300/4845 | loss 0.0145 (clean 0.0025  adv 0.0343)
  Ep4 step 1400/4845 | loss 0.0088 (clean 0.0018  adv 0.0198)
  Ep4 step 1500/4845 | loss 0.0125 (clean 0.0013  adv 0.0319)
  Ep4 step 1600/4845 | loss 0.0100 (clean 0.0010  adv 0.0259)
  Ep4 step 1700/4845 | loss 0.0371 (clean 0.0188  adv 0.0523)
  Ep4 step 1800/4845 | loss 0.0104 (clean 0.0008  adv 0.0276)
  Ep4 step 1900/4845 | loss 0.0162 (clean 0.0024  adv 0.0392)
  Ep4 step 2000/4845 | loss 0.0290 (clean 0.0041  adv 0.0712)
  Ep4 step 2100/4845 | loss 0.0070 (clean 0.0009  adv 0.0176)
  Ep4 step 2200/4845 | loss 0.0302 (clean 0.0102  adv 0.0572)
  Ep4 step 2300/4845 | loss 0.0146 (clean 0.0026  adv 0.0342)
  Ep4 step 2400/4845 | loss 0.0088 (clean 0.0011  adv 0.0221)
  Ep4 step 2500/4845 | loss 0.0091 (clean 0.0016  adv 0.0215)
  Ep4 step 2600/4845 | loss 0.0087 (clean 0.0013  adv 0.0210)
  Ep4 step 2700/4845 | loss 0.0089 (clean 0.0018  adv 0.0205)
  Ep4 step 2800/4845 | loss 0.0066 (clean 0.0024  adv 0.0119)
  Ep4 step 2900/4845 | loss 0.0104 (clean 0.0030  adv 0.0212)
  Ep4 step 3000/4845 | loss 0.0078 (clean 0.0016  adv 0.0175)
  Ep4 step 3100/4845 | loss 0.0073 (clean 0.0011  adv 0.0177)
  Ep4 step 3200/4845 | loss 0.0131 (clean 0.0030  adv 0.0291)
  Ep4 step 3300/4845 | loss 0.0141 (clean 0.0015  adv 0.0359)
  Ep4 step 3400/4845 | loss 0.0140 (clean 0.0013  adv 0.0361)
  Ep4 step 3500/4845 | loss 0.0099 (clean 0.0014  adv 0.0244)
  Ep4 step 3600/4845 | loss 0.0123 (clean 0.0023  adv 0.0287)
  Ep4 step 3700/4845 | loss 0.0207 (clean 0.0087  adv 0.0341)
  Ep4 step 3800/4845 | loss 0.0086 (clean 0.0017  adv 0.0197)
  Ep4 step 3900/4845 | loss 0.0099 (clean 0.0025  adv 0.0213)
  Ep4 step 4000/4845 | loss 0.0100 (clean 0.0012  adv 0.0252)
  Ep4 step 4100/4845 | loss 0.0145 (clean 0.0013  adv 0.0380)
  Ep4 step 4200/4845 | loss 0.0171 (clean 0.0027  adv 0.0412)
  Ep4 step 4300/4845 | loss 0.0128 (clean 0.0013  adv 0.0330)
  Ep4 step 4400/4845 | loss 0.0090 (clean 0.0023  adv 0.0190)
  Ep4 step 4500/4845 | loss 0.0136 (clean 0.0020  adv 0.0329)
  Ep4 step 4600/4845 | loss 0.0157 (clean 0.0014  adv 0.0409)
  Ep4 step 4700/4845 | loss 0.0074 (clean 0.0012  adv 0.0178)
  Ep4 step 4800/4845 | loss 0.0186 (clean 0.0029  adv 0.0447)
Ep 04/5 | Loss 0.0130 | AUC 0.9995 | Acc 0.9923 | F1 0.9920
  Ep5 step 100/4845 | loss 0.0187 (clean 0.0046  adv 0.0406)
  Ep5 step 200/4845 | loss 0.0136 (clean 0.0012  adv 0.0356)
  Ep5 step 300/4845 | loss 0.0076 (clean 0.0008  adv 0.0192)
  Ep5 step 400/4845 | loss 0.0098 (clean 0.0026  adv 0.0206)
  Ep5 step 500/4845 | loss 0.0151 (clean 0.0016  adv 0.0385)
  Ep5 step 600/4845 | loss 0.0065 (clean 0.0010  adv 0.0158)
  Ep5 step 700/4845 | loss 0.0169 (clean 0.0031  adv 0.0395)
  Ep5 step 800/4845 | loss 0.0198 (clean 0.0076  adv 0.0348)
  Ep5 step 900/4845 | loss 0.0082 (clean 0.0007  adv 0.0214)
  Ep5 step 1000/4845 | loss 0.0132 (clean 0.0008  adv 0.0354)
  Ep5 step 1100/4845 | loss 0.0123 (clean 0.0056  adv 0.0192)
  Ep5 step 1200/4845 | loss 0.0118 (clean 0.0014  adv 0.0296)
  Ep5 step 1300/4845 | loss 0.0084 (clean 0.0011  adv 0.0208)
  Ep5 step 1400/4845 | loss 0.0218 (clean 0.0048  adv 0.0485)
  Ep5 step 1500/4845 | loss 0.0092 (clean 0.0017  adv 0.0215)
  Ep5 step 1600/4845 | loss 0.0102 (clean 0.0033  adv 0.0198)
  Ep5 step 1700/4845 | loss 0.0055 (clean 0.0007  adv 0.0136)
  Ep5 step 1800/4845 | loss 0.0074 (clean 0.0016  adv 0.0165)
  Ep5 step 1900/4845 | loss 0.0130 (clean 0.0012  adv 0.0338)
  Ep5 step 2000/4845 | loss 0.0093 (clean 0.0016  adv 0.0219)
  Ep5 step 2100/4845 | loss 0.0094 (clean 0.0021  adv 0.0209)
  Ep5 step 2200/4845 | loss 0.0081 (clean 0.0011  adv 0.0198)
  Ep5 step 2300/4845 | loss 0.0081 (clean 0.0009  adv 0.0206)
  Ep5 step 2400/4845 | loss 0.0091 (clean 0.0011  adv 0.0229)
  Ep5 step 2500/4845 | loss 0.0078 (clean 0.0018  adv 0.0172)
  Ep5 step 2600/4845 | loss 0.0319 (clean 0.0136  adv 0.0523)
  Ep5 step 2700/4845 | loss 0.0066 (clean 0.0008  adv 0.0167)
  Ep5 step 2800/4845 | loss 0.0095 (clean 0.0010  adv 0.0242)
  Ep5 step 2900/4845 | loss 0.0105 (clean 0.0014  adv 0.0259)
  Ep5 step 3000/4845 | loss 0.0118 (clean 0.0027  adv 0.0259)
  Ep5 step 3100/4845 | loss 0.0132 (clean 0.0043  adv 0.0253)
  Ep5 step 3200/4845 | loss 0.0189 (clean 0.0041  adv 0.0420)
  Ep5 step 3300/4845 | loss 0.0082 (clean 0.0026  adv 0.0160)
  Ep5 step 3400/4845 | loss 0.0132 (clean 0.0016  adv 0.0330)
  Ep5 step 3500/4845 | loss 0.0106 (clean 0.0007  adv 0.0283)
  Ep5 step 3600/4845 | loss 0.0228 (clean 0.0010  adv 0.0622)
  Ep5 step 3700/4845 | loss 0.0063 (clean 0.0015  adv 0.0136)
  Ep5 step 3800/4845 | loss 0.0152 (clean 0.0069  adv 0.0237)
  Ep5 step 3900/4845 | loss 0.0072 (clean 0.0015  adv 0.0163)
  Ep5 step 4000/4845 | loss 0.0069 (clean 0.0012  adv 0.0162)
  Ep5 step 4100/4845 | loss 0.0076 (clean 0.0008  adv 0.0196)
  Ep5 step 4200/4845 | loss 0.0127 (clean 0.0038  adv 0.0253)
  Ep5 step 4300/4845 | loss 0.0095 (clean 0.0007  adv 0.0250)
  Ep5 step 4400/4845 | loss 0.0118 (clean 0.0025  adv 0.0265)
  Ep5 step 4500/4845 | loss 0.0188 (clean 0.0036  adv 0.0436)
  Ep5 step 4600/4845 | loss 0.0162 (clean 0.0022  adv 0.0400)
  Ep5 step 4700/4845 | loss 0.0101 (clean 0.0015  adv 0.0247)
  Ep5 step 4800/4845 | loss 0.0085 (clean 0.0011  adv 0.0211)
Ep 05/5 | Loss 0.0124 | AUC 0.9995 | Acc 0.9937 | F1 0.9935  ✓ saved

Best Phase 3 Dev AUC : 0.9995

=================================================================
  PHASE 3 IMAGE ROBUSTNESS EVALUATION
=================================================================
  Clean  — AUC 0.9995  Acc 0.9930  F1 0.9928
  FGSM   — AUC 0.9588  Acc 0.8707  F1 0.8539
  PGD-5  — AUC 0.4498  Acc 0.4871  F1 0.2430

Checkpoint : /home/rit/deepfake_project/image/checkpoints/imageguard_phase3.pt
Metrics    : /home/rit/deepfake_project/image/logs/phase3_image_metrics.json
Log        : /home/rit/deepfake_project/image/logs/phase3_image_log.csv
